Archive member included to satisfy reference by file (symbol)

c:/users/ardelean calin/scoop/apps/eclipse-cpp/4.7.3/plugins/fr.ac6.mcu.externaltools.arm-none.win32_1.15.0.201708311556/tools/compiler/bin/../lib/gcc/arm-none-eabi/6.3.1/thumb/v7e-m/fpv4-sp/hard\libgcc.a(_arm_fixunsdfsi.o)
                              TracealyzerLib/trcSnapshotRecorder.o (__aeabi_d2uiz)
c:/users/ardelean calin/scoop/apps/eclipse-cpp/4.7.3/plugins/fr.ac6.mcu.externaltools.arm-none.win32_1.15.0.201708311556/tools/compiler/bin/../lib/gcc/arm-none-eabi/6.3.1/../../../../arm-none-eabi/lib/thumb/v7e-m/fpv4-sp/hard\libc_nano.a(lib_a-exit.o)
                              c:/users/ardelean calin/scoop/apps/eclipse-cpp/4.7.3/plugins/fr.ac6.mcu.externaltools.arm-none.win32_1.15.0.201708311556/tools/compiler/bin/../lib/gcc/arm-none-eabi/6.3.1/../../../../arm-none-eabi/lib/thumb/v7e-m/fpv4-sp/hard/crt0.o (exit)
c:/users/ardelean calin/scoop/apps/eclipse-cpp/4.7.3/plugins/fr.ac6.mcu.externaltools.arm-none.win32_1.15.0.201708311556/tools/compiler/bin/../lib/gcc/arm-none-eabi/6.3.1/../../../../arm-none-eabi/lib/thumb/v7e-m/fpv4-sp/hard\libc_nano.a(lib_a-impure.o)
                              c:/users/ardelean calin/scoop/apps/eclipse-cpp/4.7.3/plugins/fr.ac6.mcu.externaltools.arm-none.win32_1.15.0.201708311556/tools/compiler/bin/../lib/gcc/arm-none-eabi/6.3.1/../../../../arm-none-eabi/lib/thumb/v7e-m/fpv4-sp/hard\libc_nano.a(lib_a-exit.o) (_global_impure_ptr)
c:/users/ardelean calin/scoop/apps/eclipse-cpp/4.7.3/plugins/fr.ac6.mcu.externaltools.arm-none.win32_1.15.0.201708311556/tools/compiler/bin/../lib/gcc/arm-none-eabi/6.3.1/../../../../arm-none-eabi/lib/thumb/v7e-m/fpv4-sp/hard\libc_nano.a(lib_a-init.o)
                              c:/users/ardelean calin/scoop/apps/eclipse-cpp/4.7.3/plugins/fr.ac6.mcu.externaltools.arm-none.win32_1.15.0.201708311556/tools/compiler/bin/../lib/gcc/arm-none-eabi/6.3.1/../../../../arm-none-eabi/lib/thumb/v7e-m/fpv4-sp/hard/crt0.o (__libc_init_array)
c:/users/ardelean calin/scoop/apps/eclipse-cpp/4.7.3/plugins/fr.ac6.mcu.externaltools.arm-none.win32_1.15.0.201708311556/tools/compiler/bin/../lib/gcc/arm-none-eabi/6.3.1/../../../../arm-none-eabi/lib/thumb/v7e-m/fpv4-sp/hard\libc_nano.a(lib_a-memcpy-stub.o)
                              Middlewares/Third_Party/FreeRTOS/Source/queue.o (memcpy)
c:/users/ardelean calin/scoop/apps/eclipse-cpp/4.7.3/plugins/fr.ac6.mcu.externaltools.arm-none.win32_1.15.0.201708311556/tools/compiler/bin/../lib/gcc/arm-none-eabi/6.3.1/../../../../arm-none-eabi/lib/thumb/v7e-m/fpv4-sp/hard\libc_nano.a(lib_a-memset.o)
                              c:/users/ardelean calin/scoop/apps/eclipse-cpp/4.7.3/plugins/fr.ac6.mcu.externaltools.arm-none.win32_1.15.0.201708311556/tools/compiler/bin/../lib/gcc/arm-none-eabi/6.3.1/../../../../arm-none-eabi/lib/thumb/v7e-m/fpv4-sp/hard/crt0.o (memset)
c:/users/ardelean calin/scoop/apps/eclipse-cpp/4.7.3/plugins/fr.ac6.mcu.externaltools.arm-none.win32_1.15.0.201708311556/tools/compiler/bin/../lib/gcc/arm-none-eabi/6.3.1/../../../../arm-none-eabi/lib/thumb/v7e-m/fpv4-sp/hard\libc_nano.a(lib_a-strncmp.o)
                              TracealyzerLib/trcSnapshotRecorder.o (strncmp)
c:/users/ardelean calin/scoop/apps/eclipse-cpp/4.7.3/plugins/fr.ac6.mcu.externaltools.arm-none.win32_1.15.0.201708311556/tools/compiler/bin/../lib/gcc/arm-none-eabi/6.3.1/../../../../arm-none-eabi/lib/thumb/v7e-m/fpv4-sp/hard\libnosys.a(_exit.o)
                              c:/users/ardelean calin/scoop/apps/eclipse-cpp/4.7.3/plugins/fr.ac6.mcu.externaltools.arm-none.win32_1.15.0.201708311556/tools/compiler/bin/../lib/gcc/arm-none-eabi/6.3.1/../../../../arm-none-eabi/lib/thumb/v7e-m/fpv4-sp/hard\libc_nano.a(lib_a-exit.o) (_exit)

Allocating common symbols
Common symbol       size              file

hUsbDeviceFS        0x224             Src/usb_device.o
defaultTaskHandle   0x4               Src/main.o
cRingBufferIndex    0x1               Src/main.o
xCANReceiveBuffer   0x168             Src/main.o
hcan                0x44              Src/main.o
uwTick              0x4               Drivers/STM32F3xx_HAL_Driver/Src/stm32f3xx_hal.o
xQueueRegistry      0x40              Middlewares/Third_Party/FreeRTOS/Source/queue.o
RecorderData        0x17ec            TracealyzerLib/trcSnapshotRecorder.o
pFlash              0x20              Drivers/STM32F3xx_HAL_Driver/Src/stm32f3xx_hal_flash.o
UserRxBufferFS      0x3e8             Src/usbd_cdc_if.o
htim3               0x40              Src/stm32f3xx_hal_timebase_TIM.o
xUSBReceiveQueue    0x4               Src/main.o
xRxRingBuffer       0x6e              Src/main.o
UserTxBufferFS      0x3e8             Src/usbd_cdc_if.o
hpcd_USB_FS         0x3a8             Src/usbd_conf.o
xCANTransmitBuffer  0x118             Src/main.o
init_hwtc_count     0x4               TracealyzerLib/trcSnapshotRecorder.o
xCANTransmitQueue   0x4               Src/main.o
USBD_StrDesc        0x200             Src/usbd_desc.o

Discarded input sections

[...]
Memory Configuration

Name             Origin             Length             Attributes
RAM              0x20000000         0x00008000         xrw
CCMRAM           0x10000000         0x00002000         rw
FLASH            0x08000000         0x00020000         xr
*default*        0x00000000         0xffffffff

Linker script and memory map

LOAD c:/users/ardelean calin/scoop/apps/eclipse-cpp/4.7.3/plugins/fr.ac6.mcu.externaltools.arm-none.win32_1.15.0.201708311556/tools/compiler/bin/../lib/gcc/arm-none-eabi/6.3.1/thumb/v7e-m/fpv4-sp/hard/crti.o
LOAD c:/users/ardelean calin/scoop/apps/eclipse-cpp/4.7.3/plugins/fr.ac6.mcu.externaltools.arm-none.win32_1.15.0.201708311556/tools/compiler/bin/../lib/gcc/arm-none-eabi/6.3.1/thumb/v7e-m/fpv4-sp/hard/crtbegin.o
LOAD c:/users/ardelean calin/scoop/apps/eclipse-cpp/4.7.3/plugins/fr.ac6.mcu.externaltools.arm-none.win32_1.15.0.201708311556/tools/compiler/bin/../lib/gcc/arm-none-eabi/6.3.1/../../../../arm-none-eabi/lib/thumb/v7e-m/fpv4-sp/hard/crt0.o
LOAD Drivers/STM32F3xx_HAL_Driver/Src/stm32f3xx_hal.o
LOAD Drivers/STM32F3xx_HAL_Driver/Src/stm32f3xx_hal_can.o
LOAD Drivers/STM32F3xx_HAL_Driver/Src/stm32f3xx_hal_cortex.o
LOAD Drivers/STM32F3xx_HAL_Driver/Src/stm32f3xx_hal_dma.o
LOAD Drivers/STM32F3xx_HAL_Driver/Src/stm32f3xx_hal_flash.o
LOAD Drivers/STM32F3xx_HAL_Driver/Src/stm32f3xx_hal_flash_ex.o
LOAD Drivers/STM32F3xx_HAL_Driver/Src/stm32f3xx_hal_gpio.o
LOAD Drivers/STM32F3xx_HAL_Driver/Src/stm32f3xx_hal_i2c.o
LOAD Drivers/STM32F3xx_HAL_Driver/Src/stm32f3xx_hal_i2c_ex.o
LOAD Drivers/STM32F3xx_HAL_Driver/Src/stm32f3xx_hal_pcd.o
LOAD Drivers/STM32F3xx_HAL_Driver/Src/stm32f3xx_hal_pcd_ex.o
LOAD Drivers/STM32F3xx_HAL_Driver/Src/stm32f3xx_hal_pwr.o
LOAD Drivers/STM32F3xx_HAL_Driver/Src/stm32f3xx_hal_pwr_ex.o
LOAD Drivers/STM32F3xx_HAL_Driver/Src/stm32f3xx_hal_rcc.o
LOAD Drivers/STM32F3xx_HAL_Driver/Src/stm32f3xx_hal_rcc_ex.o
LOAD Drivers/STM32F3xx_HAL_Driver/Src/stm32f3xx_hal_tim.o
LOAD Drivers/STM32F3xx_HAL_Driver/Src/stm32f3xx_hal_tim_ex.o
LOAD Middlewares/ST/STM32_USB_Device_Library/Class/CDC/Src/usbd_cdc.o
LOAD Middlewares/ST/STM32_USB_Device_Library/Core/Src/usbd_core.o
LOAD Middlewares/ST/STM32_USB_Device_Library/Core/Src/usbd_ctlreq.o
LOAD Middlewares/ST/STM32_USB_Device_Library/Core/Src/usbd_ioreq.o
LOAD Middlewares/Third_Party/FreeRTOS/Source/CMSIS_RTOS/cmsis_os.o
LOAD Middlewares/Third_Party/FreeRTOS/Source/croutine.o
LOAD Middlewares/Third_Party/FreeRTOS/Source/event_groups.o
LOAD Middlewares/Third_Party/FreeRTOS/Source/list.o
LOAD Middlewares/Third_Party/FreeRTOS/Source/queue.o
LOAD Middlewares/Third_Party/FreeRTOS/Source/tasks.o
LOAD Middlewares/Third_Party/FreeRTOS/Source/timers.o
LOAD Middlewares/Third_Party/FreeRTOS/Source/portable/GCC/ARM_CM4F/port.o
LOAD Middlewares/Third_Party/FreeRTOS/Source/portable/MemMang/heap_4.o
LOAD Src/freertos.o
LOAD Src/main.o
LOAD Src/stm32f3xx_hal_msp.o
LOAD Src/stm32f3xx_hal_timebase_TIM.o
LOAD Src/stm32f3xx_it.o
LOAD Src/system_stm32f3xx.o
LOAD Src/usb_device.o
LOAD Src/usbd_cdc_if.o
LOAD Src/usbd_conf.o
LOAD Src/usbd_desc.o
LOAD TracealyzerLib/trcKernelPort.o
LOAD TracealyzerLib/trcSnapshotRecorder.o
LOAD TracealyzerLib/trcStreamingRecorder.o
LOAD startup/startup_stm32f303xc.o
LOAD c:/users/ardelean calin/scoop/apps/eclipse-cpp/4.7.3/plugins/fr.ac6.mcu.externaltools.arm-none.win32_1.15.0.201708311556/tools/compiler/bin/../lib/gcc/arm-none-eabi/6.3.1/../../../../arm-none-eabi/lib/thumb/v7e-m/fpv4-sp/hard\libm.a
START GROUP
LOAD c:/users/ardelean calin/scoop/apps/eclipse-cpp/4.7.3/plugins/fr.ac6.mcu.externaltools.arm-none.win32_1.15.0.201708311556/tools/compiler/bin/../lib/gcc/arm-none-eabi/6.3.1/thumb/v7e-m/fpv4-sp/hard\libgcc.a
LOAD c:/users/ardelean calin/scoop/apps/eclipse-cpp/4.7.3/plugins/fr.ac6.mcu.externaltools.arm-none.win32_1.15.0.201708311556/tools/compiler/bin/../lib/gcc/arm-none-eabi/6.3.1/../../../../arm-none-eabi/lib/thumb/v7e-m/fpv4-sp/hard\libc_nano.a
END GROUP
START GROUP
LOAD c:/users/ardelean calin/scoop/apps/eclipse-cpp/4.7.3/plugins/fr.ac6.mcu.externaltools.arm-none.win32_1.15.0.201708311556/tools/compiler/bin/../lib/gcc/arm-none-eabi/6.3.1/thumb/v7e-m/fpv4-sp/hard\libgcc.a
LOAD c:/users/ardelean calin/scoop/apps/eclipse-cpp/4.7.3/plugins/fr.ac6.mcu.externaltools.arm-none.win32_1.15.0.201708311556/tools/compiler/bin/../lib/gcc/arm-none-eabi/6.3.1/../../../../arm-none-eabi/lib/thumb/v7e-m/fpv4-sp/hard\libc_nano.a
LOAD c:/users/ardelean calin/scoop/apps/eclipse-cpp/4.7.3/plugins/fr.ac6.mcu.externaltools.arm-none.win32_1.15.0.201708311556/tools/compiler/bin/../lib/gcc/arm-none-eabi/6.3.1/../../../../arm-none-eabi/lib/thumb/v7e-m/fpv4-sp/hard\libnosys.a
END GROUP
START GROUP
LOAD c:/users/ardelean calin/scoop/apps/eclipse-cpp/4.7.3/plugins/fr.ac6.mcu.externaltools.arm-none.win32_1.15.0.201708311556/tools/compiler/bin/../lib/gcc/arm-none-eabi/6.3.1/thumb/v7e-m/fpv4-sp/hard\libgcc.a
LOAD c:/users/ardelean calin/scoop/apps/eclipse-cpp/4.7.3/plugins/fr.ac6.mcu.externaltools.arm-none.win32_1.15.0.201708311556/tools/compiler/bin/../lib/gcc/arm-none-eabi/6.3.1/../../../../arm-none-eabi/lib/thumb/v7e-m/fpv4-sp/hard\libc_nano.a
LOAD c:/users/ardelean calin/scoop/apps/eclipse-cpp/4.7.3/plugins/fr.ac6.mcu.externaltools.arm-none.win32_1.15.0.201708311556/tools/compiler/bin/../lib/gcc/arm-none-eabi/6.3.1/../../../../arm-none-eabi/lib/thumb/v7e-m/fpv4-sp/hard\libnosys.a
END GROUP
LOAD c:/users/ardelean calin/scoop/apps/eclipse-cpp/4.7.3/plugins/fr.ac6.mcu.externaltools.arm-none.win32_1.15.0.201708311556/tools/compiler/bin/../lib/gcc/arm-none-eabi/6.3.1/thumb/v7e-m/fpv4-sp/hard/crtend.o
LOAD c:/users/ardelean calin/scoop/apps/eclipse-cpp/4.7.3/plugins/fr.ac6.mcu.externaltools.arm-none.win32_1.15.0.201708311556/tools/compiler/bin/../lib/gcc/arm-none-eabi/6.3.1/thumb/v7e-m/fpv4-sp/hard/crtn.o
                0x20008000                _estack = 0x20008000
                0x00000200                _Min_Heap_Size = 0x200
                0x00000400                _Min_Stack_Size = 0x400

.isr_vector     0x08000000      0x188
                0x08000000                . = ALIGN (0x4)
 *(.isr_vector)
 .isr_vector    0x08000000      0x188 startup/startup_stm32f303xc.o
                0x08000000                g_pfnVectors
                0x08000188                . = ALIGN (0x4)

.text           0x08000190     0x6514
                0x08000190                . = ALIGN (0x4)
 *(.text)
 .text          0x08000190       0x6c c:/users/ardelean calin/scoop/apps/eclipse-cpp/4.7.3/plugins/fr.ac6.mcu.externaltools.arm-none.win32_1.15.0.201708311556/tools/compiler/bin/../lib/gcc/arm-none-eabi/6.3.1/thumb/v7e-m/fpv4-sp/hard/crtbegin.o
 *(.text*)
 .text.HAL_Init
                0x080001fc       0x24 Drivers/STM32F3xx_HAL_Driver/Src/stm32f3xx_hal.o
                0x080001fc                HAL_Init
 .text.HAL_IncTick
                0x08000220       0x18 Drivers/STM32F3xx_HAL_Driver/Src/stm32f3xx_hal.o
                0x08000220                HAL_IncTick
 .text.HAL_GetTick
                0x08000238        0xc Drivers/STM32F3xx_HAL_Driver/Src/stm32f3xx_hal.o
                0x08000238                HAL_GetTick
 .text.HAL_Delay
                0x08000244       0x28 Drivers/STM32F3xx_HAL_Driver/Src/stm32f3xx_hal.o
                0x08000244                HAL_Delay
 .text.HAL_CAN_ConfigFilter
                0x0800026c       0xfe Drivers/STM32F3xx_HAL_Driver/Src/stm32f3xx_hal_can.o
                0x0800026c                HAL_CAN_ConfigFilter
 .text.HAL_CAN_Init
                0x0800036a      0x180 Drivers/STM32F3xx_HAL_Driver/Src/stm32f3xx_hal_can.o
                0x0800036a                HAL_CAN_Init
 *fill*         0x080004ea        0x2 
 .text.HAL_CAN_Transmit
                0x080004ec      0x218 Drivers/STM32F3xx_HAL_Driver/Src/stm32f3xx_hal_can.o
                0x080004ec                HAL_CAN_Transmit
 .text.HAL_CAN_Receive_IT
                0x08000704      0x11a Drivers/STM32F3xx_HAL_Driver/Src/stm32f3xx_hal_can.o
                0x08000704                HAL_CAN_Receive_IT
 *fill*         0x0800081e        0x2 
 .text.HAL_NVIC_SetPriorityGrouping
                0x08000820       0x24 Drivers/STM32F3xx_HAL_Driver/Src/stm32f3xx_hal_cortex.o
                0x08000820                HAL_NVIC_SetPriorityGrouping
 .text.HAL_NVIC_SetPriority
                0x08000844       0x64 Drivers/STM32F3xx_HAL_Driver/Src/stm32f3xx_hal_cortex.o
                0x08000844                HAL_NVIC_SetPriority
 .text.HAL_NVIC_EnableIRQ
                0x080008a8       0x18 Drivers/STM32F3xx_HAL_Driver/Src/stm32f3xx_hal_cortex.o
                0x080008a8                HAL_NVIC_EnableIRQ
 .text.HAL_SYSTICK_Config
                0x080008c0       0x2c Drivers/STM32F3xx_HAL_Driver/Src/stm32f3xx_hal_cortex.o
                0x080008c0                HAL_SYSTICK_Config
 .text.HAL_SYSTICK_CLKSourceConfig
                0x080008ec       0x20 Drivers/STM32F3xx_HAL_Driver/Src/stm32f3xx_hal_cortex.o
                0x080008ec                HAL_SYSTICK_CLKSourceConfig
 .text.HAL_GPIO_Init
                0x0800090c      0x1a0 Drivers/STM32F3xx_HAL_Driver/Src/stm32f3xx_hal_gpio.o
                0x0800090c                HAL_GPIO_Init
 .text.HAL_GPIO_WritePin
                0x08000aac        0xa Drivers/STM32F3xx_HAL_Driver/Src/stm32f3xx_hal_gpio.o
                0x08000aac                HAL_GPIO_WritePin
 .text.HAL_PCD_Init
                0x08000ab6       0xa8 Drivers/STM32F3xx_HAL_Driver/Src/stm32f3xx_hal_pcd.o
                0x08000ab6                HAL_PCD_Init
 .text.HAL_PCD_Start
                0x08000b5e        0xc Drivers/STM32F3xx_HAL_Driver/Src/stm32f3xx_hal_pcd.o
                0x08000b5e                HAL_PCD_Start
 .text.HAL_PCD_SetAddress
                0x08000b6a       0x2c Drivers/STM32F3xx_HAL_Driver/Src/stm32f3xx_hal_pcd.o
                0x08000b6a                HAL_PCD_SetAddress
 .text.HAL_PCD_EP_Open
                0x08000b96      0x3b0 Drivers/STM32F3xx_HAL_Driver/Src/stm32f3xx_hal_pcd.o
                0x08000b96                HAL_PCD_EP_Open
 .text.HAL_PCD_EP_Close
                0x08000f46      0x22a Drivers/STM32F3xx_HAL_Driver/Src/stm32f3xx_hal_pcd.o
                0x08000f46                HAL_PCD_EP_Close
 .text.HAL_PCD_EP_Receive
                0x08001170      0x16a Drivers/STM32F3xx_HAL_Driver/Src/stm32f3xx_hal_pcd.o
                0x08001170                HAL_PCD_EP_Receive
 .text.HAL_PCD_EP_GetRxCount
                0x080012da       0x12 Drivers/STM32F3xx_HAL_Driver/Src/stm32f3xx_hal_pcd.o
                0x080012da                HAL_PCD_EP_GetRxCount
 .text.HAL_PCD_EP_Transmit
                0x080012ec      0x138 Drivers/STM32F3xx_HAL_Driver/Src/stm32f3xx_hal_pcd.o
                0x080012ec                HAL_PCD_EP_Transmit
 .text.PCD_EP_ISR_Handler
                0x08001424      0x4a4 Drivers/STM32F3xx_HAL_Driver/Src/stm32f3xx_hal_pcd.o
 .text.HAL_PCD_IRQHandler
                0x080018c8      0x11c Drivers/STM32F3xx_HAL_Driver/Src/stm32f3xx_hal_pcd.o
                0x080018c8                HAL_PCD_IRQHandler
 .text.HAL_PCD_EP_SetStall
                0x080019e4       0xc0 Drivers/STM32F3xx_HAL_Driver/Src/stm32f3xx_hal_pcd.o
                0x080019e4                HAL_PCD_EP_SetStall
 .text.HAL_PCD_EP_ClrStall
                0x08001aa4       0xea Drivers/STM32F3xx_HAL_Driver/Src/stm32f3xx_hal_pcd.o
                0x08001aa4                HAL_PCD_EP_ClrStall
 .text.HAL_PCDEx_PMAConfig
                0x08001b8e       0x40 Drivers/STM32F3xx_HAL_Driver/Src/stm32f3xx_hal_pcd_ex.o
                0x08001b8e                HAL_PCDEx_PMAConfig
 .text.PCD_WritePMA
                0x08001bce       0x2c Drivers/STM32F3xx_HAL_Driver/Src/stm32f3xx_hal_pcd_ex.o
                0x08001bce                PCD_WritePMA
 .text.PCD_ReadPMA
                0x08001bfa       0x32 Drivers/STM32F3xx_HAL_Driver/Src/stm32f3xx_hal_pcd_ex.o
                0x08001bfa                PCD_ReadPMA
 .text.HAL_RCC_OscConfig
                0x08001c2c      0x60c Drivers/STM32F3xx_HAL_Driver/Src/stm32f3xx_hal_rcc.o
                0x08001c2c                HAL_RCC_OscConfig
 .text.HAL_RCC_GetSysClockFreq
                0x08002238       0x7c Drivers/STM32F3xx_HAL_Driver/Src/stm32f3xx_hal_rcc.o
                0x08002238                HAL_RCC_GetSysClockFreq
 .text.HAL_RCC_ClockConfig
                0x080022b4      0x1d4 Drivers/STM32F3xx_HAL_Driver/Src/stm32f3xx_hal_rcc.o
                0x080022b4                HAL_RCC_ClockConfig
 .text.HAL_RCC_GetHCLKFreq
                0x08002488        0xc Drivers/STM32F3xx_HAL_Driver/Src/stm32f3xx_hal_rcc.o
                0x08002488                HAL_RCC_GetHCLKFreq
 .text.HAL_RCC_GetPCLK1Freq
                0x08002494       0x2c Drivers/STM32F3xx_HAL_Driver/Src/stm32f3xx_hal_rcc.o
                0x08002494                HAL_RCC_GetPCLK1Freq
 .text.HAL_RCC_GetClockConfig
                0x080024c0       0x3c Drivers/STM32F3xx_HAL_Driver/Src/stm32f3xx_hal_rcc.o
                0x080024c0                HAL_RCC_GetClockConfig
 .text.HAL_RCCEx_PeriphCLKConfig
                0x080024fc      0x268 Drivers/STM32F3xx_HAL_Driver/Src/stm32f3xx_hal_rcc_ex.o
                0x080024fc                HAL_RCCEx_PeriphCLKConfig
 .text.HAL_TIM_Base_MspInit
                0x08002764        0x2 Drivers/STM32F3xx_HAL_Driver/Src/stm32f3xx_hal_tim.o
                0x08002764                HAL_TIM_Base_MspInit
 .text.HAL_TIM_Base_Start_IT
                0x08002766       0x18 Drivers/STM32F3xx_HAL_Driver/Src/stm32f3xx_hal_tim.o
                0x08002766                HAL_TIM_Base_Start_IT
 .text.HAL_TIM_OC_DelayElapsedCallback
                0x0800277e        0x2 Drivers/STM32F3xx_HAL_Driver/Src/stm32f3xx_hal_tim.o
                0x0800277e                HAL_TIM_OC_DelayElapsedCallback
 .text.HAL_TIM_IC_CaptureCallback
                0x08002780        0x2 Drivers/STM32F3xx_HAL_Driver/Src/stm32f3xx_hal_tim.o
                0x08002780                HAL_TIM_IC_CaptureCallback
 .text.HAL_TIM_PWM_PulseFinishedCallback
                0x08002782        0x2 Drivers/STM32F3xx_HAL_Driver/Src/stm32f3xx_hal_tim.o
                0x08002782                HAL_TIM_PWM_PulseFinishedCallback
 .text.HAL_TIM_TriggerCallback
                0x08002784        0x2 Drivers/STM32F3xx_HAL_Driver/Src/stm32f3xx_hal_tim.o
                0x08002784                HAL_TIM_TriggerCallback
 .text.HAL_TIM_IRQHandler
                0x08002786      0x19a Drivers/STM32F3xx_HAL_Driver/Src/stm32f3xx_hal_tim.o
                0x08002786                HAL_TIM_IRQHandler
 .text.TIM_Base_SetConfig
                0x08002920       0xb8 Drivers/STM32F3xx_HAL_Driver/Src/stm32f3xx_hal_tim.o
                0x08002920                TIM_Base_SetConfig
 .text.HAL_TIM_Base_Init
                0x080029d8       0x32 Drivers/STM32F3xx_HAL_Driver/Src/stm32f3xx_hal_tim.o
                0x080029d8                HAL_TIM_Base_Init
 .text.HAL_TIMEx_CommutationCallback
                0x08002a0a        0x2 Drivers/STM32F3xx_HAL_Driver/Src/stm32f3xx_hal_tim_ex.o
                0x08002a0a                HAL_TIMEx_CommutationCallback
 .text.HAL_TIMEx_BreakCallback
                0x08002a0c        0x2 Drivers/STM32F3xx_HAL_Driver/Src/stm32f3xx_hal_tim_ex.o
                0x08002a0c                HAL_TIMEx_BreakCallback
 .text.HAL_TIMEx_Break2Callback
                0x08002a0e        0x2 Drivers/STM32F3xx_HAL_Driver/Src/stm32f3xx_hal_tim_ex.o
                0x08002a0e                HAL_TIMEx_Break2Callback
 .text.USBD_CDC_DataIn
                0x08002a10       0x12 Middlewares/ST/STM32_USB_Device_Library/Class/CDC/Src/usbd_cdc.o
 .text.USBD_CDC_EP0_RxReady
                0x08002a22       0x28 Middlewares/ST/STM32_USB_Device_Library/Class/CDC/Src/usbd_cdc.o
 *fill*         0x08002a4a        0x2 
 .text.USBD_CDC_GetFSCfgDesc
                0x08002a4c        0xc Middlewares/ST/STM32_USB_Device_Library/Class/CDC/Src/usbd_cdc.o
 .text.USBD_CDC_GetHSCfgDesc
                0x08002a58        0xc Middlewares/ST/STM32_USB_Device_Library/Class/CDC/Src/usbd_cdc.o
 .text.USBD_CDC_GetOtherSpeedCfgDesc
                0x08002a64        0xc Middlewares/ST/STM32_USB_Device_Library/Class/CDC/Src/usbd_cdc.o
 .text.USBD_CDC_GetDeviceQualifierDescriptor
                0x08002a70        0xc Middlewares/ST/STM32_USB_Device_Library/Class/CDC/Src/usbd_cdc.o
                0x08002a70                USBD_CDC_GetDeviceQualifierDescriptor
 .text.USBD_CDC_DataOut
                0x08002a7c       0x2e Middlewares/ST/STM32_USB_Device_Library/Class/CDC/Src/usbd_cdc.o
 *fill*         0x08002aaa        0x2 
 .text.USBD_CDC_Setup
                0x08002aac       0x74 Middlewares/ST/STM32_USB_Device_Library/Class/CDC/Src/usbd_cdc.o
 .text.USBD_CDC_DeInit
                0x08002b20       0x3a Middlewares/ST/STM32_USB_Device_Library/Class/CDC/Src/usbd_cdc.o
 .text.USBD_CDC_Init
                0x08002b5a       0x96 Middlewares/ST/STM32_USB_Device_Library/Class/CDC/Src/usbd_cdc.o
 .text.USBD_CDC_RegisterInterface
                0x08002bf0        0xe Middlewares/ST/STM32_USB_Device_Library/Class/CDC/Src/usbd_cdc.o
                0x08002bf0                USBD_CDC_RegisterInterface
 .text.USBD_CDC_SetTxBuffer
                0x08002bfe       0x10 Middlewares/ST/STM32_USB_Device_Library/Class/CDC/Src/usbd_cdc.o
                0x08002bfe                USBD_CDC_SetTxBuffer
 .text.USBD_CDC_SetRxBuffer
                0x08002c0e        0xc Middlewares/ST/STM32_USB_Device_Library/Class/CDC/Src/usbd_cdc.o
                0x08002c0e                USBD_CDC_SetRxBuffer
 .text.USBD_CDC_ReceivePacket
                0x08002c1a       0x32 Middlewares/ST/STM32_USB_Device_Library/Class/CDC/Src/usbd_cdc.o
                0x08002c1a                USBD_CDC_ReceivePacket
 .text.USBD_Init
                0x08002c4c       0x2e Middlewares/ST/STM32_USB_Device_Library/Core/Src/usbd_core.o
                0x08002c4c                USBD_Init
 .text.USBD_RegisterClass
                0x08002c7a        0xe Middlewares/ST/STM32_USB_Device_Library/Core/Src/usbd_core.o
                0x08002c7a                USBD_RegisterClass
 .text.USBD_Start
                0x08002c88        0xa Middlewares/ST/STM32_USB_Device_Library/Core/Src/usbd_core.o
                0x08002c88                USBD_Start
 .text.USBD_SetClassConfig
                0x08002c92       0x1a Middlewares/ST/STM32_USB_Device_Library/Core/Src/usbd_core.o
                0x08002c92                USBD_SetClassConfig
 .text.USBD_ClrClassConfig
                0x08002cac        0xe Middlewares/ST/STM32_USB_Device_Library/Core/Src/usbd_core.o
                0x08002cac                USBD_ClrClassConfig
 .text.USBD_LL_SetupStage
                0x08002cba       0x5a Middlewares/ST/STM32_USB_Device_Library/Core/Src/usbd_core.o
                0x08002cba                USBD_LL_SetupStage
 .text.USBD_LL_DataOutStage
                0x08002d14       0x6a Middlewares/ST/STM32_USB_Device_Library/Core/Src/usbd_core.o
                0x08002d14                USBD_LL_DataOutStage
 .text.USBD_LL_DataInStage
                0x08002d7e       0xb2 Middlewares/ST/STM32_USB_Device_Library/Core/Src/usbd_core.o
                0x08002d7e                USBD_LL_DataInStage
 .text.USBD_LL_Reset
                0x08002e30       0x3e Middlewares/ST/STM32_USB_Device_Library/Core/Src/usbd_core.o
                0x08002e30                USBD_LL_Reset
 .text.USBD_LL_SetSpeed
                0x08002e6e        0x6 Middlewares/ST/STM32_USB_Device_Library/Core/Src/usbd_core.o
                0x08002e6e                USBD_LL_SetSpeed
 .text.USBD_LL_Suspend
                0x08002e74       0x12 Middlewares/ST/STM32_USB_Device_Library/Core/Src/usbd_core.o
                0x08002e74                USBD_LL_Suspend
 .text.USBD_LL_Resume
                0x08002e86        0xc Middlewares/ST/STM32_USB_Device_Library/Core/Src/usbd_core.o
                0x08002e86                USBD_LL_Resume
 .text.USBD_LL_SOF
                0x08002e92       0x1c Middlewares/ST/STM32_USB_Device_Library/Core/Src/usbd_core.o
                0x08002e92                USBD_LL_SOF
 .text.USBD_GetLen
                0x08002eae       0x14 Middlewares/ST/STM32_USB_Device_Library/Core/Src/usbd_ctlreq.o
 .text.USBD_SetFeature
                0x08002ec2       0x20 Middlewares/ST/STM32_USB_Device_Library/Core/Src/usbd_ctlreq.o
 .text.USBD_ParseSetupRequest
                0x08002ee2       0x28 Middlewares/ST/STM32_USB_Device_Library/Core/Src/usbd_ctlreq.o
                0x08002ee2                USBD_ParseSetupRequest
 .text.USBD_CtlError
                0x08002f0a       0x14 Middlewares/ST/STM32_USB_Device_Library/Core/Src/usbd_ctlreq.o
                0x08002f0a                USBD_CtlError
 .text.USBD_GetDescriptor
                0x08002f1e      0x132 Middlewares/ST/STM32_USB_Device_Library/Core/Src/usbd_ctlreq.o
 .text.USBD_SetAddress
                0x08003050       0x4a Middlewares/ST/STM32_USB_Device_Library/Core/Src/usbd_ctlreq.o
 *fill*         0x0800309a        0x2 
 .text.USBD_SetConfig
                0x0800309c       0xa4 Middlewares/ST/STM32_USB_Device_Library/Core/Src/usbd_ctlreq.o
 .text.USBD_GetConfig
                0x08003140       0x3a Middlewares/ST/STM32_USB_Device_Library/Core/Src/usbd_ctlreq.o
 .text.USBD_GetStatus
                0x0800317a       0x2c Middlewares/ST/STM32_USB_Device_Library/Core/Src/usbd_ctlreq.o
 .text.USBD_ClrFeature
                0x080031a6       0x32 Middlewares/ST/STM32_USB_Device_Library/Core/Src/usbd_ctlreq.o
 .text.USBD_StdDevReq
                0x080031d8       0x48 Middlewares/ST/STM32_USB_Device_Library/Core/Src/usbd_ctlreq.o
                0x080031d8                USBD_StdDevReq
 .text.USBD_StdItfReq
                0x08003220       0x38 Middlewares/ST/STM32_USB_Device_Library/Core/Src/usbd_ctlreq.o
                0x08003220                USBD_StdItfReq
 .text.USBD_StdEPReq
                0x08003258      0x118 Middlewares/ST/STM32_USB_Device_Library/Core/Src/usbd_ctlreq.o
                0x08003258                USBD_StdEPReq
 .text.USBD_GetString
                0x08003370       0x3a Middlewares/ST/STM32_USB_Device_Library/Core/Src/usbd_ctlreq.o
                0x08003370                USBD_GetString
 .text.USBD_CtlSendData
                0x080033aa       0x1a Middlewares/ST/STM32_USB_Device_Library/Core/Src/usbd_ioreq.o
                0x080033aa                USBD_CtlSendData
 .text.USBD_CtlContinueSendData
                0x080033c4       0x10 Middlewares/ST/STM32_USB_Device_Library/Core/Src/usbd_ioreq.o
                0x080033c4                USBD_CtlContinueSendData
 .text.USBD_CtlPrepareRx
                0x080033d4       0x1e Middlewares/ST/STM32_USB_Device_Library/Core/Src/usbd_ioreq.o
                0x080033d4                USBD_CtlPrepareRx
 .text.USBD_CtlContinueRx
                0x080033f2       0x10 Middlewares/ST/STM32_USB_Device_Library/Core/Src/usbd_ioreq.o
                0x080033f2                USBD_CtlContinueRx
 .text.USBD_CtlSendStatus
                0x08003402       0x16 Middlewares/ST/STM32_USB_Device_Library/Core/Src/usbd_ioreq.o
                0x08003402                USBD_CtlSendStatus
 .text.USBD_CtlReceiveStatus
                0x08003418       0x16 Middlewares/ST/STM32_USB_Device_Library/Core/Src/usbd_ioreq.o
                0x08003418                USBD_CtlReceiveStatus
 .text.osSystickHandler
                0x0800342e       0x10 Middlewares/Third_Party/FreeRTOS/Source/CMSIS_RTOS/cmsis_os.o
                0x0800342e                osSystickHandler
 .text.vListInitialise
                0x0800343e       0x16 Middlewares/Third_Party/FreeRTOS/Source/list.o
                0x0800343e                vListInitialise
 .text.vListInitialiseItem
                0x08003454        0x6 Middlewares/Third_Party/FreeRTOS/Source/list.o
                0x08003454                vListInitialiseItem
 .text.vListInsertEnd
                0x0800345a       0x18 Middlewares/Third_Party/FreeRTOS/Source/list.o
                0x0800345a                vListInsertEnd
 .text.vListInsert
                0x08003472       0x34 Middlewares/Third_Party/FreeRTOS/Source/list.o
                0x08003472                vListInsert
 .text.uxListRemove
                0x080034a6       0x26 Middlewares/Third_Party/FreeRTOS/Source/list.o
                0x080034a6                uxListRemove
 .text.prvIsQueueFull
                0x080034cc       0x1e Middlewares/Third_Party/FreeRTOS/Source/queue.o
 .text.prvIsQueueEmpty
                0x080034ea       0x1a Middlewares/Third_Party/FreeRTOS/Source/queue.o
 .text.prvCopyDataToQueue
                0x08003504       0x56 Middlewares/Third_Party/FreeRTOS/Source/queue.o
 .text.prvCopyDataFromQueue
                0x0800355a       0x24 Middlewares/Third_Party/FreeRTOS/Source/queue.o
 .text.prvUnlockQueue
                0x0800357e       0x6e Middlewares/Third_Party/FreeRTOS/Source/queue.o
 .text.xQueueGenericReset
                0x080035ec       0x80 Middlewares/Third_Party/FreeRTOS/Source/queue.o
                0x080035ec                xQueueGenericReset
 .text.prvInitialiseNewQueue
                0x0800366c       0x98 Middlewares/Third_Party/FreeRTOS/Source/queue.o
 .text.xQueueGenericCreate
                0x08003704       0x48 Middlewares/Third_Party/FreeRTOS/Source/queue.o
                0x08003704                xQueueGenericCreate
 .text.xQueueGenericSend
                0x0800374c      0x324 Middlewares/Third_Party/FreeRTOS/Source/queue.o
                0x0800374c                xQueueGenericSend
 .text.xQueueGenericSendFromISR
                0x08003a70      0x1ac Middlewares/Third_Party/FreeRTOS/Source/queue.o
                0x08003a70                xQueueGenericSendFromISR
 .text.xQueueGenericReceive
                0x08003c1c      0x4b4 Middlewares/Third_Party/FreeRTOS/Source/queue.o
                0x08003c1c                xQueueGenericReceive
 .text.uxQueueGetQueueNumber
                0x080040d0        0x4 Middlewares/Third_Party/FreeRTOS/Source/queue.o
                0x080040d0                uxQueueGetQueueNumber
 .text.vQueueSetQueueNumber
                0x080040d4        0x4 Middlewares/Third_Party/FreeRTOS/Source/queue.o
                0x080040d4                vQueueSetQueueNumber
 .text.ucQueueGetQueueType
                0x080040d8        0x6 Middlewares/Third_Party/FreeRTOS/Source/queue.o
                0x080040d8                ucQueueGetQueueType
 *fill*         0x080040de        0x2 
 .text.prvIdleTask
                0x080040e0       0x24 Middlewares/Third_Party/FreeRTOS/Source/tasks.o
 .text.prvResetNextTaskUnblockTime
                0x08004104       0x34 Middlewares/Third_Party/FreeRTOS/Source/tasks.o
 .text.prvInitialiseNewTask
                0x08004138       0x8c Middlewares/Third_Party/FreeRTOS/Source/tasks.o
 .text.prvInitialiseTaskLists
                0x080041c4       0x50 Middlewares/Third_Party/FreeRTOS/Source/tasks.o
 .text.prvAddNewTaskToReadyList
                0x08004214      0x11c Middlewares/Third_Party/FreeRTOS/Source/tasks.o
 .text.prvAddCurrentTaskToDelayedList
                0x08004330       0x8c Middlewares/Third_Party/FreeRTOS/Source/tasks.o
 .text.xTaskCreate
                0x080043bc       0x62 Middlewares/Third_Party/FreeRTOS/Source/tasks.o
                0x080043bc                xTaskCreate
 *fill*         0x0800441e        0x2 
 .text.vTaskStartScheduler
                0x08004420       0x74 Middlewares/Third_Party/FreeRTOS/Source/tasks.o
                0x08004420                vTaskStartScheduler
 .text.vTaskSuspendAll
                0x08004494       0x14 Middlewares/Third_Party/FreeRTOS/Source/tasks.o
                0x08004494                vTaskSuspendAll
 .text.xTaskIncrementTick
                0x080044a8      0x188 Middlewares/Third_Party/FreeRTOS/Source/tasks.o
                0x080044a8                xTaskIncrementTick
 .text.xTaskResumeAll
                0x08004630      0x11c Middlewares/Third_Party/FreeRTOS/Source/tasks.o
                0x08004630                xTaskResumeAll
 .text.vTaskSwitchContext
                0x0800474c       0xb0 Middlewares/Third_Party/FreeRTOS/Source/tasks.o
                0x0800474c                vTaskSwitchContext
 .text.vTaskPlaceOnEventList
                0x080047fc       0x34 Middlewares/Third_Party/FreeRTOS/Source/tasks.o
                0x080047fc                vTaskPlaceOnEventList
 .text.xTaskRemoveFromEventList
                0x08004830       0xa8 Middlewares/Third_Party/FreeRTOS/Source/tasks.o
                0x08004830                xTaskRemoveFromEventList
 .text.vTaskSetTimeOutState
                0x080048d8       0x28 Middlewares/Third_Party/FreeRTOS/Source/tasks.o
                0x080048d8                vTaskSetTimeOutState
 .text.xTaskCheckForTimeOut
                0x08004900       0x80 Middlewares/Third_Party/FreeRTOS/Source/tasks.o
                0x08004900                xTaskCheckForTimeOut
 .text.vTaskMissedYield
                0x08004980       0x10 Middlewares/Third_Party/FreeRTOS/Source/tasks.o
                0x08004980                vTaskMissedYield
 .text.uxTaskGetTaskNumber
                0x08004990        0xa Middlewares/Third_Party/FreeRTOS/Source/tasks.o
                0x08004990                uxTaskGetTaskNumber
 .text.vTaskSetTaskNumber
                0x0800499a        0x6 Middlewares/Third_Party/FreeRTOS/Source/tasks.o
                0x0800499a                vTaskSetTaskNumber
 .text.xTaskGetCurrentTaskHandle
                0x080049a0        0xc Middlewares/Third_Party/FreeRTOS/Source/tasks.o
                0x080049a0                xTaskGetCurrentTaskHandle
 .text.xTaskGetSchedulerState
                0x080049ac       0x20 Middlewares/Third_Party/FreeRTOS/Source/tasks.o
                0x080049ac                xTaskGetSchedulerState
 .text.prvTaskExitError
                0x080049cc       0x34 Middlewares/Third_Party/FreeRTOS/Source/portable/GCC/ARM_CM4F/port.o
 .text.prvPortStartFirstTask
                0x08004a00       0x20 Middlewares/Third_Party/FreeRTOS/Source/portable/GCC/ARM_CM4F/port.o
 .text.vPortEnableVFP
                0x08004a20       0x14 Middlewares/Third_Party/FreeRTOS/Source/portable/GCC/ARM_CM4F/port.o
 .text.pxPortInitialiseStack
                0x08004a34       0x2c Middlewares/Third_Party/FreeRTOS/Source/portable/GCC/ARM_CM4F/port.o
                0x08004a34                pxPortInitialiseStack
 .text.SVC_Handler
                0x08004a60       0x24 Middlewares/Third_Party/FreeRTOS/Source/portable/GCC/ARM_CM4F/port.o
                0x08004a60                SVC_Handler
 .text.vPortEnterCritical
                0x08004a84       0x44 Middlewares/Third_Party/FreeRTOS/Source/portable/GCC/ARM_CM4F/port.o
                0x08004a84                vPortEnterCritical
 .text.vPortExitCritical
                0x08004ac8       0x2c Middlewares/Third_Party/FreeRTOS/Source/portable/GCC/ARM_CM4F/port.o
                0x08004ac8                vPortExitCritical
 *fill*         0x08004af4        0xc 
 .text.PendSV_Handler
                0x08004b00       0x64 Middlewares/Third_Party/FreeRTOS/Source/portable/GCC/ARM_CM4F/port.o
                0x08004b00                PendSV_Handler
 .text.xPortSysTickHandler
                0x08004b64       0x2c Middlewares/Third_Party/FreeRTOS/Source/portable/GCC/ARM_CM4F/port.o
                0x08004b64                xPortSysTickHandler
 .text.vPortSetupTimerInterrupt
                0x08004b90       0x2c Middlewares/Third_Party/FreeRTOS/Source/portable/GCC/ARM_CM4F/port.o
                0x08004b90                vPortSetupTimerInterrupt
 .text.xPortStartScheduler
                0x08004bbc       0xe8 Middlewares/Third_Party/FreeRTOS/Source/portable/GCC/ARM_CM4F/port.o
                0x08004bbc                xPortStartScheduler
 .text.vPortValidateInterruptPriority
                0x08004ca4       0x58 Middlewares/Third_Party/FreeRTOS/Source/portable/GCC/ARM_CM4F/port.o
                0x08004ca4                vPortValidateInterruptPriority
 .text.prvHeapInit
                0x08004cfc       0x54 Middlewares/Third_Party/FreeRTOS/Source/portable/MemMang/heap_4.o
 .text.prvInsertBlockIntoFreeList
                0x08004d50       0x58 Middlewares/Third_Party/FreeRTOS/Source/portable/MemMang/heap_4.o
 .text.pvPortMalloc
                0x08004da8      0x118 Middlewares/Third_Party/FreeRTOS/Source/portable/MemMang/heap_4.o
                0x08004da8                pvPortMalloc
 .text.vPortFree
                0x08004ec0       0x7c Middlewares/Third_Party/FreeRTOS/Source/portable/MemMang/heap_4.o
                0x08004ec0                vPortFree
 .text.MX_GPIO_Init
                0x08004f3c       0x44 Src/main.o
 .text.vCANReceiveTask
                0x08004f80       0x20 Src/main.o
                0x08004f80                vCANReceiveTask
 .text.vRxDecoderTask
                0x08004fa0       0x60 Src/main.o
                0x08004fa0                vRxDecoderTask
 .text.vCANTransmitTask
                0x08005000       0x30 Src/main.o
                0x08005000                vCANTransmitTask
 .text.USB_DEVICE_MasterHardReset
                0x08005030       0x38 Src/main.o
                0x08005030                USB_DEVICE_MasterHardReset
 .text.HAL_TIM_PeriodElapsedCallback
                0x08005068       0x18 Src/main.o
                0x08005068                HAL_TIM_PeriodElapsedCallback
 .text._Error_Handler
                0x08005080        0x2 Src/main.o
                0x08005080                _Error_Handler
 *fill*         0x08005082        0x2 
 .text.MX_CAN_Init
                0x08005084       0x94 Src/main.o
 .text.SystemClock_Config
                0x08005118       0xa4 Src/main.o
                0x08005118                SystemClock_Config
 .text.main     0x080051bc       0xa4 Src/main.o
                0x080051bc                main
 .text.HAL_MspInit
                0x08005260       0x90 Src/stm32f3xx_hal_msp.o
                0x08005260                HAL_MspInit
 .text.HAL_CAN_MspInit
                0x080052f0       0x50 Src/stm32f3xx_hal_msp.o
                0x080052f0                HAL_CAN_MspInit
 .text.HAL_InitTick
                0x08005340       0x7c Src/stm32f3xx_hal_timebase_TIM.o
                0x08005340                HAL_InitTick
 .text.NMI_Handler
                0x080053bc        0x2 Src/stm32f3xx_it.o
                0x080053bc                NMI_Handler
 .text.HardFault_Handler
                0x080053be        0x2 Src/stm32f3xx_it.o
                0x080053be                HardFault_Handler
 .text.MemManage_Handler
                0x080053c0        0x2 Src/stm32f3xx_it.o
                0x080053c0                MemManage_Handler
 .text.BusFault_Handler
                0x080053c2        0x2 Src/stm32f3xx_it.o
                0x080053c2                BusFault_Handler
 .text.UsageFault_Handler
                0x080053c4        0x2 Src/stm32f3xx_it.o
                0x080053c4                UsageFault_Handler
 .text.DebugMon_Handler
                0x080053c6        0x2 Src/stm32f3xx_it.o
                0x080053c6                DebugMon_Handler
 .text.SysTick_Handler
                0x080053c8        0x8 Src/stm32f3xx_it.o
                0x080053c8                SysTick_Handler
 .text.TIM3_IRQHandler
                0x080053d0       0x10 Src/stm32f3xx_it.o
                0x080053d0                TIM3_IRQHandler
 .text.USB_LP_IRQHandler
                0x080053e0       0x10 Src/stm32f3xx_it.o
                0x080053e0                USB_LP_IRQHandler
 .text.SystemInit
                0x080053f0       0x68 Src/system_stm32f3xx.o
                0x080053f0                SystemInit
 .text.MX_USB_DEVICE_Init
                0x08005458       0x38 Src/usb_device.o
                0x08005458                MX_USB_DEVICE_Init
 .text.CDC_DeInit_FS
                0x08005490        0x4 Src/usbd_cdc_if.o
 .text.CDC_Control_FS
                0x08005494        0x4 Src/usbd_cdc_if.o
 .text.CDC_Receive_FS
                0x08005498       0xb4 Src/usbd_cdc_if.o
 .text.CDC_Init_FS
                0x0800554c       0x28 Src/usbd_cdc_if.o
 .text.HAL_PCD_MspInit
                0x08005574       0x6c Src/usbd_conf.o
                0x08005574                HAL_PCD_MspInit
 .text.HAL_PCD_SetupStageCallback
                0x080055e0       0x10 Src/usbd_conf.o
                0x080055e0                HAL_PCD_SetupStageCallback
 .text.HAL_PCD_DataOutStageCallback
                0x080055f0       0x18 Src/usbd_conf.o
                0x080055f0                HAL_PCD_DataOutStageCallback
 .text.HAL_PCD_DataInStageCallback
                0x08005608       0x16 Src/usbd_conf.o
                0x08005608                HAL_PCD_DataInStageCallback
 .text.HAL_PCD_SOFCallback
                0x0800561e        0xc Src/usbd_conf.o
                0x0800561e                HAL_PCD_SOFCallback
 .text.HAL_PCD_ResetCallback
                0x0800562a       0x18 Src/usbd_conf.o
                0x0800562a                HAL_PCD_ResetCallback
 *fill*         0x08005642        0x2 
 .text.HAL_PCD_SuspendCallback
                0x08005644       0x20 Src/usbd_conf.o
                0x08005644                HAL_PCD_SuspendCallback
 .text.HAL_PCD_ResumeCallback
                0x08005664        0xc Src/usbd_conf.o
                0x08005664                HAL_PCD_ResumeCallback
 .text.USBD_LL_Init
                0x08005670       0x90 Src/usbd_conf.o
                0x08005670                USBD_LL_Init
 .text.USBD_LL_Start
                0x08005700       0x1c Src/usbd_conf.o
                0x08005700                USBD_LL_Start
 .text.USBD_LL_OpenEP
                0x0800571c       0x22 Src/usbd_conf.o
                0x0800571c                USBD_LL_OpenEP
 .text.USBD_LL_CloseEP
                0x0800573e       0x1c Src/usbd_conf.o
                0x0800573e                USBD_LL_CloseEP
 .text.USBD_LL_StallEP
                0x0800575a       0x1c Src/usbd_conf.o
                0x0800575a                USBD_LL_StallEP
 .text.USBD_LL_ClearStallEP
                0x08005776       0x1c Src/usbd_conf.o
                0x08005776                USBD_LL_ClearStallEP
 .text.USBD_LL_IsStallEP
                0x08005792       0x2e Src/usbd_conf.o
                0x08005792                USBD_LL_IsStallEP
 .text.USBD_LL_SetUSBAddress
                0x080057c0       0x1c Src/usbd_conf.o
                0x080057c0                USBD_LL_SetUSBAddress
 .text.USBD_LL_Transmit
                0x080057dc       0x1c Src/usbd_conf.o
                0x080057dc                USBD_LL_Transmit
 .text.USBD_LL_PrepareReceive
                0x080057f8       0x1c Src/usbd_conf.o
                0x080057f8                USBD_LL_PrepareReceive
 .text.USBD_LL_GetRxDataSize
                0x08005814        0xc Src/usbd_conf.o
                0x08005814                USBD_LL_GetRxDataSize
 .text.USBD_static_malloc
                0x08005820        0x8 Src/usbd_conf.o
                0x08005820                USBD_static_malloc
 .text.USBD_static_free
                0x08005828        0x2 Src/usbd_conf.o
                0x08005828                USBD_static_free
 .text.HAL_PCDEx_SetConnectionState
                0x0800582a        0x2 Src/usbd_conf.o
                0x0800582a                HAL_PCDEx_SetConnectionState
 .text.USBD_FS_DeviceDescriptor
                0x0800582c        0xc Src/usbd_desc.o
                0x0800582c                USBD_FS_DeviceDescriptor
 .text.USBD_FS_LangIDStrDescriptor
                0x08005838        0xc Src/usbd_desc.o
                0x08005838                USBD_FS_LangIDStrDescriptor
 .text.USBD_FS_ProductStrDescriptor
                0x08005844       0x24 Src/usbd_desc.o
                0x08005844                USBD_FS_ProductStrDescriptor
 .text.USBD_FS_ManufacturerStrDescriptor
                0x08005868       0x1c Src/usbd_desc.o
                0x08005868                USBD_FS_ManufacturerStrDescriptor
 .text.USBD_FS_SerialStrDescriptor
                0x08005884       0x24 Src/usbd_desc.o
                0x08005884                USBD_FS_SerialStrDescriptor
 .text.USBD_FS_ConfigStrDescriptor
                0x080058a8       0x24 Src/usbd_desc.o
                0x080058a8                USBD_FS_ConfigStrDescriptor
 .text.USBD_FS_InterfaceStrDescriptor
                0x080058cc       0x24 Src/usbd_desc.o
                0x080058cc                USBD_FS_InterfaceStrDescriptor
 .text.prvTraceGetQueueNumber
                0x080058f0        0x8 TracealyzerLib/trcKernelPort.o
                0x080058f0                prvTraceGetQueueNumber
 .text.prvTraceGetObjectType
                0x080058f8        0x8 TracealyzerLib/trcKernelPort.o
                0x080058f8                prvTraceGetObjectType
 .text.prvTraceGetTaskNumberLow16
                0x08005900        0xa TracealyzerLib/trcKernelPort.o
                0x08005900                prvTraceGetTaskNumberLow16
 .text.prvTraceGetTaskNumberHigh16
                0x0800590a        0xa TracealyzerLib/trcKernelPort.o
                0x0800590a                prvTraceGetTaskNumberHigh16
 .text.prvTraceSetTaskNumberHigh16
                0x08005914       0x18 TracealyzerLib/trcKernelPort.o
                0x08005914                prvTraceSetTaskNumberHigh16
 .text.prvTraceGetObjectNumberLow16
                0x0800592c        0xa TracealyzerLib/trcKernelPort.o
                0x0800592c                prvTraceGetObjectNumberLow16
 .text.prvTraceGetObjectNumberHigh16
                0x08005936        0xa TracealyzerLib/trcKernelPort.o
                0x08005936                prvTraceGetObjectNumberHigh16
 .text.prvTraceSetObjectNumberHigh16
                0x08005940       0x18 TracealyzerLib/trcKernelPort.o
                0x08005940                prvTraceSetObjectNumberHigh16
 .text.prvTraceGetCurrentTaskHandle
                0x08005958        0x8 TracealyzerLib/trcKernelPort.o
                0x08005958                prvTraceGetCurrentTaskHandle
 .text.vTraceInitObjectPropertyTable
                0x08005960       0xa8 TracealyzerLib/trcKernelPort.o
                0x08005960                vTraceInitObjectPropertyTable
 .text.vTraceInitObjectHandleStack
                0x08005a08       0x50 TracealyzerLib/trcKernelPort.o
                0x08005a08                vTraceInitObjectHandleStack
 .text.pszTraceGetErrorNotEnoughHandles
                0x08005a58       0x50 TracealyzerLib/trcKernelPort.o
                0x08005a58                pszTraceGetErrorNotEnoughHandles
 .text.prvStrncpy
                0x08005aa8       0x1e TracealyzerLib/trcSnapshotRecorder.o
 *fill*         0x08005ac6        0x2 
 .text.vTraceStop
                0x08005ac8       0x1c TracealyzerLib/trcSnapshotRecorder.o
                0x08005ac8                vTraceStop
 .text.prvTraceError
                0x08005ae4       0x3c TracealyzerLib/trcSnapshotRecorder.o
                0x08005ae4                prvTraceError
 .text.prvTraceNextFreeEventBufferSlot
                0x08005b20       0x34 TracealyzerLib/trcSnapshotRecorder.o
 .text.prvCheckDataToBeOverwrittenForMultiEntryEvents
                0x08005b54       0x88 TracealyzerLib/trcSnapshotRecorder.o
 .text.prvTraceUpdateCounters
                0x08005bdc       0x30 TracealyzerLib/trcSnapshotRecorder.o
 .text.prvTraceGetParam
                0x08005c0c       0x48 TracealyzerLib/trcSnapshotRecorder.o
 .text.uiIndexOfObject
                0x08005c54       0x50 TracealyzerLib/trcSnapshotRecorder.o
                0x08005c54                uiIndexOfObject
 .text.prvMarkObjectAsUsed
                0x08005ca4       0x20 TracealyzerLib/trcSnapshotRecorder.o
                0x08005ca4                prvMarkObjectAsUsed
 .text.prvTraceGetObjectState
                0x08005cc4       0x54 TracealyzerLib/trcSnapshotRecorder.o
 .text.prvTraceSetPriorityProperty
                0x08005d18       0x54 TracealyzerLib/trcSnapshotRecorder.o
                0x08005d18                prvTraceSetPriorityProperty
 .text.prvTraceSetObjectState
                0x08005d6c       0x50 TracealyzerLib/trcSnapshotRecorder.o
                0x08005d6c                prvTraceSetObjectState
 .text.prvTraceSetTaskInstanceFinished
                0x08005dbc       0x38 TracealyzerLib/trcSnapshotRecorder.o
                0x08005dbc                prvTraceSetTaskInstanceFinished
 .text.prvTraceGetObjectHandle
                0x08005df4       0x98 TracealyzerLib/trcSnapshotRecorder.o
                0x08005df4                prvTraceGetObjectHandle
 .text.prvTraceSetObjectName
                0x08005e8c       0x78 TracealyzerLib/trcSnapshotRecorder.o
                0x08005e8c                prvTraceSetObjectName
 .text.prvTraceInitCortexM
                0x08005f04       0x60 TracealyzerLib/trcSnapshotRecorder.o
                0x08005f04                prvTraceInitCortexM
 .text.prvTraceInitTraceData
                0x08005f64      0x15c TracealyzerLib/trcSnapshotRecorder.o
 .text.prvTracePortGetTimeStamp
                0x080060c0       0x58 TracealyzerLib/trcSnapshotRecorder.o
                0x080060c0                prvTracePortGetTimeStamp
 .text.prvTraceGetDTS
                0x08006118      0x104 TracealyzerLib/trcSnapshotRecorder.o
 .text.prvTraceStoreTaskReady
                0x0800621c       0x80 TracealyzerLib/trcSnapshotRecorder.o
                0x0800621c                prvTraceStoreTaskReady
 .text.vTraceStoreMemMangEvent
                0x0800629c       0xb0 TracealyzerLib/trcSnapshotRecorder.o
                0x0800629c                vTraceStoreMemMangEvent
 .text.prvTraceStoreKernelCall
                0x0800634c       0xa4 TracealyzerLib/trcSnapshotRecorder.o
                0x0800634c                prvTraceStoreKernelCall
 .text.prvTraceStoreKernelCallWithNumericParamOnly
                0x080063f0       0x80 TracealyzerLib/trcSnapshotRecorder.o
                0x080063f0                prvTraceStoreKernelCallWithNumericParamOnly
 .text.prvTraceStoreTaskswitch
                0x08006470       0x94 TracealyzerLib/trcSnapshotRecorder.o
                0x08006470                prvTraceStoreTaskswitch
 .text.uiTraceStart
                0x08006504       0x88 TracealyzerLib/trcSnapshotRecorder.o
                0x08006504                uiTraceStart
 .text.vTraceStart
                0x0800658c        0x8 TracealyzerLib/trcSnapshotRecorder.o
                0x0800658c                vTraceStart
 .text.vTraceEnable
                0x08006594       0x34 TracealyzerLib/trcSnapshotRecorder.o
                0x08006594                vTraceEnable
 .text.Reset_Handler
                0x080065c8       0x50 startup/startup_stm32f303xc.o
                0x080065c8                Reset_Handler
 .text.Default_Handler
                0x08006618        0x2 startup/startup_stm32f303xc.o
                0x08006618                RTC_Alarm_IRQHandler
                0x08006618                TIM8_TRG_COM_IRQHandler
                0x08006618                TIM8_CC_IRQHandler
                0x08006618                TIM1_CC_IRQHandler
                0x08006618                USB_HP_IRQHandler
                0x08006618                PVD_IRQHandler
                0x08006618                TAMP_STAMP_IRQHandler
                0x08006618                EXTI3_IRQHandler
                0x08006618                USB_HP_CAN_TX_IRQHandler
                0x08006618                EXTI0_IRQHandler
                0x08006618                I2C2_EV_IRQHandler
                0x08006618                FPU_IRQHandler
                0x08006618                TIM1_UP_TIM16_IRQHandler
                0x08006618                ADC1_2_IRQHandler
                0x08006618                SPI1_IRQHandler
                0x08006618                CAN_SCE_IRQHandler
                0x08006618                TIM6_DAC_IRQHandler
                0x08006618                TIM8_UP_IRQHandler
                0x08006618                DMA2_Channel2_IRQHandler
                0x08006618                DMA1_Channel4_IRQHandler
                0x08006618                USART3_IRQHandler
                0x08006618                DMA1_Channel7_IRQHandler
                0x08006618                UART5_IRQHandler
                0x08006618                ADC3_IRQHandler
                0x08006618                TIM4_IRQHandler
                0x08006618                CAN_RX1_IRQHandler
                0x08006618                DMA2_Channel1_IRQHandler
                0x08006618                I2C1_EV_IRQHandler
                0x08006618                DMA1_Channel6_IRQHandler
                0x08006618                UART4_IRQHandler
                0x08006618                DMA2_Channel4_IRQHandler
                0x08006618                RCC_IRQHandler
                0x08006618                DMA1_Channel1_IRQHandler
                0x08006618                Default_Handler
                0x08006618                USBWakeUp_RMP_IRQHandler
                0x08006618                EXTI15_10_IRQHandler
                0x08006618                TIM7_IRQHandler
                0x08006618                EXTI9_5_IRQHandler
                0x08006618                RTC_WKUP_IRQHandler
                0x08006618                SPI2_IRQHandler
                0x08006618                USB_LP_CAN_RX0_IRQHandler
                0x08006618                DMA2_Channel5_IRQHandler
                0x08006618                DMA1_Channel5_IRQHandler
                0x08006618                EXTI4_IRQHandler
                0x08006618                TIM1_TRG_COM_TIM17_IRQHandler
                0x08006618                DMA1_Channel3_IRQHandler
                0x08006618                ADC4_IRQHandler
                0x08006618                WWDG_IRQHandler
                0x08006618                TIM2_IRQHandler
                0x08006618                COMP7_IRQHandler
                0x08006618                COMP1_2_3_IRQHandler
                0x08006618                EXTI1_IRQHandler
                0x08006618                USART2_IRQHandler
                0x08006618                COMP4_5_6_IRQHandler
                0x08006618                I2C2_ER_IRQHandler
                0x08006618                DMA1_Channel2_IRQHandler
                0x08006618                TIM8_BRK_IRQHandler
                0x08006618                FLASH_IRQHandler
                0x08006618                USART1_IRQHandler
                0x08006618                SPI3_IRQHandler
                0x08006618                I2C1_ER_IRQHandler
                0x08006618                USBWakeUp_IRQHandler
                0x08006618                DMA2_Channel3_IRQHandler
                0x08006618                EXTI2_TSC_IRQHandler
                0x08006618                TIM1_BRK_TIM15_IRQHandler
 *fill*         0x0800661a        0x2 
 .text.__libc_init_array
                0x0800661c       0x48 c:/users/ardelean calin/scoop/apps/eclipse-cpp/4.7.3/plugins/fr.ac6.mcu.externaltools.arm-none.win32_1.15.0.201708311556/tools/compiler/bin/../lib/gcc/arm-none-eabi/6.3.1/../../../../arm-none-eabi/lib/thumb/v7e-m/fpv4-sp/hard\libc_nano.a(lib_a-init.o)
                0x0800661c                __libc_init_array
 .text.memcpy   0x08006664       0x16 c:/users/ardelean calin/scoop/apps/eclipse-cpp/4.7.3/plugins/fr.ac6.mcu.externaltools.arm-none.win32_1.15.0.201708311556/tools/compiler/bin/../lib/gcc/arm-none-eabi/6.3.1/../../../../arm-none-eabi/lib/thumb/v7e-m/fpv4-sp/hard\libc_nano.a(lib_a-memcpy-stub.o)
                0x08006664                memcpy
 .text.memset   0x0800667a       0x10 c:/users/ardelean calin/scoop/apps/eclipse-cpp/4.7.3/plugins/fr.ac6.mcu.externaltools.arm-none.win32_1.15.0.201708311556/tools/compiler/bin/../lib/gcc/arm-none-eabi/6.3.1/../../../../arm-none-eabi/lib/thumb/v7e-m/fpv4-sp/hard\libc_nano.a(lib_a-memset.o)
                0x0800667a                memset
 *(.glue_7)
 .glue_7        0x0800668a        0x0 linker stubs
 *(.glue_7t)
 .glue_7t       0x0800668a        0x0 linker stubs
 *(.eh_frame)
 *fill*         0x0800668a        0x2 
 .eh_frame      0x0800668c        0x0 c:/users/ardelean calin/scoop/apps/eclipse-cpp/4.7.3/plugins/fr.ac6.mcu.externaltools.arm-none.win32_1.15.0.201708311556/tools/compiler/bin/../lib/gcc/arm-none-eabi/6.3.1/thumb/v7e-m/fpv4-sp/hard/crtbegin.o
 *(.init)
 .init          0x0800668c        0x4 c:/users/ardelean calin/scoop/apps/eclipse-cpp/4.7.3/plugins/fr.ac6.mcu.externaltools.arm-none.win32_1.15.0.201708311556/tools/compiler/bin/../lib/gcc/arm-none-eabi/6.3.1/thumb/v7e-m/fpv4-sp/hard/crti.o
                0x0800668c                _init
 .init          0x08006690        0x8 c:/users/ardelean calin/scoop/apps/eclipse-cpp/4.7.3/plugins/fr.ac6.mcu.externaltools.arm-none.win32_1.15.0.201708311556/tools/compiler/bin/../lib/gcc/arm-none-eabi/6.3.1/thumb/v7e-m/fpv4-sp/hard/crtn.o
 *(.fini)
 .fini          0x08006698        0x4 c:/users/ardelean calin/scoop/apps/eclipse-cpp/4.7.3/plugins/fr.ac6.mcu.externaltools.arm-none.win32_1.15.0.201708311556/tools/compiler/bin/../lib/gcc/arm-none-eabi/6.3.1/thumb/v7e-m/fpv4-sp/hard/crti.o
                0x08006698                _fini
 .fini          0x0800669c        0x8 c:/users/ardelean calin/scoop/apps/eclipse-cpp/4.7.3/plugins/fr.ac6.mcu.externaltools.arm-none.win32_1.15.0.201708311556/tools/compiler/bin/../lib/gcc/arm-none-eabi/6.3.1/thumb/v7e-m/fpv4-sp/hard/crtn.o
                0x080066a4                . = ALIGN (0x4)
                0x080066a4                _etext = .

.vfp11_veneer   0x080066a4        0x0
 .vfp11_veneer  0x080066a4        0x0 linker stubs

.v4_bx          0x080066a4        0x0
 .v4_bx         0x080066a4        0x0 linker stubs

.iplt           0x080066a4        0x0
 .iplt          0x080066a4        0x0 c:/users/ardelean calin/scoop/apps/eclipse-cpp/4.7.3/plugins/fr.ac6.mcu.externaltools.arm-none.win32_1.15.0.201708311556/tools/compiler/bin/../lib/gcc/arm-none-eabi/6.3.1/thumb/v7e-m/fpv4-sp/hard/crtbegin.o

.rodata         0x080066a4     0x13b0
                0x080066a4                . = ALIGN (0x4)
 *(.rodata)
 .rodata        0x080066a4       0x20 Drivers/STM32F3xx_HAL_Driver/Src/stm32f3xx_hal_rcc.o
                0x080066a4                aPLLMULFactorTable
                0x080066b4                aPredivFactorTable
 .rodata        0x080066c4       0x18 Src/system_stm32f3xx.o
                0x080066c4                AHBPrescTable
                0x080066d4                APBPrescTable
 *(.rodata*)
 .rodata.str1.4
                0x080066dc        0x5 Middlewares/Third_Party/FreeRTOS/Source/tasks.o
 *fill*         0x080066e1        0x3 
 .rodata.str1.4
                0x080066e4       0x38 Src/main.o
 .rodata.str1.4
                0x0800671c       0x13 Src/usbd_conf.o
 *fill*         0x0800672f        0x1 
 .rodata.str1.4
                0x08006730       0x46 Src/usbd_desc.o
 *fill*         0x08006776        0x2 
 .rodata.str1.4
                0x08006778      0x24a TracealyzerLib/trcKernelPort.o
 *fill*         0x080069c2        0x2 
 .rodata.str1.4
                0x080069c4     0x1090 TracealyzerLib/trcSnapshotRecorder.o
                0x08007a54                . = ALIGN (0x4)

.rel.dyn        0x08007a54        0x0
 .rel.iplt      0x08007a54        0x0 c:/users/ardelean calin/scoop/apps/eclipse-cpp/4.7.3/plugins/fr.ac6.mcu.externaltools.arm-none.win32_1.15.0.201708311556/tools/compiler/bin/../lib/gcc/arm-none-eabi/6.3.1/thumb/v7e-m/fpv4-sp/hard/crtbegin.o

.ARM.extab
 *(.ARM.extab* .gnu.linkonce.armextab.*)

.ARM            0x08007a54        0x0
                0x08007a54                __exidx_start = .
 *(.ARM.exidx*)
                0x08007a54                __exidx_end = .

.preinit_array  0x08007a54        0x0
                0x08007a54                PROVIDE (__preinit_array_start, .)
 *(.preinit_array*)
                0x08007a54                PROVIDE (__preinit_array_end, .)

.init_array     0x08007a54        0x4
                0x08007a54                PROVIDE (__init_array_start, .)
 *(SORT(.init_array.*))
 *(.init_array*)
 .init_array    0x08007a54        0x4 c:/users/ardelean calin/scoop/apps/eclipse-cpp/4.7.3/plugins/fr.ac6.mcu.externaltools.arm-none.win32_1.15.0.201708311556/tools/compiler/bin/../lib/gcc/arm-none-eabi/6.3.1/thumb/v7e-m/fpv4-sp/hard/crtbegin.o
                0x08007a58                PROVIDE (__init_array_end, .)

.fini_array     0x08007a58        0x4
                [!provide]                PROVIDE (__fini_array_start, .)
 *(SORT(.fini_array.*))
 *(.fini_array*)
 .fini_array    0x08007a58        0x4 c:/users/ardelean calin/scoop/apps/eclipse-cpp/4.7.3/plugins/fr.ac6.mcu.externaltools.arm-none.win32_1.15.0.201708311556/tools/compiler/bin/../lib/gcc/arm-none-eabi/6.3.1/thumb/v7e-m/fpv4-sp/hard/crtbegin.o
                [!provide]                PROVIDE (__fini_array_end, .)
                0x08007a5c                _sidata = LOADADDR (.data)

.data           0x20000000      0x174 load address 0x08007a5c
                0x20000000                . = ALIGN (0x4)
                0x20000000                _sdata = .
 *(.data)
 .data          0x20000000        0x8 Drivers/STM32F3xx_HAL_Driver/Src/stm32f3xx_hal.o
                0x20000000                uwTickFreq
                0x20000004                uwTickPrio
 .data          0x20000008      0x110 Middlewares/ST/STM32_USB_Device_Library/Class/CDC/Src/usbd_cdc.o
                0x20000008                USBD_CDC_CfgFSDesc
                0x2000004c                USBD_CDC_CfgHSDesc
                0x20000090                USBD_CDC_OtherSpeedCfgDesc
                0x200000e0                USBD_CDC
 .data          0x20000118        0x4 Middlewares/Third_Party/FreeRTOS/Source/portable/GCC/ARM_CM4F/port.o
 .data          0x2000011c        0x4 Src/system_stm32f3xx.o
                0x2000011c                SystemCoreClock
 .data          0x20000120       0x10 Src/usbd_cdc_if.o
                0x20000120                USBD_Interface_fops_FS
 .data          0x20000130       0x34 Src/usbd_desc.o
                0x20000130                USBD_FS_DeviceDesc
                0x20000144                USBD_LangIDDesc
                0x20000148                FS_Desc
 .data          0x20000164        0x5 TracealyzerLib/trcKernelPort.o
                0x20000164                TraceObjectClassTable
 *fill*         0x20000169        0x3 
 .data          0x2000016c        0x8 TracealyzerLib/trcSnapshotRecorder.o
                0x20000170                CurrentFilterMask
                0x20000172                CurrentFilterGroup
 *(.data*)
                0x20000174                . = ALIGN (0x4)
                0x20000174                _edata = .
                0x08007bd0                _siccmram = LOADADDR (.ccmram)

.jcr            0x20000174        0x0 load address 0x08007bd0
 .jcr           0x20000174        0x0 c:/users/ardelean calin/scoop/apps/eclipse-cpp/4.7.3/plugins/fr.ac6.mcu.externaltools.arm-none.win32_1.15.0.201708311556/tools/compiler/bin/../lib/gcc/arm-none-eabi/6.3.1/thumb/v7e-m/fpv4-sp/hard/crtbegin.o

.igot.plt       0x20000174        0x0 load address 0x08007bd0
 .igot.plt      0x20000174        0x0 c:/users/ardelean calin/scoop/apps/eclipse-cpp/4.7.3/plugins/fr.ac6.mcu.externaltools.arm-none.win32_1.15.0.201708311556/tools/compiler/bin/../lib/gcc/arm-none-eabi/6.3.1/thumb/v7e-m/fpv4-sp/hard/crtbegin.o

.ccmram         0x10000000        0x0 load address 0x08007bd0
                0x10000000                . = ALIGN (0x4)
                0x10000000                _sccmram = .
 *(.ccmram)
 *(.ccmram*)
                0x10000000                . = ALIGN (0x4)
                0x10000000                _eccmram = .
                0x10000000                . = ALIGN (0x4)

.bss            0x20000174     0x3b40
                0x20000174                _sbss = .
                0x20000174                __bss_start__ = _sbss
 *(.bss)
 .bss           0x20000174       0x1c c:/users/ardelean calin/scoop/apps/eclipse-cpp/4.7.3/plugins/fr.ac6.mcu.externaltools.arm-none.win32_1.15.0.201708311556/tools/compiler/bin/../lib/gcc/arm-none-eabi/6.3.1/thumb/v7e-m/fpv4-sp/hard/crtbegin.o
 .bss           0x20000190        0x1 Middlewares/ST/STM32_USB_Device_Library/Class/CDC/Src/usbd_cdc.o
 .bss           0x20000191        0x1 Middlewares/ST/STM32_USB_Device_Library/Core/Src/usbd_ctlreq.o
 *fill*         0x20000192        0x2 
 .bss           0x20000194      0x114 Middlewares/Third_Party/FreeRTOS/Source/tasks.o
                0x20000280                pxCurrentTCB
 .bss           0x200002a8        0x8 Middlewares/Third_Party/FreeRTOS/Source/portable/GCC/ARM_CM4F/port.o
 .bss           0x200002b0      0xc18 Middlewares/Third_Party/FreeRTOS/Source/portable/MemMang/heap_4.o
 .bss           0x20000ec8      0x220 Src/usbd_conf.o
 .bss           0x200010e8       0xb8 TracealyzerLib/trcSnapshotRecorder.o
                0x200010e8                vTraceStopHookPtr
                0x200010ec                recorder_busy
                0x200010f0                RecorderDataPtr
                0x200010f4                traceErrorMessage
                0x200010f8                handle_of_last_logged_task
                0x200010fc                timestampFrequency
                0x20001100                objectHandleStacks
                0x20001174                trace_disable_timestamp
                0x20001188                nISRactive
                0x20001194                isPendingContextSwitch
                0x2000119c                uiTraceTickCount
 *(.bss*)
 *(COMMON)
 COMMON         0x200011a0        0x4 Drivers/STM32F3xx_HAL_Driver/Src/stm32f3xx_hal.o
                0x200011a0                uwTick
 COMMON         0x200011a4      0x344 Src/main.o
                0x200011a4                defaultTaskHandle
                0x200011a8                cRingBufferIndex
                0x200011ac                xCANReceiveBuffer
                0x20001314                hcan
                0x20001358                xUSBReceiveQueue
                0x2000135c                xRxRingBuffer
                0x200013cc                xCANTransmitBuffer
                0x200014e4                xCANTransmitQueue
 COMMON         0x200014e8       0x40 Src/stm32f3xx_hal_timebase_TIM.o
                0x200014e8                htim3
 COMMON         0x20001528      0x224 Src/usb_device.o
                0x20001528                hUsbDeviceFS
 COMMON         0x2000174c      0x7d0 Src/usbd_cdc_if.o
                0x2000174c                UserRxBufferFS
                0x20001b34                UserTxBufferFS
 COMMON         0x20001f1c      0x3a8 Src/usbd_conf.o
                0x20001f1c                hpcd_USB_FS
 COMMON         0x200022c4      0x200 Src/usbd_desc.o
                0x200022c4                USBD_StrDesc
 COMMON         0x200024c4     0x17f0 TracealyzerLib/trcSnapshotRecorder.o
                0x200024c4                RecorderData
                0x20003cb0                init_hwtc_count
                0x20003cb4                . = ALIGN (0x4)
                0x20003cb4                _ebss = .
                0x20003cb4                __bss_end__ = _ebss

._user_heap_stack
                0x20003cb4      0x604
                0x20003cb8                . = ALIGN (0x8)
 *fill*         0x20003cb4        0x4 
                [!provide]                PROVIDE (end, .)
                [!provide]                PROVIDE (_end, .)
                0x20003eb8                . = (. + _Min_Heap_Size)
 *fill*         0x20003cb8      0x200 
                0x200042b8                . = (. + _Min_Stack_Size)
 *fill*         0x20003eb8      0x400 
                0x200042b8                . = ALIGN (0x8)

/DISCARD/
 libc.a(*)
 libm.a(*)
 libgcc.a(*)

.ARM.attributes
                0x00000000       0x30
 *(.ARM.attributes)
 .ARM.attributes
                0x00000000       0x22 c:/users/ardelean calin/scoop/apps/eclipse-cpp/4.7.3/plugins/fr.ac6.mcu.externaltools.arm-none.win32_1.15.0.201708311556/tools/compiler/bin/../lib/gcc/arm-none-eabi/6.3.1/thumb/v7e-m/fpv4-sp/hard/crti.o
 .ARM.attributes
                0x00000022       0x34 c:/users/ardelean calin/scoop/apps/eclipse-cpp/4.7.3/plugins/fr.ac6.mcu.externaltools.arm-none.win32_1.15.0.201708311556/tools/compiler/bin/../lib/gcc/arm-none-eabi/6.3.1/thumb/v7e-m/fpv4-sp/hard/crtbegin.o
 .ARM.attributes
                0x00000056       0x39 Drivers/STM32F3xx_HAL_Driver/Src/stm32f3xx_hal.o
 .ARM.attributes
                0x0000008f       0x39 Drivers/STM32F3xx_HAL_Driver/Src/stm32f3xx_hal_can.o
 .ARM.attributes
                0x000000c8       0x39 Drivers/STM32F3xx_HAL_Driver/Src/stm32f3xx_hal_cortex.o
 .ARM.attributes
                0x00000101       0x39 Drivers/STM32F3xx_HAL_Driver/Src/stm32f3xx_hal_gpio.o
 .ARM.attributes
                0x0000013a       0x39 Drivers/STM32F3xx_HAL_Driver/Src/stm32f3xx_hal_pcd.o
 .ARM.attributes
                0x00000173       0x39 Drivers/STM32F3xx_HAL_Driver/Src/stm32f3xx_hal_pcd_ex.o
 .ARM.attributes
                0x000001ac       0x39 Drivers/STM32F3xx_HAL_Driver/Src/stm32f3xx_hal_rcc.o
 .ARM.attributes
                0x000001e5       0x39 Drivers/STM32F3xx_HAL_Driver/Src/stm32f3xx_hal_rcc_ex.o
 .ARM.attributes
                0x0000021e       0x39 Drivers/STM32F3xx_HAL_Driver/Src/stm32f3xx_hal_tim.o
 .ARM.attributes
                0x00000257       0x39 Drivers/STM32F3xx_HAL_Driver/Src/stm32f3xx_hal_tim_ex.o
 .ARM.attributes
                0x00000290       0x39 Middlewares/ST/STM32_USB_Device_Library/Class/CDC/Src/usbd_cdc.o
 .ARM.attributes
                0x000002c9       0x39 Middlewares/ST/STM32_USB_Device_Library/Core/Src/usbd_core.o
 .ARM.attributes
                0x00000302       0x39 Middlewares/ST/STM32_USB_Device_Library/Core/Src/usbd_ctlreq.o
 .ARM.attributes
                0x0000033b       0x39 Middlewares/ST/STM32_USB_Device_Library/Core/Src/usbd_ioreq.o
 .ARM.attributes
                0x00000374       0x39 Middlewares/Third_Party/FreeRTOS/Source/CMSIS_RTOS/cmsis_os.o
 .ARM.attributes
                0x000003ad       0x39 Middlewares/Third_Party/FreeRTOS/Source/list.o
 .ARM.attributes
                0x000003e6       0x39 Middlewares/Third_Party/FreeRTOS/Source/queue.o
 .ARM.attributes
                0x0000041f       0x39 Middlewares/Third_Party/FreeRTOS/Source/tasks.o
 .ARM.attributes
                0x00000458       0x39 Middlewares/Third_Party/FreeRTOS/Source/portable/GCC/ARM_CM4F/port.o
 .ARM.attributes
                0x00000491       0x39 Middlewares/Third_Party/FreeRTOS/Source/portable/MemMang/heap_4.o
 .ARM.attributes
                0x000004ca       0x39 Src/main.o
 .ARM.attributes
                0x00000503       0x39 Src/stm32f3xx_hal_msp.o
 .ARM.attributes
                0x0000053c       0x39 Src/stm32f3xx_hal_timebase_TIM.o
 .ARM.attributes
                0x00000575       0x39 Src/stm32f3xx_it.o
 .ARM.attributes
                0x000005ae       0x39 Src/system_stm32f3xx.o
 .ARM.attributes
                0x000005e7       0x39 Src/usb_device.o
 .ARM.attributes
                0x00000620       0x39 Src/usbd_cdc_if.o
 .ARM.attributes
                0x00000659       0x39 Src/usbd_conf.o
 .ARM.attributes
                0x00000692       0x39 Src/usbd_desc.o
 .ARM.attributes
                0x000006cb       0x39 TracealyzerLib/trcKernelPort.o
 .ARM.attributes
                0x00000704       0x39 TracealyzerLib/trcSnapshotRecorder.o
 .ARM.attributes
                0x0000073d       0x21 startup/startup_stm32f303xc.o
 .ARM.attributes
                0x0000075e       0x34 c:/users/ardelean calin/scoop/apps/eclipse-cpp/4.7.3/plugins/fr.ac6.mcu.externaltools.arm-none.win32_1.15.0.201708311556/tools/compiler/bin/../lib/gcc/arm-none-eabi/6.3.1/../../../../arm-none-eabi/lib/thumb/v7e-m/fpv4-sp/hard\libc_nano.a(lib_a-init.o)
 .ARM.attributes
                0x00000792       0x34 c:/users/ardelean calin/scoop/apps/eclipse-cpp/4.7.3/plugins/fr.ac6.mcu.externaltools.arm-none.win32_1.15.0.201708311556/tools/compiler/bin/../lib/gcc/arm-none-eabi/6.3.1/../../../../arm-none-eabi/lib/thumb/v7e-m/fpv4-sp/hard\libc_nano.a(lib_a-memcpy-stub.o)
 .ARM.attributes
                0x000007c6       0x34 c:/users/ardelean calin/scoop/apps/eclipse-cpp/4.7.3/plugins/fr.ac6.mcu.externaltools.arm-none.win32_1.15.0.201708311556/tools/compiler/bin/../lib/gcc/arm-none-eabi/6.3.1/../../../../arm-none-eabi/lib/thumb/v7e-m/fpv4-sp/hard\libc_nano.a(lib_a-memset.o)
 .ARM.attributes
                0x000007fa       0x22 c:/users/ardelean calin/scoop/apps/eclipse-cpp/4.7.3/plugins/fr.ac6.mcu.externaltools.arm-none.win32_1.15.0.201708311556/tools/compiler/bin/../lib/gcc/arm-none-eabi/6.3.1/thumb/v7e-m/fpv4-sp/hard/crtn.o
OUTPUT(OpenCAN.elf elf32-littlearm)

.debug_info     0x00000000    0x3237d
 .debug_info    0x00000000     0x108c Drivers/STM32F3xx_HAL_Driver/Src/stm32f3xx_hal.o
 .debug_info    0x0000108c     0x144f Drivers/STM32F3xx_HAL_Driver/Src/stm32f3xx_hal_can.o
 .debug_info    0x000024db     0x16c4 Drivers/STM32F3xx_HAL_Driver/Src/stm32f3xx_hal_cortex.o
 .debug_info    0x00003b9f      0xef1 Drivers/STM32F3xx_HAL_Driver/Src/stm32f3xx_hal_gpio.o
 .debug_info    0x00004a90     0x19e8 Drivers/STM32F3xx_HAL_Driver/Src/stm32f3xx_hal_pcd.o
 .debug_info    0x00006478      0xf12 Drivers/STM32F3xx_HAL_Driver/Src/stm32f3xx_hal_pcd_ex.o
 .debug_info    0x0000738a     0x1bb3 Drivers/STM32F3xx_HAL_Driver/Src/stm32f3xx_hal_rcc.o
 .debug_info    0x00008f3d      0xf84 Drivers/STM32F3xx_HAL_Driver/Src/stm32f3xx_hal_rcc_ex.o
 .debug_info    0x00009ec1     0x37c1 Drivers/STM32F3xx_HAL_Driver/Src/stm32f3xx_hal_tim.o
 .debug_info    0x0000d682     0x1eb9 Drivers/STM32F3xx_HAL_Driver/Src/stm32f3xx_hal_tim_ex.o
 .debug_info    0x0000f53b     0x158a Middlewares/ST/STM32_USB_Device_Library/Class/CDC/Src/usbd_cdc.o
 .debug_info    0x00010ac5     0x1490 Middlewares/ST/STM32_USB_Device_Library/Core/Src/usbd_core.o
 .debug_info    0x00011f55     0x1666 Middlewares/ST/STM32_USB_Device_Library/Core/Src/usbd_ctlreq.o
 .debug_info    0x000135bb      0xfd9 Middlewares/ST/STM32_USB_Device_Library/Core/Src/usbd_ioreq.o
 .debug_info    0x00014594     0x2896 Middlewares/Third_Party/FreeRTOS/Source/CMSIS_RTOS/cmsis_os.o
 .debug_info    0x00016e2a     0x1086 Middlewares/Third_Party/FreeRTOS/Source/list.o
 .debug_info    0x00017eb0     0x32ce Middlewares/Third_Party/FreeRTOS/Source/queue.o
 .debug_info    0x0001b17e     0x39eb Middlewares/Third_Party/FreeRTOS/Source/tasks.o
 .debug_info    0x0001eb69      0xacd Middlewares/Third_Party/FreeRTOS/Source/portable/GCC/ARM_CM4F/port.o
 .debug_info    0x0001f636     0x125a Middlewares/Third_Party/FreeRTOS/Source/portable/MemMang/heap_4.o
 .debug_info    0x00020890     0x2b06 Src/main.o
 .debug_info    0x00023396     0x13d4 Src/stm32f3xx_hal_msp.o
 .debug_info    0x0002476a     0x1284 Src/stm32f3xx_hal_timebase_TIM.o
 .debug_info    0x000259ee     0x1d64 Src/stm32f3xx_it.o
 .debug_info    0x00027752      0xc34 Src/system_stm32f3xx.o
 .debug_info    0x00028386      0xe91 Src/usb_device.o
 .debug_info    0x00029217     0x1bdf Src/usbd_cdc_if.o
 .debug_info    0x0002adf6     0x22bf Src/usbd_conf.o
 .debug_info    0x0002d0b5      0xd62 Src/usbd_desc.o
 .debug_info    0x0002de17      0xbdf TracealyzerLib/trcKernelPort.o
 .debug_info    0x0002e9f6     0x38fe TracealyzerLib/trcSnapshotRecorder.o
 .debug_info    0x000322f4       0x89 startup/startup_stm32f303xc.o

.debug_abbrev   0x00000000     0x5a69
 .debug_abbrev  0x00000000      0x2e3 Drivers/STM32F3xx_HAL_Driver/Src/stm32f3xx_hal.o
 .debug_abbrev  0x000002e3      0x2dc Drivers/STM32F3xx_HAL_Driver/Src/stm32f3xx_hal_can.o
 .debug_abbrev  0x000005bf      0x3b8 Drivers/STM32F3xx_HAL_Driver/Src/stm32f3xx_hal_cortex.o
 .debug_abbrev  0x00000977      0x2a5 Drivers/STM32F3xx_HAL_Driver/Src/stm32f3xx_hal_gpio.o
 .debug_abbrev  0x00000c1c      0x36d Drivers/STM32F3xx_HAL_Driver/Src/stm32f3xx_hal_pcd.o
 .debug_abbrev  0x00000f89      0x277 Drivers/STM32F3xx_HAL_Driver/Src/stm32f3xx_hal_pcd_ex.o
 .debug_abbrev  0x00001200      0x343 Drivers/STM32F3xx_HAL_Driver/Src/stm32f3xx_hal_rcc.o
 .debug_abbrev  0x00001543      0x334 Drivers/STM32F3xx_HAL_Driver/Src/stm32f3xx_hal_rcc_ex.o
 .debug_abbrev  0x00001877      0x2dc Drivers/STM32F3xx_HAL_Driver/Src/stm32f3xx_hal_tim.o
 .debug_abbrev  0x00001b53      0x2dc Drivers/STM32F3xx_HAL_Driver/Src/stm32f3xx_hal_tim_ex.o
 .debug_abbrev  0x00001e2f      0x312 Middlewares/ST/STM32_USB_Device_Library/Class/CDC/Src/usbd_cdc.o
 .debug_abbrev  0x00002141      0x2c6 Middlewares/ST/STM32_USB_Device_Library/Core/Src/usbd_core.o
 .debug_abbrev  0x00002407      0x327 Middlewares/ST/STM32_USB_Device_Library/Core/Src/usbd_ctlreq.o
 .debug_abbrev  0x0000272e      0x213 Middlewares/ST/STM32_USB_Device_Library/Core/Src/usbd_ioreq.o
 .debug_abbrev  0x00002941      0x3ed Middlewares/Third_Party/FreeRTOS/Source/CMSIS_RTOS/cmsis_os.o
 .debug_abbrev  0x00002d2e      0x239 Middlewares/Third_Party/FreeRTOS/Source/list.o
 .debug_abbrev  0x00002f67      0x3a2 Middlewares/Third_Party/FreeRTOS/Source/queue.o
 .debug_abbrev  0x00003309      0x3e9 Middlewares/Third_Party/FreeRTOS/Source/tasks.o
 .debug_abbrev  0x000036f2      0x27d Middlewares/Third_Party/FreeRTOS/Source/portable/GCC/ARM_CM4F/port.o
 .debug_abbrev  0x0000396f      0x32c Middlewares/Third_Party/FreeRTOS/Source/portable/MemMang/heap_4.o
 .debug_abbrev  0x00003c9b      0x33e Src/main.o
 .debug_abbrev  0x00003fd9      0x25d Src/stm32f3xx_hal_msp.o
 .debug_abbrev  0x00004236      0x295 Src/stm32f3xx_hal_timebase_TIM.o
 .debug_abbrev  0x000044cb      0x277 Src/stm32f3xx_it.o
 .debug_abbrev  0x00004742      0x205 Src/system_stm32f3xx.o
 .debug_abbrev  0x00004947      0x216 Src/usb_device.o
 .debug_abbrev  0x00004b5d      0x312 Src/usbd_cdc_if.o
 .debug_abbrev  0x00004e6f      0x30b Src/usbd_conf.o
 .debug_abbrev  0x0000517a      0x272 Src/usbd_desc.o
 .debug_abbrev  0x000053ec      0x1d0 TracealyzerLib/trcKernelPort.o
 .debug_abbrev  0x000055bc      0x49b TracealyzerLib/trcSnapshotRecorder.o
 .debug_abbrev  0x00005a57       0x12 startup/startup_stm32f303xc.o

.debug_loc      0x00000000    0x111fd
 .debug_loc     0x00000000      0x108 Drivers/STM32F3xx_HAL_Driver/Src/stm32f3xx_hal.o
 .debug_loc     0x00000108      0x7e4 Drivers/STM32F3xx_HAL_Driver/Src/stm32f3xx_hal_can.o
 .debug_loc     0x000008ec      0x5ce Drivers/STM32F3xx_HAL_Driver/Src/stm32f3xx_hal_cortex.o
 .debug_loc     0x00000eba      0x331 Drivers/STM32F3xx_HAL_Driver/Src/stm32f3xx_hal_gpio.o
 .debug_loc     0x000011eb      0xd4d Drivers/STM32F3xx_HAL_Driver/Src/stm32f3xx_hal_pcd.o
 .debug_loc     0x00001f38      0x327 Drivers/STM32F3xx_HAL_Driver/Src/stm32f3xx_hal_pcd_ex.o
 .debug_loc     0x0000225f      0x8e5 Drivers/STM32F3xx_HAL_Driver/Src/stm32f3xx_hal_rcc.o
 .debug_loc     0x00002b44      0x811 Drivers/STM32F3xx_HAL_Driver/Src/stm32f3xx_hal_rcc_ex.o
 .debug_loc     0x00003355     0x35de Drivers/STM32F3xx_HAL_Driver/Src/stm32f3xx_hal_tim.o
 .debug_loc     0x00006933     0x18d8 Drivers/STM32F3xx_HAL_Driver/Src/stm32f3xx_hal_tim_ex.o
 .debug_loc     0x0000820b      0x4b9 Middlewares/ST/STM32_USB_Device_Library/Class/CDC/Src/usbd_cdc.o
 .debug_loc     0x000086c4      0x71c Middlewares/ST/STM32_USB_Device_Library/Core/Src/usbd_core.o
 .debug_loc     0x00008de0      0xb78 Middlewares/ST/STM32_USB_Device_Library/Core/Src/usbd_ctlreq.o
 .debug_loc     0x00009958      0x23c Middlewares/ST/STM32_USB_Device_Library/Core/Src/usbd_ioreq.o
 .debug_loc     0x00009b94     0x1024 Middlewares/Third_Party/FreeRTOS/Source/CMSIS_RTOS/cmsis_os.o
 .debug_loc     0x0000abb8       0x70 Middlewares/Third_Party/FreeRTOS/Source/list.o
 .debug_loc     0x0000ac28      0xfea Middlewares/Third_Party/FreeRTOS/Source/queue.o
 .debug_loc     0x0000bc12     0x1869 Middlewares/Third_Party/FreeRTOS/Source/tasks.o
 .debug_loc     0x0000d47b      0x104 Middlewares/Third_Party/FreeRTOS/Source/portable/GCC/ARM_CM4F/port.o
 .debug_loc     0x0000d57f      0x291 Middlewares/Third_Party/FreeRTOS/Source/portable/MemMang/heap_4.o
 .debug_loc     0x0000d810       0xe1 Src/main.o
 .debug_loc     0x0000d8f1       0x5b Src/stm32f3xx_hal_msp.o
 .debug_loc     0x0000d94c       0x79 Src/stm32f3xx_hal_timebase_TIM.o
 .debug_loc     0x0000d9c5       0xff Src/system_stm32f3xx.o
 .debug_loc     0x0000dac4      0x15a Src/usbd_cdc_if.o
 .debug_loc     0x0000dc1e      0xbab Src/usbd_conf.o
 .debug_loc     0x0000e7c9      0x2b7 Src/usbd_desc.o
 .debug_loc     0x0000ea80      0x3bb TracealyzerLib/trcKernelPort.o
 .debug_loc     0x0000ee3b     0x23c2 TracealyzerLib/trcSnapshotRecorder.o

.debug_aranges  0x00000000     0x1720
 .debug_aranges
                0x00000000       0xe0 Drivers/STM32F3xx_HAL_Driver/Src/stm32f3xx_hal.o
 .debug_aranges
                0x000000e0       0xb0 Drivers/STM32F3xx_HAL_Driver/Src/stm32f3xx_hal_can.o
 .debug_aranges
                0x00000190       0xa8 Drivers/STM32F3xx_HAL_Driver/Src/stm32f3xx_hal_cortex.o
 .debug_aranges
                0x00000238       0x58 Drivers/STM32F3xx_HAL_Driver/Src/stm32f3xx_hal_gpio.o
 .debug_aranges
                0x00000290      0x120 Drivers/STM32F3xx_HAL_Driver/Src/stm32f3xx_hal_pcd.o
 .debug_aranges
                0x000003b0       0x38 Drivers/STM32F3xx_HAL_Driver/Src/stm32f3xx_hal_pcd_ex.o
 .debug_aranges
                0x000003e8       0x88 Drivers/STM32F3xx_HAL_Driver/Src/stm32f3xx_hal_rcc.o
 .debug_aranges
                0x00000470       0x38 Drivers/STM32F3xx_HAL_Driver/Src/stm32f3xx_hal_rcc_ex.o
 .debug_aranges
                0x000004a8      0x378 Drivers/STM32F3xx_HAL_Driver/Src/stm32f3xx_hal_tim.o
 .debug_aranges
                0x00000820      0x178 Drivers/STM32F3xx_HAL_Driver/Src/stm32f3xx_hal_tim_ex.o
 .debug_aranges
                0x00000998       0x90 Middlewares/ST/STM32_USB_Device_Library/Class/CDC/Src/usbd_cdc.o
 .debug_aranges
                0x00000a28       0xb8 Middlewares/ST/STM32_USB_Device_Library/Core/Src/usbd_core.o
 .debug_aranges
                0x00000ae0       0x88 Middlewares/ST/STM32_USB_Device_Library/Core/Src/usbd_ctlreq.o
 .debug_aranges
                0x00000b68       0x50 Middlewares/ST/STM32_USB_Device_Library/Core/Src/usbd_ioreq.o
 .debug_aranges
                0x00000bb8      0x1d8 Middlewares/Third_Party/FreeRTOS/Source/CMSIS_RTOS/cmsis_os.o
 .debug_aranges
                0x00000d90       0x40 Middlewares/Third_Party/FreeRTOS/Source/list.o
 .debug_aranges
                0x00000dd0       0xe8 Middlewares/Third_Party/FreeRTOS/Source/queue.o
 .debug_aranges
                0x00000eb8      0x1a0 Middlewares/Third_Party/FreeRTOS/Source/tasks.o
 .debug_aranges
                0x00001058       0x80 Middlewares/Third_Party/FreeRTOS/Source/portable/GCC/ARM_CM4F/port.o
 .debug_aranges
                0x000010d8       0x50 Middlewares/Third_Party/FreeRTOS/Source/portable/MemMang/heap_4.o
 .debug_aranges
                0x00001128       0x68 Src/main.o
 .debug_aranges
                0x00001190       0x30 Src/stm32f3xx_hal_msp.o
 .debug_aranges
                0x000011c0       0x30 Src/stm32f3xx_hal_timebase_TIM.o
 .debug_aranges
                0x000011f0       0x68 Src/stm32f3xx_it.o
 .debug_aranges
                0x00001258       0x28 Src/system_stm32f3xx.o
 .debug_aranges
                0x00001280       0x20 Src/usb_device.o
 .debug_aranges
                0x000012a0       0x40 Src/usbd_cdc_if.o
 .debug_aranges
                0x000012e0      0x110 Src/usbd_conf.o
 .debug_aranges
                0x000013f0       0x50 Src/usbd_desc.o
 .debug_aranges
                0x00001440       0xb0 TracealyzerLib/trcKernelPort.o
 .debug_aranges
                0x000014f0      0x208 TracealyzerLib/trcSnapshotRecorder.o
 .debug_aranges
                0x000016f8       0x28 startup/startup_stm32f303xc.o

.debug_ranges   0x00000000     0x1838
 .debug_ranges  0x00000000       0xd0 Drivers/STM32F3xx_HAL_Driver/Src/stm32f3xx_hal.o
 .debug_ranges  0x000000d0       0xa0 Drivers/STM32F3xx_HAL_Driver/Src/stm32f3xx_hal_can.o
 .debug_ranges  0x00000170       0xf8 Drivers/STM32F3xx_HAL_Driver/Src/stm32f3xx_hal_cortex.o
 .debug_ranges  0x00000268       0x48 Drivers/STM32F3xx_HAL_Driver/Src/stm32f3xx_hal_gpio.o
 .debug_ranges  0x000002b0      0x1a0 Drivers/STM32F3xx_HAL_Driver/Src/stm32f3xx_hal_pcd.o
 .debug_ranges  0x00000450       0x28 Drivers/STM32F3xx_HAL_Driver/Src/stm32f3xx_hal_pcd_ex.o
 .debug_ranges  0x00000478       0x98 Drivers/STM32F3xx_HAL_Driver/Src/stm32f3xx_hal_rcc.o
 .debug_ranges  0x00000510       0x40 Drivers/STM32F3xx_HAL_Driver/Src/stm32f3xx_hal_rcc_ex.o
 .debug_ranges  0x00000550      0x368 Drivers/STM32F3xx_HAL_Driver/Src/stm32f3xx_hal_tim.o
 .debug_ranges  0x000008b8      0x168 Drivers/STM32F3xx_HAL_Driver/Src/stm32f3xx_hal_tim_ex.o
 .debug_ranges  0x00000a20       0x80 Middlewares/ST/STM32_USB_Device_Library/Class/CDC/Src/usbd_cdc.o
 .debug_ranges  0x00000aa0       0xa8 Middlewares/ST/STM32_USB_Device_Library/Core/Src/usbd_core.o
 .debug_ranges  0x00000b48       0x78 Middlewares/ST/STM32_USB_Device_Library/Core/Src/usbd_ctlreq.o
 .debug_ranges  0x00000bc0       0x40 Middlewares/ST/STM32_USB_Device_Library/Core/Src/usbd_ioreq.o
 .debug_ranges  0x00000c00      0x1c8 Middlewares/Third_Party/FreeRTOS/Source/CMSIS_RTOS/cmsis_os.o
 .debug_ranges  0x00000dc8       0x30 Middlewares/Third_Party/FreeRTOS/Source/list.o
 .debug_ranges  0x00000df8      0x190 Middlewares/Third_Party/FreeRTOS/Source/queue.o
 .debug_ranges  0x00000f88      0x290 Middlewares/Third_Party/FreeRTOS/Source/tasks.o
 .debug_ranges  0x00001218       0x88 Middlewares/Third_Party/FreeRTOS/Source/portable/GCC/ARM_CM4F/port.o
 .debug_ranges  0x000012a0       0x40 Middlewares/Third_Party/FreeRTOS/Source/portable/MemMang/heap_4.o
 .debug_ranges  0x000012e0       0x58 Src/main.o
 .debug_ranges  0x00001338       0x20 Src/stm32f3xx_hal_msp.o
 .debug_ranges  0x00001358       0x20 Src/stm32f3xx_hal_timebase_TIM.o
 .debug_ranges  0x00001378       0x58 Src/stm32f3xx_it.o
 .debug_ranges  0x000013d0       0x18 Src/system_stm32f3xx.o
 .debug_ranges  0x000013e8       0x10 Src/usb_device.o
 .debug_ranges  0x000013f8       0x30 Src/usbd_cdc_if.o
 .debug_ranges  0x00001428      0x100 Src/usbd_conf.o
 .debug_ranges  0x00001528       0x40 Src/usbd_desc.o
 .debug_ranges  0x00001568       0xa0 TracealyzerLib/trcKernelPort.o
 .debug_ranges  0x00001608      0x210 TracealyzerLib/trcSnapshotRecorder.o
 .debug_ranges  0x00001818       0x20 startup/startup_stm32f303xc.o

.debug_macro    0x00000000    0x20bd4
 .debug_macro   0x00000000      0x348 Drivers/STM32F3xx_HAL_Driver/Src/stm32f3xx_hal.o
 .debug_macro   0x00000348      0x8bc Drivers/STM32F3xx_HAL_Driver/Src/stm32f3xx_hal.o
 .debug_macro   0x00000c04       0x1c Drivers/STM32F3xx_HAL_Driver/Src/stm32f3xx_hal.o
 .debug_macro   0x00000c20       0xab Drivers/STM32F3xx_HAL_Driver/Src/stm32f3xx_hal.o
 .debug_macro   0x00000ccb       0x2f Drivers/STM32F3xx_HAL_Driver/Src/stm32f3xx_hal.o
 .debug_macro   0x00000cfa       0x28 Drivers/STM32F3xx_HAL_Driver/Src/stm32f3xx_hal.o
 .debug_macro   0x00000d22       0x22 Drivers/STM32F3xx_HAL_Driver/Src/stm32f3xx_hal.o
 .debug_macro   0x00000d44       0x87 Drivers/STM32F3xx_HAL_Driver/Src/stm32f3xx_hal.o
 .debug_macro   0x00000dcb       0x51 Drivers/STM32F3xx_HAL_Driver/Src/stm32f3xx_hal.o
 .debug_macro   0x00000e1c       0xef Drivers/STM32F3xx_HAL_Driver/Src/stm32f3xx_hal.o
 .debug_macro   0x00000f0b       0x6a Drivers/STM32F3xx_HAL_Driver/Src/stm32f3xx_hal.o
 .debug_macro   0x00000f75      0x1df Drivers/STM32F3xx_HAL_Driver/Src/stm32f3xx_hal.o
 .debug_macro   0x00001154       0x35 Drivers/STM32F3xx_HAL_Driver/Src/stm32f3xx_hal.o
 .debug_macro   0x00001189       0x50 Drivers/STM32F3xx_HAL_Driver/Src/stm32f3xx_hal.o
 .debug_macro   0x000011d9      0xe66 Drivers/STM32F3xx_HAL_Driver/Src/stm32f3xx_hal.o
 .debug_macro   0x0000203f    0x12a56 Drivers/STM32F3xx_HAL_Driver/Src/stm32f3xx_hal.o
 .debug_macro   0x00014a95       0x43 Drivers/STM32F3xx_HAL_Driver/Src/stm32f3xx_hal.o
 .debug_macro   0x00014ad8       0x58 Drivers/STM32F3xx_HAL_Driver/Src/stm32f3xx_hal.o
 .debug_macro   0x00014b30       0x35 Drivers/STM32F3xx_HAL_Driver/Src/stm32f3xx_hal.o
 .debug_macro   0x00014b65       0x9c Drivers/STM32F3xx_HAL_Driver/Src/stm32f3xx_hal.o
 .debug_macro   0x00014c01       0x16 Drivers/STM32F3xx_HAL_Driver/Src/stm32f3xx_hal.o
 .debug_macro   0x00014c17       0x97 Drivers/STM32F3xx_HAL_Driver/Src/stm32f3xx_hal.o
 .debug_macro   0x00014cae      0x330 Drivers/STM32F3xx_HAL_Driver/Src/stm32f3xx_hal.o
 .debug_macro   0x00014fde       0xfd Drivers/STM32F3xx_HAL_Driver/Src/stm32f3xx_hal.o
 .debug_macro   0x000150db       0x10 Drivers/STM32F3xx_HAL_Driver/Src/stm32f3xx_hal.o
 .debug_macro   0x000150eb       0x58 Drivers/STM32F3xx_HAL_Driver/Src/stm32f3xx_hal.o
 .debug_macro   0x00015143       0x1f Drivers/STM32F3xx_HAL_Driver/Src/stm32f3xx_hal.o
 .debug_macro   0x00015162       0x43 Drivers/STM32F3xx_HAL_Driver/Src/stm32f3xx_hal.o
 .debug_macro   0x000151a5       0x20 Drivers/STM32F3xx_HAL_Driver/Src/stm32f3xx_hal.o
 .debug_macro   0x000151c5      0x187 Drivers/STM32F3xx_HAL_Driver/Src/stm32f3xx_hal.o
 .debug_macro   0x0001534c       0x10 Drivers/STM32F3xx_HAL_Driver/Src/stm32f3xx_hal.o
 .debug_macro   0x0001535c       0x1c Drivers/STM32F3xx_HAL_Driver/Src/stm32f3xx_hal.o
 .debug_macro   0x00015378       0x52 Drivers/STM32F3xx_HAL_Driver/Src/stm32f3xx_hal.o
 .debug_macro   0x000153ca       0x40 Drivers/STM32F3xx_HAL_Driver/Src/stm32f3xx_hal.o
 .debug_macro   0x0001540a       0x10 Drivers/STM32F3xx_HAL_Driver/Src/stm32f3xx_hal.o
 .debug_macro   0x0001541a       0x40 Drivers/STM32F3xx_HAL_Driver/Src/stm32f3xx_hal.o
 .debug_macro   0x0001545a       0xd7 Drivers/STM32F3xx_HAL_Driver/Src/stm32f3xx_hal.o
 .debug_macro   0x00015531       0x16 Drivers/STM32F3xx_HAL_Driver/Src/stm32f3xx_hal.o
 .debug_macro   0x00015547      0x18b Drivers/STM32F3xx_HAL_Driver/Src/stm32f3xx_hal.o
 .debug_macro   0x000156d2       0x49 Drivers/STM32F3xx_HAL_Driver/Src/stm32f3xx_hal.o
 .debug_macro   0x0001571b      0x968 Drivers/STM32F3xx_HAL_Driver/Src/stm32f3xx_hal.o
 .debug_macro   0x00016083      0x5fe Drivers/STM32F3xx_HAL_Driver/Src/stm32f3xx_hal.o
 .debug_macro   0x00016681      0x13a Drivers/STM32F3xx_HAL_Driver/Src/stm32f3xx_hal.o
 .debug_macro   0x000167bb      0x1fb Drivers/STM32F3xx_HAL_Driver/Src/stm32f3xx_hal.o
 .debug_macro   0x000169b6      0x1bc Drivers/STM32F3xx_HAL_Driver/Src/stm32f3xx_hal.o
 .debug_macro   0x00016b72       0x31 Drivers/STM32F3xx_HAL_Driver/Src/stm32f3xx_hal.o
 .debug_macro   0x00016ba3       0x3c Drivers/STM32F3xx_HAL_Driver/Src/stm32f3xx_hal.o
 .debug_macro   0x00016bdf      0x23a Drivers/STM32F3xx_HAL_Driver/Src/stm32f3xx_hal.o
 .debug_macro   0x00016e19      0x391 Drivers/STM32F3xx_HAL_Driver/Src/stm32f3xx_hal.o
 .debug_macro   0x000171aa       0xcb Drivers/STM32F3xx_HAL_Driver/Src/stm32f3xx_hal.o
 .debug_macro   0x00017275      0x22b Drivers/STM32F3xx_HAL_Driver/Src/stm32f3xx_hal.o
 .debug_macro   0x000174a0      0x209 Drivers/STM32F3xx_HAL_Driver/Src/stm32f3xx_hal.o
 .debug_macro   0x000176a9       0x5b Drivers/STM32F3xx_HAL_Driver/Src/stm32f3xx_hal.o
 .debug_macro   0x00017704       0x90 Drivers/STM32F3xx_HAL_Driver/Src/stm32f3xx_hal.o
 .debug_macro   0x00017794       0x28 Drivers/STM32F3xx_HAL_Driver/Src/stm32f3xx_hal.o
 .debug_macro   0x000177bc      0x265 Drivers/STM32F3xx_HAL_Driver/Src/stm32f3xx_hal.o
 .debug_macro   0x00017a21       0x82 Drivers/STM32F3xx_HAL_Driver/Src/stm32f3xx_hal.o
 .debug_macro   0x00017aa3       0xd3 Drivers/STM32F3xx_HAL_Driver/Src/stm32f3xx_hal.o
 .debug_macro   0x00017b76      0x6af Drivers/STM32F3xx_HAL_Driver/Src/stm32f3xx_hal.o
 .debug_macro   0x00018225      0x38a Drivers/STM32F3xx_HAL_Driver/Src/stm32f3xx_hal.o
 .debug_macro   0x000185af      0x277 Drivers/STM32F3xx_HAL_Driver/Src/stm32f3xx_hal.o
 .debug_macro   0x00018826      0x32b Drivers/STM32F3xx_HAL_Driver/Src/stm32f3xx_hal_can.o
 .debug_macro   0x00018b51      0x324 Drivers/STM32F3xx_HAL_Driver/Src/stm32f3xx_hal_cortex.o
 .debug_macro   0x00018e75      0x35c Drivers/STM32F3xx_HAL_Driver/Src/stm32f3xx_hal_gpio.o
 .debug_macro   0x000191d1      0x32a Drivers/STM32F3xx_HAL_Driver/Src/stm32f3xx_hal_pcd.o
 .debug_macro   0x000194fb      0x324 Drivers/STM32F3xx_HAL_Driver/Src/stm32f3xx_hal_pcd_ex.o
 .debug_macro   0x0001981f      0x348 Drivers/STM32F3xx_HAL_Driver/Src/stm32f3xx_hal_rcc.o
 .debug_macro   0x00019b67      0x324 Drivers/STM32F3xx_HAL_Driver/Src/stm32f3xx_hal_rcc_ex.o
 .debug_macro   0x00019e8b      0x324 Drivers/STM32F3xx_HAL_Driver/Src/stm32f3xx_hal_tim.o
 .debug_macro   0x0001a1af      0x330 Drivers/STM32F3xx_HAL_Driver/Src/stm32f3xx_hal_tim_ex.o
 .debug_macro   0x0001a4df      0x3da Middlewares/ST/STM32_USB_Device_Library/Class/CDC/Src/usbd_cdc.o
 .debug_macro   0x0001a8b9       0x52 Middlewares/ST/STM32_USB_Device_Library/Class/CDC/Src/usbd_cdc.o
 .debug_macro   0x0001a90b       0x8d Middlewares/ST/STM32_USB_Device_Library/Class/CDC/Src/usbd_cdc.o
 .debug_macro   0x0001a998       0x57 Middlewares/ST/STM32_USB_Device_Library/Class/CDC/Src/usbd_cdc.o
 .debug_macro   0x0001a9ef       0x16 Middlewares/ST/STM32_USB_Device_Library/Class/CDC/Src/usbd_cdc.o
 .debug_macro   0x0001aa05       0x35 Middlewares/ST/STM32_USB_Device_Library/Class/CDC/Src/usbd_cdc.o
 .debug_macro   0x0001aa3a       0x16 Middlewares/ST/STM32_USB_Device_Library/Class/CDC/Src/usbd_cdc.o
 .debug_macro   0x0001aa50       0x29 Middlewares/ST/STM32_USB_Device_Library/Class/CDC/Src/usbd_cdc.o
 .debug_macro   0x0001aa79       0x16 Middlewares/ST/STM32_USB_Device_Library/Class/CDC/Src/usbd_cdc.o
 .debug_macro   0x0001aa8f       0x64 Middlewares/ST/STM32_USB_Device_Library/Class/CDC/Src/usbd_cdc.o
 .debug_macro   0x0001aaf3      0x1c3 Middlewares/ST/STM32_USB_Device_Library/Class/CDC/Src/usbd_cdc.o
 .debug_macro   0x0001acb6       0x83 Middlewares/ST/STM32_USB_Device_Library/Class/CDC/Src/usbd_cdc.o
 .debug_macro   0x0001ad39      0x3c1 Middlewares/ST/STM32_USB_Device_Library/Core/Src/usbd_core.o
 .debug_macro   0x0001b0fa      0x3c1 Middlewares/ST/STM32_USB_Device_Library/Core/Src/usbd_ctlreq.o
 .debug_macro   0x0001b4bb      0x3bd Middlewares/ST/STM32_USB_Device_Library/Core/Src/usbd_ioreq.o
 .debug_macro   0x0001b878      0x29d Middlewares/Third_Party/FreeRTOS/Source/CMSIS_RTOS/cmsis_os.o
 .debug_macro   0x0001bb15      0x174 Middlewares/Third_Party/FreeRTOS/Source/CMSIS_RTOS/cmsis_os.o
 .debug_macro   0x0001bc89       0x10 Middlewares/Third_Party/FreeRTOS/Source/CMSIS_RTOS/cmsis_os.o
 .debug_macro   0x0001bc99       0xd8 Middlewares/Third_Party/FreeRTOS/Source/CMSIS_RTOS/cmsis_os.o
 .debug_macro   0x0001bd71       0x58 Middlewares/Third_Party/FreeRTOS/Source/CMSIS_RTOS/cmsis_os.o
 .debug_macro   0x0001bdc9      0x13f Middlewares/Third_Party/FreeRTOS/Source/CMSIS_RTOS/cmsis_os.o
 .debug_macro   0x0001bf08       0x3b Middlewares/Third_Party/FreeRTOS/Source/CMSIS_RTOS/cmsis_os.o
 .debug_macro   0x0001bf43       0x6a Middlewares/Third_Party/FreeRTOS/Source/CMSIS_RTOS/cmsis_os.o
 .debug_macro   0x0001bfad       0xca Middlewares/Third_Party/FreeRTOS/Source/CMSIS_RTOS/cmsis_os.o
 .debug_macro   0x0001c077       0x88 Middlewares/Third_Party/FreeRTOS/Source/CMSIS_RTOS/cmsis_os.o
 .debug_macro   0x0001c0ff      0x71b Middlewares/Third_Party/FreeRTOS/Source/CMSIS_RTOS/cmsis_os.o
 .debug_macro   0x0001c81a      0x185 Middlewares/Third_Party/FreeRTOS/Source/CMSIS_RTOS/cmsis_os.o
 .debug_macro   0x0001c99f      0x168 Middlewares/Third_Party/FreeRTOS/Source/CMSIS_RTOS/cmsis_os.o
 .debug_macro   0x0001cb07       0xe4 Middlewares/Third_Party/FreeRTOS/Source/CMSIS_RTOS/cmsis_os.o
 .debug_macro   0x0001cbeb       0x10 Middlewares/Third_Party/FreeRTOS/Source/CMSIS_RTOS/cmsis_os.o
 .debug_macro   0x0001cbfb       0x1f Middlewares/Third_Party/FreeRTOS/Source/CMSIS_RTOS/cmsis_os.o
 .debug_macro   0x0001cc1a      0x248 Middlewares/Third_Party/FreeRTOS/Source/CMSIS_RTOS/cmsis_os.o
 .debug_macro   0x0001ce62       0xc0 Middlewares/Third_Party/FreeRTOS/Source/CMSIS_RTOS/cmsis_os.o
 .debug_macro   0x0001cf22       0x8c Middlewares/Third_Party/FreeRTOS/Source/CMSIS_RTOS/cmsis_os.o
 .debug_macro   0x0001cfae       0x91 Middlewares/Third_Party/FreeRTOS/Source/CMSIS_RTOS/cmsis_os.o
 .debug_macro   0x0001d03f       0x94 Middlewares/Third_Party/FreeRTOS/Source/CMSIS_RTOS/cmsis_os.o
 .debug_macro   0x0001d0d3       0x63 Middlewares/Third_Party/FreeRTOS/Source/CMSIS_RTOS/cmsis_os.o
 .debug_macro   0x0001d136       0xcf Middlewares/Third_Party/FreeRTOS/Source/CMSIS_RTOS/cmsis_os.o
 .debug_macro   0x0001d205      0x238 Middlewares/Third_Party/FreeRTOS/Source/list.o
 .debug_macro   0x0001d43d      0x2b4 Middlewares/Third_Party/FreeRTOS/Source/queue.o
 .debug_macro   0x0001d6f1      0x317 Middlewares/Third_Party/FreeRTOS/Source/tasks.o
 .debug_macro   0x0001da08       0x11 Middlewares/Third_Party/FreeRTOS/Source/tasks.o
 .debug_macro   0x0001da19      0x25a Middlewares/Third_Party/FreeRTOS/Source/portable/GCC/ARM_CM4F/port.o
 .debug_macro   0x0001dc73      0x25f Middlewares/Third_Party/FreeRTOS/Source/portable/MemMang/heap_4.o
 .debug_macro   0x0001ded2      0x50c Src/main.o
 .debug_macro   0x0001e3de       0xde Src/main.o
 .debug_macro   0x0001e4bc       0x4c Src/main.o
 .debug_macro   0x0001e508       0x46 Src/main.o
 .debug_macro   0x0001e54e      0x324 Src/stm32f3xx_hal_msp.o
 .debug_macro   0x0001e872      0x324 Src/stm32f3xx_hal_timebase_TIM.o
 .debug_macro   0x0001eb96      0x44c Src/stm32f3xx_it.o
 .debug_macro   0x0001efe2      0x32a Src/system_stm32f3xx.o
 .debug_macro   0x0001f30c      0x3f8 Src/usb_device.o
 .debug_macro   0x0001f704      0x4aa Src/usbd_cdc_if.o
 .debug_macro   0x0001fbae       0x40 Src/usbd_cdc_if.o
 .debug_macro   0x0001fbee      0x3da Src/usbd_conf.o
 .debug_macro   0x0001ffc8      0x3fb Src/usbd_desc.o
 .debug_macro   0x000203c3      0x196 TracealyzerLib/trcKernelPort.o
 .debug_macro   0x00020559      0x23c TracealyzerLib/trcSnapshotRecorder.o
 .debug_macro   0x00020795       0xd8 TracealyzerLib/trcSnapshotRecorder.o
 .debug_macro   0x0002086d      0x367 TracealyzerLib/trcSnapshotRecorder.o

.debug_line     0x00000000    0x176e9
 .debug_line    0x00000000      0xa2a Drivers/STM32F3xx_HAL_Driver/Src/stm32f3xx_hal.o
 .debug_line    0x00000a2a      0xe02 Drivers/STM32F3xx_HAL_Driver/Src/stm32f3xx_hal_can.o
 .debug_line    0x0000182c      0xa5a Drivers/STM32F3xx_HAL_Driver/Src/stm32f3xx_hal_cortex.o
 .debug_line    0x00002286      0x9b9 Drivers/STM32F3xx_HAL_Driver/Src/stm32f3xx_hal_gpio.o
 .debug_line    0x00002c3f      0xe08 Drivers/STM32F3xx_HAL_Driver/Src/stm32f3xx_hal_pcd.o
 .debug_line    0x00003a47      0x8f9 Drivers/STM32F3xx_HAL_Driver/Src/stm32f3xx_hal_pcd_ex.o
 .debug_line    0x00004340      0xd13 Drivers/STM32F3xx_HAL_Driver/Src/stm32f3xx_hal_rcc.o
 .debug_line    0x00005053      0xaf0 Drivers/STM32F3xx_HAL_Driver/Src/stm32f3xx_hal_rcc_ex.o
 .debug_line    0x00005b43     0x1ab8 Drivers/STM32F3xx_HAL_Driver/Src/stm32f3xx_hal_tim.o