Archive member included to satisfy reference by file (symbol)

c:/users/ardelean calin/scoop/apps/eclipse-cpp/4.7.3/plugins/fr.ac6.mcu.externaltools.arm-none.win32_1.15.0.201708311556/tools/compiler/bin/../lib/gcc/arm-none-eabi/6.3.1/../../../../arm-none-eabi/lib/thumb/v7e-m/fpv4-sp/hard\libc_nano.a(lib_a-exit.o)
                              c:/users/ardelean calin/scoop/apps/eclipse-cpp/4.7.3/plugins/fr.ac6.mcu.externaltools.arm-none.win32_1.15.0.201708311556/tools/compiler/bin/../lib/gcc/arm-none-eabi/6.3.1/../../../../arm-none-eabi/lib/thumb/v7e-m/fpv4-sp/hard/crt0.o (exit)
c:/users/ardelean calin/scoop/apps/eclipse-cpp/4.7.3/plugins/fr.ac6.mcu.externaltools.arm-none.win32_1.15.0.201708311556/tools/compiler/bin/../lib/gcc/arm-none-eabi/6.3.1/../../../../arm-none-eabi/lib/thumb/v7e-m/fpv4-sp/hard\libc_nano.a(lib_a-impure.o)
                              c:/users/ardelean calin/scoop/apps/eclipse-cpp/4.7.3/plugins/fr.ac6.mcu.externaltools.arm-none.win32_1.15.0.201708311556/tools/compiler/bin/../lib/gcc/arm-none-eabi/6.3.1/../../../../arm-none-eabi/lib/thumb/v7e-m/fpv4-sp/hard\libc_nano.a(lib_a-exit.o) (_global_impure_ptr)
c:/users/ardelean calin/scoop/apps/eclipse-cpp/4.7.3/plugins/fr.ac6.mcu.externaltools.arm-none.win32_1.15.0.201708311556/tools/compiler/bin/../lib/gcc/arm-none-eabi/6.3.1/../../../../arm-none-eabi/lib/thumb/v7e-m/fpv4-sp/hard\libc_nano.a(lib_a-init.o)
                              c:/users/ardelean calin/scoop/apps/eclipse-cpp/4.7.3/plugins/fr.ac6.mcu.externaltools.arm-none.win32_1.15.0.201708311556/tools/compiler/bin/../lib/gcc/arm-none-eabi/6.3.1/../../../../arm-none-eabi/lib/thumb/v7e-m/fpv4-sp/hard/crt0.o (__libc_init_array)
c:/users/ardelean calin/scoop/apps/eclipse-cpp/4.7.3/plugins/fr.ac6.mcu.externaltools.arm-none.win32_1.15.0.201708311556/tools/compiler/bin/../lib/gcc/arm-none-eabi/6.3.1/../../../../arm-none-eabi/lib/thumb/v7e-m/fpv4-sp/hard\libc_nano.a(lib_a-malloc.o)
                              Src/usbd_cdc_if.o (malloc)
c:/users/ardelean calin/scoop/apps/eclipse-cpp/4.7.3/plugins/fr.ac6.mcu.externaltools.arm-none.win32_1.15.0.201708311556/tools/compiler/bin/../lib/gcc/arm-none-eabi/6.3.1/../../../../arm-none-eabi/lib/thumb/v7e-m/fpv4-sp/hard\libc_nano.a(lib_a-memcpy-stub.o)
                              Middlewares/Third_Party/FreeRTOS/Source/queue.o (memcpy)
c:/users/ardelean calin/scoop/apps/eclipse-cpp/4.7.3/plugins/fr.ac6.mcu.externaltools.arm-none.win32_1.15.0.201708311556/tools/compiler/bin/../lib/gcc/arm-none-eabi/6.3.1/../../../../arm-none-eabi/lib/thumb/v7e-m/fpv4-sp/hard\libc_nano.a(lib_a-memset.o)
                              c:/users/ardelean calin/scoop/apps/eclipse-cpp/4.7.3/plugins/fr.ac6.mcu.externaltools.arm-none.win32_1.15.0.201708311556/tools/compiler/bin/../lib/gcc/arm-none-eabi/6.3.1/../../../../arm-none-eabi/lib/thumb/v7e-m/fpv4-sp/hard/crt0.o (memset)
c:/users/ardelean calin/scoop/apps/eclipse-cpp/4.7.3/plugins/fr.ac6.mcu.externaltools.arm-none.win32_1.15.0.201708311556/tools/compiler/bin/../lib/gcc/arm-none-eabi/6.3.1/../../../../arm-none-eabi/lib/thumb/v7e-m/fpv4-sp/hard\libc_nano.a(lib_a-nano-freer.o)
                              c:/users/ardelean calin/scoop/apps/eclipse-cpp/4.7.3/plugins/fr.ac6.mcu.externaltools.arm-none.win32_1.15.0.201708311556/tools/compiler/bin/../lib/gcc/arm-none-eabi/6.3.1/../../../../arm-none-eabi/lib/thumb/v7e-m/fpv4-sp/hard\libc_nano.a(lib_a-malloc.o) (_free_r)
c:/users/ardelean calin/scoop/apps/eclipse-cpp/4.7.3/plugins/fr.ac6.mcu.externaltools.arm-none.win32_1.15.0.201708311556/tools/compiler/bin/../lib/gcc/arm-none-eabi/6.3.1/../../../../arm-none-eabi/lib/thumb/v7e-m/fpv4-sp/hard\libc_nano.a(lib_a-nano-mallocr.o)
                              c:/users/ardelean calin/scoop/apps/eclipse-cpp/4.7.3/plugins/fr.ac6.mcu.externaltools.arm-none.win32_1.15.0.201708311556/tools/compiler/bin/../lib/gcc/arm-none-eabi/6.3.1/../../../../arm-none-eabi/lib/thumb/v7e-m/fpv4-sp/hard\libc_nano.a(lib_a-malloc.o) (_malloc_r)
c:/users/ardelean calin/scoop/apps/eclipse-cpp/4.7.3/plugins/fr.ac6.mcu.externaltools.arm-none.win32_1.15.0.201708311556/tools/compiler/bin/../lib/gcc/arm-none-eabi/6.3.1/../../../../arm-none-eabi/lib/thumb/v7e-m/fpv4-sp/hard\libc_nano.a(lib_a-sbrkr.o)
                              c:/users/ardelean calin/scoop/apps/eclipse-cpp/4.7.3/plugins/fr.ac6.mcu.externaltools.arm-none.win32_1.15.0.201708311556/tools/compiler/bin/../lib/gcc/arm-none-eabi/6.3.1/../../../../arm-none-eabi/lib/thumb/v7e-m/fpv4-sp/hard\libc_nano.a(lib_a-nano-mallocr.o) (_sbrk_r)
c:/users/ardelean calin/scoop/apps/eclipse-cpp/4.7.3/plugins/fr.ac6.mcu.externaltools.arm-none.win32_1.15.0.201708311556/tools/compiler/bin/../lib/gcc/arm-none-eabi/6.3.1/../../../../arm-none-eabi/lib/thumb/v7e-m/fpv4-sp/hard\libc_nano.a(lib_a-mlock.o)
[...]
Memory Configuration

Name             Origin             Length             Attributes
RAM              0x20000000         0x00008000         xrw
CCMRAM           0x10000000         0x00002000         rw
FLASH            0x08000000         0x00020000         xr
*default*        0x00000000         0xffffffff

Linker script and memory map

LOAD c:/users/ardelean calin/scoop/apps/eclipse-cpp/4.7.3/plugins/fr.ac6.mcu.externaltools.arm-none.win32_1.15.0.201708311556/tools/compiler/bin/../lib/gcc/arm-none-eabi/6.3.1/thumb/v7e-m/fpv4-sp/hard/crti.o
LOAD c:/users/ardelean calin/scoop/apps/eclipse-cpp/4.7.3/plugins/fr.ac6.mcu.externaltools.arm-none.win32_1.15.0.201708311556/tools/compiler/bin/../lib/gcc/arm-none-eabi/6.3.1/thumb/v7e-m/fpv4-sp/hard/crtbegin.o
LOAD c:/users/ardelean calin/scoop/apps/eclipse-cpp/4.7.3/plugins/fr.ac6.mcu.externaltools.arm-none.win32_1.15.0.201708311556/tools/compiler/bin/../lib/gcc/arm-none-eabi/6.3.1/../../../../arm-none-eabi/lib/thumb/v7e-m/fpv4-sp/hard/crt0.o
LOAD Drivers/STM32F3xx_HAL_Driver/Src/stm32f3xx_hal.o
LOAD Drivers/STM32F3xx_HAL_Driver/Src/stm32f3xx_hal_can.o
LOAD Drivers/STM32F3xx_HAL_Driver/Src/stm32f3xx_hal_cortex.o
LOAD Drivers/STM32F3xx_HAL_Driver/Src/stm32f3xx_hal_dma.o
LOAD Drivers/STM32F3xx_HAL_Driver/Src/stm32f3xx_hal_flash.o
LOAD Drivers/STM32F3xx_HAL_Driver/Src/stm32f3xx_hal_flash_ex.o
LOAD Drivers/STM32F3xx_HAL_Driver/Src/stm32f3xx_hal_gpio.o
LOAD Drivers/STM32F3xx_HAL_Driver/Src/stm32f3xx_hal_i2c.o
LOAD Drivers/STM32F3xx_HAL_Driver/Src/stm32f3xx_hal_i2c_ex.o
LOAD Drivers/STM32F3xx_HAL_Driver/Src/stm32f3xx_hal_pcd.o
LOAD Drivers/STM32F3xx_HAL_Driver/Src/stm32f3xx_hal_pcd_ex.o
LOAD Drivers/STM32F3xx_HAL_Driver/Src/stm32f3xx_hal_pwr.o
LOAD Drivers/STM32F3xx_HAL_Driver/Src/stm32f3xx_hal_pwr_ex.o
LOAD Drivers/STM32F3xx_HAL_Driver/Src/stm32f3xx_hal_rcc.o
LOAD Drivers/STM32F3xx_HAL_Driver/Src/stm32f3xx_hal_rcc_ex.o
LOAD Drivers/STM32F3xx_HAL_Driver/Src/stm32f3xx_hal_tim.o
LOAD Drivers/STM32F3xx_HAL_Driver/Src/stm32f3xx_hal_tim_ex.o
LOAD Middlewares/ST/STM32_USB_Device_Library/Class/CDC/Src/usbd_cdc.o
LOAD Middlewares/ST/STM32_USB_Device_Library/Core/Src/usbd_core.o
LOAD Middlewares/ST/STM32_USB_Device_Library/Core/Src/usbd_ctlreq.o
LOAD Middlewares/ST/STM32_USB_Device_Library/Core/Src/usbd_ioreq.o
LOAD Middlewares/Third_Party/FreeRTOS/Source/CMSIS_RTOS/cmsis_os.o
LOAD Middlewares/Third_Party/FreeRTOS/Source/croutine.o
LOAD Middlewares/Third_Party/FreeRTOS/Source/event_groups.o
LOAD Middlewares/Third_Party/FreeRTOS/Source/list.o
LOAD Middlewares/Third_Party/FreeRTOS/Source/queue.o
LOAD Middlewares/Third_Party/FreeRTOS/Source/tasks.o
LOAD Middlewares/Third_Party/FreeRTOS/Source/timers.o
LOAD Middlewares/Third_Party/FreeRTOS/Source/portable/GCC/ARM_CM4F/port.o
LOAD Middlewares/Third_Party/FreeRTOS/Source/portable/MemMang/heap_4.o
LOAD Src/freertos.o
LOAD Src/main.o
LOAD Src/state_machine.o
LOAD Src/stm32f3xx_hal_msp.o
LOAD Src/stm32f3xx_hal_timebase_TIM.o
LOAD Src/stm32f3xx_it.o
LOAD Src/system_stm32f3xx.o
LOAD Src/usb_device.o
LOAD Src/usbd_cdc_if.o
LOAD Src/usbd_conf.o
LOAD Src/usbd_desc.o
LOAD startup/startup_stm32f303xc.o
LOAD c:/users/ardelean calin/scoop/apps/eclipse-cpp/4.7.3/plugins/fr.ac6.mcu.externaltools.arm-none.win32_1.15.0.201708311556/tools/compiler/bin/../lib/gcc/arm-none-eabi/6.3.1/../../../../arm-none-eabi/lib/thumb/v7e-m/fpv4-sp/hard\libm.a
START GROUP
LOAD c:/users/ardelean calin/scoop/apps/eclipse-cpp/4.7.3/plugins/fr.ac6.mcu.externaltools.arm-none.win32_1.15.0.201708311556/tools/compiler/bin/../lib/gcc/arm-none-eabi/6.3.1/thumb/v7e-m/fpv4-sp/hard\libgcc.a
LOAD c:/users/ardelean calin/scoop/apps/eclipse-cpp/4.7.3/plugins/fr.ac6.mcu.externaltools.arm-none.win32_1.15.0.201708311556/tools/compiler/bin/../lib/gcc/arm-none-eabi/6.3.1/../../../../arm-none-eabi/lib/thumb/v7e-m/fpv4-sp/hard\libc_nano.a
END GROUP
START GROUP
LOAD c:/users/ardelean calin/scoop/apps/eclipse-cpp/4.7.3/plugins/fr.ac6.mcu.externaltools.arm-none.win32_1.15.0.201708311556/tools/compiler/bin/../lib/gcc/arm-none-eabi/6.3.1/thumb/v7e-m/fpv4-sp/hard\libgcc.a
LOAD c:/users/ardelean calin/scoop/apps/eclipse-cpp/4.7.3/plugins/fr.ac6.mcu.externaltools.arm-none.win32_1.15.0.201708311556/tools/compiler/bin/../lib/gcc/arm-none-eabi/6.3.1/../../../../arm-none-eabi/lib/thumb/v7e-m/fpv4-sp/hard\libc_nano.a
LOAD c:/users/ardelean calin/scoop/apps/eclipse-cpp/4.7.3/plugins/fr.ac6.mcu.externaltools.arm-none.win32_1.15.0.201708311556/tools/compiler/bin/../lib/gcc/arm-none-eabi/6.3.1/../../../../arm-none-eabi/lib/thumb/v7e-m/fpv4-sp/hard\libnosys.a
END GROUP
START GROUP
LOAD c:/users/ardelean calin/scoop/apps/eclipse-cpp/4.7.3/plugins/fr.ac6.mcu.externaltools.arm-none.win32_1.15.0.201708311556/tools/compiler/bin/../lib/gcc/arm-none-eabi/6.3.1/thumb/v7e-m/fpv4-sp/hard\libgcc.a
LOAD c:/users/ardelean calin/scoop/apps/eclipse-cpp/4.7.3/plugins/fr.ac6.mcu.externaltools.arm-none.win32_1.15.0.201708311556/tools/compiler/bin/../lib/gcc/arm-none-eabi/6.3.1/../../../../arm-none-eabi/lib/thumb/v7e-m/fpv4-sp/hard\libc_nano.a
LOAD c:/users/ardelean calin/scoop/apps/eclipse-cpp/4.7.3/plugins/fr.ac6.mcu.externaltools.arm-none.win32_1.15.0.201708311556/tools/compiler/bin/../lib/gcc/arm-none-eabi/6.3.1/../../../../arm-none-eabi/lib/thumb/v7e-m/fpv4-sp/hard\libnosys.a
END GROUP
LOAD c:/users/ardelean calin/scoop/apps/eclipse-cpp/4.7.3/plugins/fr.ac6.mcu.externaltools.arm-none.win32_1.15.0.201708311556/tools/compiler/bin/../lib/gcc/arm-none-eabi/6.3.1/thumb/v7e-m/fpv4-sp/hard/crtend.o
LOAD c:/users/ardelean calin/scoop/apps/eclipse-cpp/4.7.3/plugins/fr.ac6.mcu.externaltools.arm-none.win32_1.15.0.201708311556/tools/compiler/bin/../lib/gcc/arm-none-eabi/6.3.1/thumb/v7e-m/fpv4-sp/hard/crtn.o
                0x20008000                _estack = 0x20008000
                0x00000200                _Min_Heap_Size = 0x200
                0x00000400                _Min_Stack_Size = 0x400

.isr_vector     0x08000000      0x188
                0x08000000                . = ALIGN (0x4)
 *(.isr_vector)
 .isr_vector    0x08000000      0x188 startup/startup_stm32f303xc.o
                0x08000000                g_pfnVectors
                0x08000188                . = ALIGN (0x4)

.text           0x08000190     0x4b64
                0x08000190                . = ALIGN (0x4)
 *(.text)
 .text          0x08000190       0x6c c:/users/ardelean calin/scoop/apps/eclipse-cpp/4.7.3/plugins/fr.ac6.mcu.externaltools.arm-none.win32_1.15.0.201708311556/tools/compiler/bin/../lib/gcc/arm-none-eabi/6.3.1/thumb/v7e-m/fpv4-sp/hard/crtbegin.o
 *(.text*)
 .text.HAL_Init
                0x080001fc       0x24 Drivers/STM32F3xx_HAL_Driver/Src/stm32f3xx_hal.o
                0x080001fc                HAL_Init
 .text.HAL_IncTick
                0x08000220       0x18 Drivers/STM32F3xx_HAL_Driver/Src/stm32f3xx_hal.o
                0x08000220                HAL_IncTick
 .text.HAL_GetTick
                0x08000238        0xc Drivers/STM32F3xx_HAL_Driver/Src/stm32f3xx_hal.o
                0x08000238                HAL_GetTick
 .text.HAL_Delay
                0x08000244       0x28 Drivers/STM32F3xx_HAL_Driver/Src/stm32f3xx_hal.o
                0x08000244                HAL_Delay
 .text.HAL_CAN_Init
                0x0800026c      0x180 Drivers/STM32F3xx_HAL_Driver/Src/stm32f3xx_hal_can.o
                0x0800026c                HAL_CAN_Init
 .text.HAL_NVIC_SetPriorityGrouping
                0x080003ec       0x24 Drivers/STM32F3xx_HAL_Driver/Src/stm32f3xx_hal_cortex.o
                0x080003ec                HAL_NVIC_SetPriorityGrouping
 .text.HAL_NVIC_SetPriority
                0x08000410       0x64 Drivers/STM32F3xx_HAL_Driver/Src/stm32f3xx_hal_cortex.o
                0x08000410                HAL_NVIC_SetPriority
 .text.HAL_NVIC_EnableIRQ
                0x08000474       0x18 Drivers/STM32F3xx_HAL_Driver/Src/stm32f3xx_hal_cortex.o
                0x08000474                HAL_NVIC_EnableIRQ
 .text.HAL_SYSTICK_Config
                0x0800048c       0x2c Drivers/STM32F3xx_HAL_Driver/Src/stm32f3xx_hal_cortex.o
                0x0800048c                HAL_SYSTICK_Config
 .text.HAL_SYSTICK_CLKSourceConfig
                0x080004b8       0x20 Drivers/STM32F3xx_HAL_Driver/Src/stm32f3xx_hal_cortex.o
                0x080004b8                HAL_SYSTICK_CLKSourceConfig
 .text.HAL_GPIO_Init
                0x080004d8      0x1a0 Drivers/STM32F3xx_HAL_Driver/Src/stm32f3xx_hal_gpio.o
                0x080004d8                HAL_GPIO_Init
 .text.HAL_GPIO_WritePin
                0x08000678        0xa Drivers/STM32F3xx_HAL_Driver/Src/stm32f3xx_hal_gpio.o
                0x08000678                HAL_GPIO_WritePin
 .text.HAL_PCD_Init
                0x08000682       0xa8 Drivers/STM32F3xx_HAL_Driver/Src/stm32f3xx_hal_pcd.o
                0x08000682                HAL_PCD_Init
 .text.HAL_PCD_Start
                0x0800072a        0xc Drivers/STM32F3xx_HAL_Driver/Src/stm32f3xx_hal_pcd.o
                0x0800072a                HAL_PCD_Start
 .text.HAL_PCD_SetAddress
                0x08000736       0x2c Drivers/STM32F3xx_HAL_Driver/Src/stm32f3xx_hal_pcd.o
                0x08000736                HAL_PCD_SetAddress
 .text.HAL_PCD_EP_Open
                0x08000762      0x3b0 Drivers/STM32F3xx_HAL_Driver/Src/stm32f3xx_hal_pcd.o
                0x08000762                HAL_PCD_EP_Open
 .text.HAL_PCD_EP_Close
                0x08000b12      0x22a Drivers/STM32F3xx_HAL_Driver/Src/stm32f3xx_hal_pcd.o
                0x08000b12                HAL_PCD_EP_Close
 .text.HAL_PCD_EP_Receive
                0x08000d3c      0x16a Drivers/STM32F3xx_HAL_Driver/Src/stm32f3xx_hal_pcd.o
                0x08000d3c                HAL_PCD_EP_Receive
 .text.HAL_PCD_EP_GetRxCount
                0x08000ea6       0x12 Drivers/STM32F3xx_HAL_Driver/Src/stm32f3xx_hal_pcd.o
                0x08000ea6                HAL_PCD_EP_GetRxCount
 .text.HAL_PCD_EP_Transmit
                0x08000eb8      0x138 Drivers/STM32F3xx_HAL_Driver/Src/stm32f3xx_hal_pcd.o
                0x08000eb8                HAL_PCD_EP_Transmit
 .text.PCD_EP_ISR_Handler
                0x08000ff0      0x4a4 Drivers/STM32F3xx_HAL_Driver/Src/stm32f3xx_hal_pcd.o
 .text.HAL_PCD_IRQHandler
                0x08001494      0x11c Drivers/STM32F3xx_HAL_Driver/Src/stm32f3xx_hal_pcd.o
                0x08001494                HAL_PCD_IRQHandler
 .text.HAL_PCD_EP_SetStall
                0x080015b0       0xc0 Drivers/STM32F3xx_HAL_Driver/Src/stm32f3xx_hal_pcd.o
                0x080015b0                HAL_PCD_EP_SetStall
 .text.HAL_PCD_EP_ClrStall
                0x08001670       0xea Drivers/STM32F3xx_HAL_Driver/Src/stm32f3xx_hal_pcd.o
                0x08001670                HAL_PCD_EP_ClrStall
 .text.HAL_PCDEx_PMAConfig
                0x0800175a       0x40 Drivers/STM32F3xx_HAL_Driver/Src/stm32f3xx_hal_pcd_ex.o
                0x0800175a                HAL_PCDEx_PMAConfig
 .text.PCD_WritePMA
                0x0800179a       0x2c Drivers/STM32F3xx_HAL_Driver/Src/stm32f3xx_hal_pcd_ex.o
                0x0800179a                PCD_WritePMA
 .text.PCD_ReadPMA
                0x080017c6       0x32 Drivers/STM32F3xx_HAL_Driver/Src/stm32f3xx_hal_pcd_ex.o
                0x080017c6                PCD_ReadPMA
 .text.HAL_RCC_OscConfig
                0x080017f8      0x60c Drivers/STM32F3xx_HAL_Driver/Src/stm32f3xx_hal_rcc.o
                0x080017f8                HAL_RCC_OscConfig
 .text.HAL_RCC_GetSysClockFreq
                0x08001e04       0x7c Drivers/STM32F3xx_HAL_Driver/Src/stm32f3xx_hal_rcc.o
                0x08001e04                HAL_RCC_GetSysClockFreq
 .text.HAL_RCC_ClockConfig
                0x08001e80      0x1d4 Drivers/STM32F3xx_HAL_Driver/Src/stm32f3xx_hal_rcc.o
                0x08001e80                HAL_RCC_ClockConfig
 .text.HAL_RCC_GetHCLKFreq
                0x08002054        0xc Drivers/STM32F3xx_HAL_Driver/Src/stm32f3xx_hal_rcc.o
                0x08002054                HAL_RCC_GetHCLKFreq
 .text.HAL_RCC_GetPCLK1Freq
                0x08002060       0x2c Drivers/STM32F3xx_HAL_Driver/Src/stm32f3xx_hal_rcc.o
                0x08002060                HAL_RCC_GetPCLK1Freq
 .text.HAL_RCC_GetClockConfig
                0x0800208c       0x3c Drivers/STM32F3xx_HAL_Driver/Src/stm32f3xx_hal_rcc.o
                0x0800208c                HAL_RCC_GetClockConfig
 .text.HAL_RCCEx_PeriphCLKConfig
                0x080020c8      0x268 Drivers/STM32F3xx_HAL_Driver/Src/stm32f3xx_hal_rcc_ex.o
                0x080020c8                HAL_RCCEx_PeriphCLKConfig
 .text.HAL_TIM_Base_MspInit
                0x08002330        0x2 Drivers/STM32F3xx_HAL_Driver/Src/stm32f3xx_hal_tim.o
                0x08002330                HAL_TIM_Base_MspInit
 .text.HAL_TIM_Base_Start_IT
                0x08002332       0x18 Drivers/STM32F3xx_HAL_Driver/Src/stm32f3xx_hal_tim.o
                0x08002332                HAL_TIM_Base_Start_IT
 .text.HAL_TIM_OC_DelayElapsedCallback
                0x0800234a        0x2 Drivers/STM32F3xx_HAL_Driver/Src/stm32f3xx_hal_tim.o
                0x0800234a                HAL_TIM_OC_DelayElapsedCallback
 .text.HAL_TIM_IC_CaptureCallback
                0x0800234c        0x2 Drivers/STM32F3xx_HAL_Driver/Src/stm32f3xx_hal_tim.o
                0x0800234c                HAL_TIM_IC_CaptureCallback
 .text.HAL_TIM_PWM_PulseFinishedCallback
                0x0800234e        0x2 Drivers/STM32F3xx_HAL_Driver/Src/stm32f3xx_hal_tim.o
                0x0800234e                HAL_TIM_PWM_PulseFinishedCallback
 .text.HAL_TIM_TriggerCallback
                0x08002350        0x2 Drivers/STM32F3xx_HAL_Driver/Src/stm32f3xx_hal_tim.o
                0x08002350                HAL_TIM_TriggerCallback
 .text.HAL_TIM_IRQHandler
                0x08002352      0x19a Drivers/STM32F3xx_HAL_Driver/Src/stm32f3xx_hal_tim.o
                0x08002352                HAL_TIM_IRQHandler
 .text.TIM_Base_SetConfig
                0x080024ec       0xb8 Drivers/STM32F3xx_HAL_Driver/Src/stm32f3xx_hal_tim.o
                0x080024ec                TIM_Base_SetConfig
 .text.HAL_TIM_Base_Init
                0x080025a4       0x32 Drivers/STM32F3xx_HAL_Driver/Src/stm32f3xx_hal_tim.o
                0x080025a4                HAL_TIM_Base_Init
 .text.HAL_TIMEx_CommutationCallback
                0x080025d6        0x2 Drivers/STM32F3xx_HAL_Driver/Src/stm32f3xx_hal_tim_ex.o
                0x080025d6                HAL_TIMEx_CommutationCallback
 .text.HAL_TIMEx_BreakCallback
                0x080025d8        0x2 Drivers/STM32F3xx_HAL_Driver/Src/stm32f3xx_hal_tim_ex.o
                0x080025d8                HAL_TIMEx_BreakCallback
 .text.HAL_TIMEx_Break2Callback
                0x080025da        0x2 Drivers/STM32F3xx_HAL_Driver/Src/stm32f3xx_hal_tim_ex.o
                0x080025da                HAL_TIMEx_Break2Callback
 .text.USBD_CDC_DataIn
                0x080025dc       0x12 Middlewares/ST/STM32_USB_Device_Library/Class/CDC/Src/usbd_cdc.o
 .text.USBD_CDC_EP0_RxReady
                0x080025ee       0x28 Middlewares/ST/STM32_USB_Device_Library/Class/CDC/Src/usbd_cdc.o
 *fill*         0x08002616        0x2 
 .text.USBD_CDC_GetFSCfgDesc
                0x08002618        0xc Middlewares/ST/STM32_USB_Device_Library/Class/CDC/Src/usbd_cdc.o
 .text.USBD_CDC_GetHSCfgDesc
                0x08002624        0xc Middlewares/ST/STM32_USB_Device_Library/Class/CDC/Src/usbd_cdc.o
 .text.USBD_CDC_GetOtherSpeedCfgDesc
                0x08002630        0xc Middlewares/ST/STM32_USB_Device_Library/Class/CDC/Src/usbd_cdc.o
 .text.USBD_CDC_GetDeviceQualifierDescriptor
                0x0800263c        0xc Middlewares/ST/STM32_USB_Device_Library/Class/CDC/Src/usbd_cdc.o
                0x0800263c                USBD_CDC_GetDeviceQualifierDescriptor
 .text.USBD_CDC_DataOut
                0x08002648       0x2e Middlewares/ST/STM32_USB_Device_Library/Class/CDC/Src/usbd_cdc.o
 *fill*         0x08002676        0x2 
 .text.USBD_CDC_Setup
                0x08002678       0x74 Middlewares/ST/STM32_USB_Device_Library/Class/CDC/Src/usbd_cdc.o
 .text.USBD_CDC_DeInit
                0x080026ec       0x3a Middlewares/ST/STM32_USB_Device_Library/Class/CDC/Src/usbd_cdc.o
 .text.USBD_CDC_Init
                0x08002726       0x96 Middlewares/ST/STM32_USB_Device_Library/Class/CDC/Src/usbd_cdc.o
 .text.USBD_CDC_RegisterInterface
                0x080027bc        0xe Middlewares/ST/STM32_USB_Device_Library/Class/CDC/Src/usbd_cdc.o
                0x080027bc                USBD_CDC_RegisterInterface
 .text.USBD_CDC_SetTxBuffer
                0x080027ca       0x10 Middlewares/ST/STM32_USB_Device_Library/Class/CDC/Src/usbd_cdc.o
                0x080027ca                USBD_CDC_SetTxBuffer
 .text.USBD_CDC_SetRxBuffer
                0x080027da        0xc Middlewares/ST/STM32_USB_Device_Library/Class/CDC/Src/usbd_cdc.o
                0x080027da                USBD_CDC_SetRxBuffer
 .text.USBD_CDC_TransmitPacket
                0x080027e6       0x2e Middlewares/ST/STM32_USB_Device_Library/Class/CDC/Src/usbd_cdc.o
                0x080027e6                USBD_CDC_TransmitPacket
 .text.USBD_CDC_ReceivePacket
                0x08002814       0x32 Middlewares/ST/STM32_USB_Device_Library/Class/CDC/Src/usbd_cdc.o
                0x08002814                USBD_CDC_ReceivePacket
 .text.USBD_Init
                0x08002846       0x2e Middlewares/ST/STM32_USB_Device_Library/Core/Src/usbd_core.o
                0x08002846                USBD_Init
 .text.USBD_RegisterClass
                0x08002874        0xe Middlewares/ST/STM32_USB_Device_Library/Core/Src/usbd_core.o
                0x08002874                USBD_RegisterClass
 .text.USBD_Start
                0x08002882        0xa Middlewares/ST/STM32_USB_Device_Library/Core/Src/usbd_core.o
                0x08002882                USBD_Start
 .text.USBD_SetClassConfig
                0x0800288c       0x1a Middlewares/ST/STM32_USB_Device_Library/Core/Src/usbd_core.o
                0x0800288c                USBD_SetClassConfig
 .text.USBD_ClrClassConfig
                0x080028a6        0xe Middlewares/ST/STM32_USB_Device_Library/Core/Src/usbd_core.o
                0x080028a6                USBD_ClrClassConfig
 .text.USBD_LL_SetupStage
                0x080028b4       0x5a Middlewares/ST/STM32_USB_Device_Library/Core/Src/usbd_core.o
                0x080028b4                USBD_LL_SetupStage
 .text.USBD_LL_DataOutStage
                0x0800290e       0x6a Middlewares/ST/STM32_USB_Device_Library/Core/Src/usbd_core.o
                0x0800290e                USBD_LL_DataOutStage
 .text.USBD_LL_DataInStage
                0x08002978       0xb2 Middlewares/ST/STM32_USB_Device_Library/Core/Src/usbd_core.o
                0x08002978                USBD_LL_DataInStage
 .text.USBD_LL_Reset
                0x08002a2a       0x3e Middlewares/ST/STM32_USB_Device_Library/Core/Src/usbd_core.o
                0x08002a2a                USBD_LL_Reset
 .text.USBD_LL_SetSpeed
                0x08002a68        0x6 Middlewares/ST/STM32_USB_Device_Library/Core/Src/usbd_core.o
                0x08002a68                USBD_LL_SetSpeed
 .text.USBD_LL_Suspend
                0x08002a6e       0x12 Middlewares/ST/STM32_USB_Device_Library/Core/Src/usbd_core.o
                0x08002a6e                USBD_LL_Suspend
 .text.USBD_LL_Resume
                0x08002a80        0xc Middlewares/ST/STM32_USB_Device_Library/Core/Src/usbd_core.o
                0x08002a80                USBD_LL_Resume
 .text.USBD_LL_SOF
                0x08002a8c       0x1c Middlewares/ST/STM32_USB_Device_Library/Core/Src/usbd_core.o
                0x08002a8c                USBD_LL_SOF
 .text.USBD_GetLen
                0x08002aa8       0x14 Middlewares/ST/STM32_USB_Device_Library/Core/Src/usbd_ctlreq.o
 .text.USBD_SetFeature
                0x08002abc       0x20 Middlewares/ST/STM32_USB_Device_Library/Core/Src/usbd_ctlreq.o
 .text.USBD_ParseSetupRequest
                0x08002adc       0x28 Middlewares/ST/STM32_USB_Device_Library/Core/Src/usbd_ctlreq.o
                0x08002adc                USBD_ParseSetupRequest
 .text.USBD_CtlError
                0x08002b04       0x14 Middlewares/ST/STM32_USB_Device_Library/Core/Src/usbd_ctlreq.o
                0x08002b04                USBD_CtlError
 .text.USBD_GetDescriptor
                0x08002b18      0x132 Middlewares/ST/STM32_USB_Device_Library/Core/Src/usbd_ctlreq.o
 .text.USBD_SetAddress
                0x08002c4a       0x4a Middlewares/ST/STM32_USB_Device_Library/Core/Src/usbd_ctlreq.o
 .text.USBD_SetConfig
                0x08002c94       0xa4 Middlewares/ST/STM32_USB_Device_Library/Core/Src/usbd_ctlreq.o
 .text.USBD_GetConfig
                0x08002d38       0x3a Middlewares/ST/STM32_USB_Device_Library/Core/Src/usbd_ctlreq.o
 .text.USBD_GetStatus
                0x08002d72       0x2c Middlewares/ST/STM32_USB_Device_Library/Core/Src/usbd_ctlreq.o
 .text.USBD_ClrFeature
                0x08002d9e       0x32 Middlewares/ST/STM32_USB_Device_Library/Core/Src/usbd_ctlreq.o
 .text.USBD_StdDevReq
                0x08002dd0       0x48 Middlewares/ST/STM32_USB_Device_Library/Core/Src/usbd_ctlreq.o
                0x08002dd0                USBD_StdDevReq
 .text.USBD_StdItfReq
                0x08002e18       0x38 Middlewares/ST/STM32_USB_Device_Library/Core/Src/usbd_ctlreq.o
                0x08002e18                USBD_StdItfReq
 .text.USBD_StdEPReq
                0x08002e50      0x118 Middlewares/ST/STM32_USB_Device_Library/Core/Src/usbd_ctlreq.o
                0x08002e50                USBD_StdEPReq
 .text.USBD_GetString
                0x08002f68       0x3a Middlewares/ST/STM32_USB_Device_Library/Core/Src/usbd_ctlreq.o
                0x08002f68                USBD_GetString
 .text.USBD_CtlSendData
                0x08002fa2       0x1a Middlewares/ST/STM32_USB_Device_Library/Core/Src/usbd_ioreq.o
                0x08002fa2                USBD_CtlSendData
 .text.USBD_CtlContinueSendData
                0x08002fbc       0x10 Middlewares/ST/STM32_USB_Device_Library/Core/Src/usbd_ioreq.o
                0x08002fbc                USBD_CtlContinueSendData
 .text.USBD_CtlPrepareRx
                0x08002fcc       0x1e Middlewares/ST/STM32_USB_Device_Library/Core/Src/usbd_ioreq.o
                0x08002fcc                USBD_CtlPrepareRx
 .text.USBD_CtlContinueRx
                0x08002fea       0x10 Middlewares/ST/STM32_USB_Device_Library/Core/Src/usbd_ioreq.o
                0x08002fea                USBD_CtlContinueRx
 .text.USBD_CtlSendStatus
                0x08002ffa       0x16 Middlewares/ST/STM32_USB_Device_Library/Core/Src/usbd_ioreq.o
                0x08002ffa                USBD_CtlSendStatus
 .text.USBD_CtlReceiveStatus
                0x08003010       0x16 Middlewares/ST/STM32_USB_Device_Library/Core/Src/usbd_ioreq.o
                0x08003010                USBD_CtlReceiveStatus
 .text.osSystickHandler
                0x08003026       0x10 Middlewares/Third_Party/FreeRTOS/Source/CMSIS_RTOS/cmsis_os.o
                0x08003026                osSystickHandler
 .text.vListInitialise
                0x08003036       0x16 Middlewares/Third_Party/FreeRTOS/Source/list.o
                0x08003036                vListInitialise
 .text.vListInitialiseItem
                0x0800304c        0x6 Middlewares/Third_Party/FreeRTOS/Source/list.o
                0x0800304c                vListInitialiseItem
 .text.vListInsertEnd
                0x08003052       0x18 Middlewares/Third_Party/FreeRTOS/Source/list.o
                0x08003052                vListInsertEnd
 .text.vListInsert
                0x0800306a       0x34 Middlewares/Third_Party/FreeRTOS/Source/list.o
                0x0800306a                vListInsert
 .text.uxListRemove
                0x0800309e       0x26 Middlewares/Third_Party/FreeRTOS/Source/list.o
                0x0800309e                uxListRemove
 .text.prvIsQueueEmpty
                0x080030c4       0x1a Middlewares/Third_Party/FreeRTOS/Source/queue.o
 .text.prvCopyDataToQueue
                0x080030de       0x56 Middlewares/Third_Party/FreeRTOS/Source/queue.o
 .text.prvCopyDataFromQueue
                0x08003134       0x24 Middlewares/Third_Party/FreeRTOS/Source/queue.o
 .text.prvUnlockQueue
                0x08003158       0x6e Middlewares/Third_Party/FreeRTOS/Source/queue.o
 *fill*         0x080031c6        0x2 
 .text.xQueueGenericReset
                0x080031c8       0x80 Middlewares/Third_Party/FreeRTOS/Source/queue.o
                0x080031c8                xQueueGenericReset
 .text.prvInitialiseNewQueue
                0x08003248       0x1c Middlewares/Third_Party/FreeRTOS/Source/queue.o
 .text.xQueueGenericCreate
                0x08003264       0x48 Middlewares/Third_Party/FreeRTOS/Source/queue.o
                0x08003264                xQueueGenericCreate
 .text.xQueueGenericSendFromISR
                0x080032ac       0xde Middlewares/Third_Party/FreeRTOS/Source/queue.o
                0x080032ac                xQueueGenericSendFromISR
 *fill*         0x0800338a        0x2 
 .text.xQueueGenericReceive
                0x0800338c      0x18c Middlewares/Third_Party/FreeRTOS/Source/queue.o
                0x0800338c                xQueueGenericReceive
 .text.prvIdleTask
                0x08003518       0x24 Middlewares/Third_Party/FreeRTOS/Source/tasks.o
 .text.prvResetNextTaskUnblockTime
                0x0800353c       0x34 Middlewares/Third_Party/FreeRTOS/Source/tasks.o
 .text.prvInitialiseNewTask
                0x08003570       0x76 Middlewares/Third_Party/FreeRTOS/Source/tasks.o
 *fill*         0x080035e6        0x2 
 .text.prvInitialiseTaskLists
                0x080035e8       0x50 Middlewares/Third_Party/FreeRTOS/Source/tasks.o
 .text.prvAddNewTaskToReadyList
                0x08003638       0xac Middlewares/Third_Party/FreeRTOS/Source/tasks.o
 .text.prvAddCurrentTaskToDelayedList
                0x080036e4       0x8c Middlewares/Third_Party/FreeRTOS/Source/tasks.o
 .text.xTaskCreate
                0x08003770       0x62 Middlewares/Third_Party/FreeRTOS/Source/tasks.o
                0x08003770                xTaskCreate
 *fill*         0x080037d2        0x2 
 .text.vTaskStartScheduler
                0x080037d4       0x74 Middlewares/Third_Party/FreeRTOS/Source/tasks.o
                0x080037d4                vTaskStartScheduler
 .text.vTaskSuspendAll
                0x08003848       0x14 Middlewares/Third_Party/FreeRTOS/Source/tasks.o
                0x08003848                vTaskSuspendAll
 .text.xTaskIncrementTick
                0x0800385c      0x124 Middlewares/Third_Party/FreeRTOS/Source/tasks.o
                0x0800385c                xTaskIncrementTick
 .text.xTaskResumeAll
                0x08003980       0xf4 Middlewares/Third_Party/FreeRTOS/Source/tasks.o
                0x08003980                xTaskResumeAll
 .text.vTaskSwitchContext
                0x08003a74       0x90 Middlewares/Third_Party/FreeRTOS/Source/tasks.o
                0x08003a74                vTaskSwitchContext
 .text.vTaskPlaceOnEventList
                0x08003b04       0x34 Middlewares/Third_Party/FreeRTOS/Source/tasks.o
                0x08003b04                vTaskPlaceOnEventList
 .text.xTaskRemoveFromEventList
                0x08003b38       0x84 Middlewares/Third_Party/FreeRTOS/Source/tasks.o
                0x08003b38                xTaskRemoveFromEventList
 .text.vTaskSetTimeOutState
                0x08003bbc       0x28 Middlewares/Third_Party/FreeRTOS/Source/tasks.o
                0x08003bbc                vTaskSetTimeOutState
 .text.xTaskCheckForTimeOut
                0x08003be4       0x80 Middlewares/Third_Party/FreeRTOS/Source/tasks.o
                0x08003be4                xTaskCheckForTimeOut
 .text.vTaskMissedYield
                0x08003c64       0x10 Middlewares/Third_Party/FreeRTOS/Source/tasks.o
                0x08003c64                vTaskMissedYield
 .text.xTaskGetSchedulerState
                0x08003c74       0x20 Middlewares/Third_Party/FreeRTOS/Source/tasks.o
                0x08003c74                xTaskGetSchedulerState
 .text.prvTaskExitError
                0x08003c94       0x34 Middlewares/Third_Party/FreeRTOS/Source/portable/GCC/ARM_CM4F/port.o
 .text.prvPortStartFirstTask
                0x08003cc8       0x20 Middlewares/Third_Party/FreeRTOS/Source/portable/GCC/ARM_CM4F/port.o
 .text.vPortEnableVFP
                0x08003ce8       0x14 Middlewares/Third_Party/FreeRTOS/Source/portable/GCC/ARM_CM4F/port.o
 .text.pxPortInitialiseStack
                0x08003cfc       0x2c Middlewares/Third_Party/FreeRTOS/Source/portable/GCC/ARM_CM4F/port.o
                0x08003cfc                pxPortInitialiseStack
 *fill*         0x08003d28        0x8 
 .text.SVC_Handler
                0x08003d30       0x24 Middlewares/Third_Party/FreeRTOS/Source/portable/GCC/ARM_CM4F/port.o
                0x08003d30                SVC_Handler
 .text.vPortEnterCritical
                0x08003d54       0x44 Middlewares/Third_Party/FreeRTOS/Source/portable/GCC/ARM_CM4F/port.o
                0x08003d54                vPortEnterCritical
 .text.vPortExitCritical
                0x08003d98       0x2c Middlewares/Third_Party/FreeRTOS/Source/portable/GCC/ARM_CM4F/port.o
                0x08003d98                vPortExitCritical
 *fill*         0x08003dc4        0xc 
 .text.PendSV_Handler
                0x08003dd0       0x64 Middlewares/Third_Party/FreeRTOS/Source/portable/GCC/ARM_CM4F/port.o
                0x08003dd0                PendSV_Handler
 .text.xPortSysTickHandler
                0x08003e34       0x2c Middlewares/Third_Party/FreeRTOS/Source/portable/GCC/ARM_CM4F/port.o
                0x08003e34                xPortSysTickHandler
 .text.vPortSetupTimerInterrupt
                0x08003e60       0x2c Middlewares/Third_Party/FreeRTOS/Source/portable/GCC/ARM_CM4F/port.o
                0x08003e60                vPortSetupTimerInterrupt
 .text.xPortStartScheduler
                0x08003e8c       0xe8 Middlewares/Third_Party/FreeRTOS/Source/portable/GCC/ARM_CM4F/port.o
                0x08003e8c                xPortStartScheduler
 .text.vPortValidateInterruptPriority
                0x08003f74       0x58 Middlewares/Third_Party/FreeRTOS/Source/portable/GCC/ARM_CM4F/port.o
                0x08003f74                vPortValidateInterruptPriority
 .text.prvHeapInit
                0x08003fcc       0x54 Middlewares/Third_Party/FreeRTOS/Source/portable/MemMang/heap_4.o
 .text.prvInsertBlockIntoFreeList
                0x08004020       0x58 Middlewares/Third_Party/FreeRTOS/Source/portable/MemMang/heap_4.o
 .text.pvPortMalloc
                0x08004078      0x10c Middlewares/Third_Party/FreeRTOS/Source/portable/MemMang/heap_4.o
                0x08004078                pvPortMalloc
 .text.vPortFree
                0x08004184       0x70 Middlewares/Third_Party/FreeRTOS/Source/portable/MemMang/heap_4.o
                0x08004184                vPortFree
 .text.MX_GPIO_Init
                0x080041f4       0x44 Src/main.o
 .text.USB_DEVICE_MasterHardReset
                0x08004238       0x38 Src/main.o
                0x08004238                USB_DEVICE_MasterHardReset
 .text.vMainTask
                0x08004270       0x3c Src/main.o
                0x08004270                vMainTask
 .text.HAL_TIM_PeriodElapsedCallback
                0x080042ac       0x18 Src/main.o
                0x080042ac                HAL_TIM_PeriodElapsedCallback
 .text._Error_Handler
                0x080042c4        0x2 Src/main.o
                0x080042c4                _Error_Handler
 *fill*         0x080042c6        0x2 
 .text.MX_CAN_Init
                0x080042c8       0x44 Src/main.o
 .text.SystemClock_Config
                0x0800430c       0xa0 Src/main.o
                0x0800430c                SystemClock_Config
 .text.main     0x080043ac       0x48 Src/main.o
                0x080043ac                main
 .text.HAL_MspInit
                0x080043f4       0x90 Src/stm32f3xx_hal_msp.o
                0x080043f4                HAL_MspInit
 .text.HAL_CAN_MspInit
                0x08004484       0x50 Src/stm32f3xx_hal_msp.o
                0x08004484                HAL_CAN_MspInit
 .text.HAL_InitTick
                0x080044d4       0x7c Src/stm32f3xx_hal_timebase_TIM.o
                0x080044d4                HAL_InitTick
 .text.NMI_Handler
                0x08004550        0x2 Src/stm32f3xx_it.o
                0x08004550                NMI_Handler
 .text.HardFault_Handler
                0x08004552        0x2 Src/stm32f3xx_it.o
                0x08004552                HardFault_Handler
 .text.MemManage_Handler
                0x08004554        0x2 Src/stm32f3xx_it.o
                0x08004554                MemManage_Handler
 .text.BusFault_Handler
                0x08004556        0x2 Src/stm32f3xx_it.o
                0x08004556                BusFault_Handler
 .text.UsageFault_Handler
                0x08004558        0x2 Src/stm32f3xx_it.o
                0x08004558                UsageFault_Handler
 .text.DebugMon_Handler
                0x0800455a        0x2 Src/stm32f3xx_it.o
                0x0800455a                DebugMon_Handler
 .text.SysTick_Handler
                0x0800455c        0x8 Src/stm32f3xx_it.o
                0x0800455c                SysTick_Handler
 .text.TIM3_IRQHandler
                0x08004564       0x10 Src/stm32f3xx_it.o
                0x08004564                TIM3_IRQHandler
 .text.USB_LP_IRQHandler
                0x08004574       0x10 Src/stm32f3xx_it.o
                0x08004574                USB_LP_IRQHandler
 .text.SystemInit
                0x08004584       0x68 Src/system_stm32f3xx.o
                0x08004584                SystemInit
 .text.MX_USB_DEVICE_Init
                0x080045ec       0x38 Src/usb_device.o
                0x080045ec                MX_USB_DEVICE_Init
 .text.CDC_DeInit_FS
                0x08004624        0x4 Src/usbd_cdc_if.o
 .text.CDC_Control_FS
                0x08004628        0x4 Src/usbd_cdc_if.o
 .text.CDC_Receive_FS
                0x0800462c       0x74 Src/usbd_cdc_if.o
 .text.CDC_Init_FS
                0x080046a0       0x28 Src/usbd_cdc_if.o
 .text.CDC_Transmit_FS
                0x080046c8       0x2c Src/usbd_cdc_if.o
                0x080046c8                CDC_Transmit_FS
 .text.HAL_PCD_MspInit
                0x080046f4       0x6c Src/usbd_conf.o
                0x080046f4                HAL_PCD_MspInit
 .text.HAL_PCD_SetupStageCallback
                0x08004760       0x10 Src/usbd_conf.o
                0x08004760                HAL_PCD_SetupStageCallback
 .text.HAL_PCD_DataOutStageCallback
                0x08004770       0x18 Src/usbd_conf.o
                0x08004770                HAL_PCD_DataOutStageCallback
 .text.HAL_PCD_DataInStageCallback
                0x08004788       0x16 Src/usbd_conf.o
                0x08004788                HAL_PCD_DataInStageCallback
 .text.HAL_PCD_SOFCallback
                0x0800479e        0xc Src/usbd_conf.o
                0x0800479e                HAL_PCD_SOFCallback
 .text.HAL_PCD_ResetCallback
                0x080047aa       0x18 Src/usbd_conf.o
                0x080047aa                HAL_PCD_ResetCallback
 *fill*         0x080047c2        0x2 
 .text.HAL_PCD_SuspendCallback
                0x080047c4       0x20 Src/usbd_conf.o
                0x080047c4                HAL_PCD_SuspendCallback
 .text.HAL_PCD_ResumeCallback
                0x080047e4        0xc Src/usbd_conf.o
                0x080047e4                HAL_PCD_ResumeCallback
 .text.USBD_LL_Init
                0x080047f0       0x90 Src/usbd_conf.o
                0x080047f0                USBD_LL_Init
 .text.USBD_LL_Start
                0x08004880       0x1c Src/usbd_conf.o
                0x08004880                USBD_LL_Start
 .text.USBD_LL_OpenEP
                0x0800489c       0x22 Src/usbd_conf.o
                0x0800489c                USBD_LL_OpenEP
 .text.USBD_LL_CloseEP
                0x080048be       0x1c Src/usbd_conf.o
                0x080048be                USBD_LL_CloseEP
 .text.USBD_LL_StallEP
                0x080048da       0x1c Src/usbd_conf.o
                0x080048da                USBD_LL_StallEP
 .text.USBD_LL_ClearStallEP
                0x080048f6       0x1c Src/usbd_conf.o
                0x080048f6                USBD_LL_ClearStallEP
 .text.USBD_LL_IsStallEP
                0x08004912       0x2e Src/usbd_conf.o
                0x08004912                USBD_LL_IsStallEP
 .text.USBD_LL_SetUSBAddress
                0x08004940       0x1c Src/usbd_conf.o
                0x08004940                USBD_LL_SetUSBAddress
 .text.USBD_LL_Transmit
                0x0800495c       0x1c Src/usbd_conf.o
                0x0800495c                USBD_LL_Transmit
 .text.USBD_LL_PrepareReceive
                0x08004978       0x1c Src/usbd_conf.o
                0x08004978                USBD_LL_PrepareReceive
 .text.USBD_LL_GetRxDataSize
                0x08004994        0xc Src/usbd_conf.o
                0x08004994                USBD_LL_GetRxDataSize
 .text.USBD_static_malloc
                0x080049a0        0x8 Src/usbd_conf.o
                0x080049a0                USBD_static_malloc
 .text.USBD_static_free
                0x080049a8        0x2 Src/usbd_conf.o
                0x080049a8                USBD_static_free
 .text.HAL_PCDEx_SetConnectionState
                0x080049aa        0x2 Src/usbd_conf.o
                0x080049aa                HAL_PCDEx_SetConnectionState
 .text.USBD_FS_DeviceDescriptor
                0x080049ac        0xc Src/usbd_desc.o
                0x080049ac                USBD_FS_DeviceDescriptor
 .text.USBD_FS_LangIDStrDescriptor
                0x080049b8        0xc Src/usbd_desc.o
                0x080049b8                USBD_FS_LangIDStrDescriptor
 .text.USBD_FS_ProductStrDescriptor
                0x080049c4       0x24 Src/usbd_desc.o
                0x080049c4                USBD_FS_ProductStrDescriptor
 .text.USBD_FS_ManufacturerStrDescriptor
                0x080049e8       0x1c Src/usbd_desc.o
                0x080049e8                USBD_FS_ManufacturerStrDescriptor
 .text.USBD_FS_SerialStrDescriptor
                0x08004a04       0x24 Src/usbd_desc.o
                0x08004a04                USBD_FS_SerialStrDescriptor
 .text.USBD_FS_ConfigStrDescriptor
                0x08004a28       0x24 Src/usbd_desc.o
                0x08004a28                USBD_FS_ConfigStrDescriptor
 .text.USBD_FS_InterfaceStrDescriptor
                0x08004a4c       0x24 Src/usbd_desc.o
                0x08004a4c                USBD_FS_InterfaceStrDescriptor
 .text.Reset_Handler
                0x08004a70       0x50 startup/startup_stm32f303xc.o
                0x08004a70                Reset_Handler
 .text.Default_Handler
                0x08004ac0        0x2 startup/startup_stm32f303xc.o
                0x08004ac0                RTC_Alarm_IRQHandler
                0x08004ac0                TIM8_TRG_COM_IRQHandler
                0x08004ac0                TIM8_CC_IRQHandler
                0x08004ac0                TIM1_CC_IRQHandler
                0x08004ac0                USB_HP_IRQHandler
                0x08004ac0                PVD_IRQHandler
                0x08004ac0                TAMP_STAMP_IRQHandler
                0x08004ac0                EXTI3_IRQHandler
                0x08004ac0                USB_HP_CAN_TX_IRQHandler
                0x08004ac0                EXTI0_IRQHandler
                0x08004ac0                I2C2_EV_IRQHandler
                0x08004ac0                FPU_IRQHandler
                0x08004ac0                TIM1_UP_TIM16_IRQHandler
                0x08004ac0                ADC1_2_IRQHandler
                0x08004ac0                SPI1_IRQHandler
                0x08004ac0                CAN_SCE_IRQHandler
                0x08004ac0                TIM6_DAC_IRQHandler
                0x08004ac0                TIM8_UP_IRQHandler
                0x08004ac0                DMA2_Channel2_IRQHandler
                0x08004ac0                DMA1_Channel4_IRQHandler
                0x08004ac0                USART3_IRQHandler
                0x08004ac0                DMA1_Channel7_IRQHandler
                0x08004ac0                UART5_IRQHandler
                0x08004ac0                ADC3_IRQHandler
                0x08004ac0                TIM4_IRQHandler
                0x08004ac0                CAN_RX1_IRQHandler
                0x08004ac0                DMA2_Channel1_IRQHandler
                0x08004ac0                I2C1_EV_IRQHandler
                0x08004ac0                DMA1_Channel6_IRQHandler
                0x08004ac0                UART4_IRQHandler
                0x08004ac0                DMA2_Channel4_IRQHandler
                0x08004ac0                RCC_IRQHandler
                0x08004ac0                DMA1_Channel1_IRQHandler
                0x08004ac0                Default_Handler
                0x08004ac0                USBWakeUp_RMP_IRQHandler
                0x08004ac0                EXTI15_10_IRQHandler
                0x08004ac0                TIM7_IRQHandler
                0x08004ac0                EXTI9_5_IRQHandler
                0x08004ac0                RTC_WKUP_IRQHandler
                0x08004ac0                SPI2_IRQHandler
                0x08004ac0                USB_LP_CAN_RX0_IRQHandler
                0x08004ac0                DMA2_Channel5_IRQHandler
                0x08004ac0                DMA1_Channel5_IRQHandler
                0x08004ac0                EXTI4_IRQHandler
                0x08004ac0                TIM1_TRG_COM_TIM17_IRQHandler
                0x08004ac0                DMA1_Channel3_IRQHandler
                0x08004ac0                ADC4_IRQHandler
                0x08004ac0                WWDG_IRQHandler
                0x08004ac0                TIM2_IRQHandler
                0x08004ac0                COMP7_IRQHandler
                0x08004ac0                COMP1_2_3_IRQHandler
                0x08004ac0                EXTI1_IRQHandler
                0x08004ac0                USART2_IRQHandler
                0x08004ac0                COMP4_5_6_IRQHandler
                0x08004ac0                I2C2_ER_IRQHandler
                0x08004ac0                DMA1_Channel2_IRQHandler
                0x08004ac0                TIM8_BRK_IRQHandler
                0x08004ac0                FLASH_IRQHandler
                0x08004ac0                USART1_IRQHandler
                0x08004ac0                SPI3_IRQHandler
                0x08004ac0                I2C1_ER_IRQHandler
                0x08004ac0                USBWakeUp_IRQHandler
                0x08004ac0                DMA2_Channel3_IRQHandler
                0x08004ac0                EXTI2_TSC_IRQHandler
                0x08004ac0                TIM1_BRK_TIM15_IRQHandler
 *fill*         0x08004ac2        0x2 
 .text.__libc_init_array
                0x08004ac4       0x48 c:/users/ardelean calin/scoop/apps/eclipse-cpp/4.7.3/plugins/fr.ac6.mcu.externaltools.arm-none.win32_1.15.0.201708311556/tools/compiler/bin/../lib/gcc/arm-none-eabi/6.3.1/../../../../arm-none-eabi/lib/thumb/v7e-m/fpv4-sp/hard\libc_nano.a(lib_a-init.o)
                0x08004ac4                __libc_init_array
 .text.malloc   0x08004b0c       0x10 c:/users/ardelean calin/scoop/apps/eclipse-cpp/4.7.3/plugins/fr.ac6.mcu.externaltools.arm-none.win32_1.15.0.201708311556/tools/compiler/bin/../lib/gcc/arm-none-eabi/6.3.1/../../../../arm-none-eabi/lib/thumb/v7e-m/fpv4-sp/hard\libc_nano.a(lib_a-malloc.o)
                0x08004b0c                malloc
 .text.free     0x08004b1c       0x10 c:/users/ardelean calin/scoop/apps/eclipse-cpp/4.7.3/plugins/fr.ac6.mcu.externaltools.arm-none.win32_1.15.0.201708311556/tools/compiler/bin/../lib/gcc/arm-none-eabi/6.3.1/../../../../arm-none-eabi/lib/thumb/v7e-m/fpv4-sp/hard\libc_nano.a(lib_a-malloc.o)
                0x08004b1c                free
 .text.memcpy   0x08004b2c       0x16 c:/users/ardelean calin/scoop/apps/eclipse-cpp/4.7.3/plugins/fr.ac6.mcu.externaltools.arm-none.win32_1.15.0.201708311556/tools/compiler/bin/../lib/gcc/arm-none-eabi/6.3.1/../../../../arm-none-eabi/lib/thumb/v7e-m/fpv4-sp/hard\libc_nano.a(lib_a-memcpy-stub.o)
                0x08004b2c                memcpy
 *fill*         0x08004b42        0x2 
 .text._free_r  0x08004b44       0x9c c:/users/ardelean calin/scoop/apps/eclipse-cpp/4.7.3/plugins/fr.ac6.mcu.externaltools.arm-none.win32_1.15.0.201708311556/tools/compiler/bin/../lib/gcc/arm-none-eabi/6.3.1/../../../../arm-none-eabi/lib/thumb/v7e-m/fpv4-sp/hard\libc_nano.a(lib_a-nano-freer.o)
                0x08004b44                _free_r
 .text._malloc_r
                0x08004be0       0xbc c:/users/ardelean calin/scoop/apps/eclipse-cpp/4.7.3/plugins/fr.ac6.mcu.externaltools.arm-none.win32_1.15.0.201708311556/tools/compiler/bin/../lib/gcc/arm-none-eabi/6.3.1/../../../../arm-none-eabi/lib/thumb/v7e-m/fpv4-sp/hard\libc_nano.a(lib_a-nano-mallocr.o)
                0x08004be0                _malloc_r
 .text._sbrk_r  0x08004c9c       0x20 c:/users/ardelean calin/scoop/apps/eclipse-cpp/4.7.3/plugins/fr.ac6.mcu.externaltools.arm-none.win32_1.15.0.201708311556/tools/compiler/bin/../lib/gcc/arm-none-eabi/6.3.1/../../../../arm-none-eabi/lib/thumb/v7e-m/fpv4-sp/hard\libc_nano.a(lib_a-sbrkr.o)
                0x08004c9c                _sbrk_r
 .text.__malloc_lock
                0x08004cbc        0x2 c:/users/ardelean calin/scoop/apps/eclipse-cpp/4.7.3/plugins/fr.ac6.mcu.externaltools.arm-none.win32_1.15.0.201708311556/tools/compiler/bin/../lib/gcc/arm-none-eabi/6.3.1/../../../../arm-none-eabi/lib/thumb/v7e-m/fpv4-sp/hard\libc_nano.a(lib_a-mlock.o)
                0x08004cbc                __malloc_lock
 .text.__malloc_unlock
                0x08004cbe        0x2 c:/users/ardelean calin/scoop/apps/eclipse-cpp/4.7.3/plugins/fr.ac6.mcu.externaltools.arm-none.win32_1.15.0.201708311556/tools/compiler/bin/../lib/gcc/arm-none-eabi/6.3.1/../../../../arm-none-eabi/lib/thumb/v7e-m/fpv4-sp/hard\libc_nano.a(lib_a-mlock.o)
                0x08004cbe                __malloc_unlock
 .text._sbrk    0x08004cc0       0x1c c:/users/ardelean calin/scoop/apps/eclipse-cpp/4.7.3/plugins/fr.ac6.mcu.externaltools.arm-none.win32_1.15.0.201708311556/tools/compiler/bin/../lib/gcc/arm-none-eabi/6.3.1/../../../../arm-none-eabi/lib/thumb/v7e-m/fpv4-sp/hard\libnosys.a(sbrk.o)
                0x08004cc0                _sbrk
 *(.glue_7)
 .glue_7        0x08004cdc        0x0 linker stubs
 *(.glue_7t)
 .glue_7t       0x08004cdc        0x0 linker stubs
 *(.eh_frame)
 .eh_frame      0x08004cdc        0x0 c:/users/ardelean calin/scoop/apps/eclipse-cpp/4.7.3/plugins/fr.ac6.mcu.externaltools.arm-none.win32_1.15.0.201708311556/tools/compiler/bin/../lib/gcc/arm-none-eabi/6.3.1/thumb/v7e-m/fpv4-sp/hard/crtbegin.o
 *(.init)
 .init          0x08004cdc        0x4 c:/users/ardelean calin/scoop/apps/eclipse-cpp/4.7.3/plugins/fr.ac6.mcu.externaltools.arm-none.win32_1.15.0.201708311556/tools/compiler/bin/../lib/gcc/arm-none-eabi/6.3.1/thumb/v7e-m/fpv4-sp/hard/crti.o
                0x08004cdc                _init
 .init          0x08004ce0        0x8 c:/users/ardelean calin/scoop/apps/eclipse-cpp/4.7.3/plugins/fr.ac6.mcu.externaltools.arm-none.win32_1.15.0.201708311556/tools/compiler/bin/../lib/gcc/arm-none-eabi/6.3.1/thumb/v7e-m/fpv4-sp/hard/crtn.o
 *(.fini)
 .fini          0x08004ce8        0x4 c:/users/ardelean calin/scoop/apps/eclipse-cpp/4.7.3/plugins/fr.ac6.mcu.externaltools.arm-none.win32_1.15.0.201708311556/tools/compiler/bin/../lib/gcc/arm-none-eabi/6.3.1/thumb/v7e-m/fpv4-sp/hard/crti.o
                0x08004ce8                _fini
 .fini          0x08004cec        0x8 c:/users/ardelean calin/scoop/apps/eclipse-cpp/4.7.3/plugins/fr.ac6.mcu.externaltools.arm-none.win32_1.15.0.201708311556/tools/compiler/bin/../lib/gcc/arm-none-eabi/6.3.1/thumb/v7e-m/fpv4-sp/hard/crtn.o
                0x08004cf4                . = ALIGN (0x4)
                0x08004cf4                _etext = .

.vfp11_veneer   0x08004cf4        0x0
 .vfp11_veneer  0x08004cf4        0x0 linker stubs

.v4_bx          0x08004cf4        0x0
 .v4_bx         0x08004cf4        0x0 linker stubs

.iplt           0x08004cf4        0x0
 .iplt          0x08004cf4        0x0 c:/users/ardelean calin/scoop/apps/eclipse-cpp/4.7.3/plugins/fr.ac6.mcu.externaltools.arm-none.win32_1.15.0.201708311556/tools/compiler/bin/../lib/gcc/arm-none-eabi/6.3.1/thumb/v7e-m/fpv4-sp/hard/crtbegin.o

.rodata         0x08004cf4       0xb8
                0x08004cf4                . = ALIGN (0x4)
 *(.rodata)
 .rodata        0x08004cf4       0x20 Drivers/STM32F3xx_HAL_Driver/Src/stm32f3xx_hal_rcc.o
                0x08004cf4                aPLLMULFactorTable
                0x08004d04                aPredivFactorTable
 .rodata        0x08004d14       0x18 Src/system_stm32f3xx.o
                0x08004d14                AHBPrescTable
                0x08004d24                APBPrescTable
 *(.rodata*)
 .rodata.str1.4
                0x08004d2c        0x5 Middlewares/Third_Party/FreeRTOS/Source/tasks.o
 *fill*         0x08004d31        0x3 
 .rodata.str1.4
                0x08004d34       0x1a Src/main.o
 *fill*         0x08004d4e        0x2 
 .rodata.str1.4
                0x08004d50       0x13 Src/usbd_conf.o
 *fill*         0x08004d63        0x1 
 .rodata.str1.4
                0x08004d64       0x48 Src/usbd_desc.o
                                 0x46 (size before relaxing)
                0x08004dac                . = ALIGN (0x4)

.rel.dyn        0x08004dac        0x0
 .rel.iplt      0x08004dac        0x0 c:/users/ardelean calin/scoop/apps/eclipse-cpp/4.7.3/plugins/fr.ac6.mcu.externaltools.arm-none.win32_1.15.0.201708311556/tools/compiler/bin/../lib/gcc/arm-none-eabi/6.3.1/thumb/v7e-m/fpv4-sp/hard/crtbegin.o

.ARM.extab
 *(.ARM.extab* .gnu.linkonce.armextab.*)

.ARM            0x08004dac        0x0
                0x08004dac                __exidx_start = .
 *(.ARM.exidx*)
                0x08004dac                __exidx_end = .

.preinit_array  0x08004dac        0x0
                0x08004dac                PROVIDE (__preinit_array_start, .)
 *(.preinit_array*)
                0x08004dac                PROVIDE (__preinit_array_end, .)

.init_array     0x08004dac        0x4
                0x08004dac                PROVIDE (__init_array_start, .)
 *(SORT(.init_array.*))
 *(.init_array*)
 .init_array    0x08004dac        0x4 c:/users/ardelean calin/scoop/apps/eclipse-cpp/4.7.3/plugins/fr.ac6.mcu.externaltools.arm-none.win32_1.15.0.201708311556/tools/compiler/bin/../lib/gcc/arm-none-eabi/6.3.1/thumb/v7e-m/fpv4-sp/hard/crtbegin.o
                0x08004db0                PROVIDE (__init_array_end, .)

.fini_array     0x08004db0        0x4
                [!provide]                PROVIDE (__fini_array_start, .)
 *(SORT(.fini_array.*))
 *(.fini_array*)
 .fini_array    0x08004db0        0x4 c:/users/ardelean calin/scoop/apps/eclipse-cpp/4.7.3/plugins/fr.ac6.mcu.externaltools.arm-none.win32_1.15.0.201708311556/tools/compiler/bin/../lib/gcc/arm-none-eabi/6.3.1/thumb/v7e-m/fpv4-sp/hard/crtbegin.o
                [!provide]                PROVIDE (__fini_array_end, .)
                0x08004db4                _sidata = LOADADDR (.data)

.data           0x20000000      0x1c8 load address 0x08004db4
                0x20000000                . = ALIGN (0x4)
                0x20000000                _sdata = .
 *(.data)
 .data          0x20000000        0x8 Drivers/STM32F3xx_HAL_Driver/Src/stm32f3xx_hal.o
                0x20000000                uwTickFreq
                0x20000004                uwTickPrio
 .data          0x20000008      0x110 Middlewares/ST/STM32_USB_Device_Library/Class/CDC/Src/usbd_cdc.o
                0x20000008                USBD_CDC_CfgFSDesc
                0x2000004c                USBD_CDC_CfgHSDesc
                0x20000090                USBD_CDC_OtherSpeedCfgDesc
                0x200000e0                USBD_CDC
 .data          0x20000118        0x4 Middlewares/Third_Party/FreeRTOS/Source/portable/GCC/ARM_CM4F/port.o
 .data          0x2000011c        0x4 Src/system_stm32f3xx.o
                0x2000011c                SystemCoreClock
 .data          0x20000120       0x10 Src/usbd_cdc_if.o
                0x20000120                USBD_Interface_fops_FS
 .data          0x20000130       0x34 Src/usbd_desc.o
                0x20000130                USBD_FS_DeviceDesc
                0x20000144                USBD_LangIDDesc
                0x20000148                FS_Desc
 *(.data*)
 .data._impure_ptr
                0x20000164        0x4 c:/users/ardelean calin/scoop/apps/eclipse-cpp/4.7.3/plugins/fr.ac6.mcu.externaltools.arm-none.win32_1.15.0.201708311556/tools/compiler/bin/../lib/gcc/arm-none-eabi/6.3.1/../../../../arm-none-eabi/lib/thumb/v7e-m/fpv4-sp/hard\libc_nano.a(lib_a-impure.o)
                0x20000164                _impure_ptr
 .data.impure_data
                0x20000168       0x60 c:/users/ardelean calin/scoop/apps/eclipse-cpp/4.7.3/plugins/fr.ac6.mcu.externaltools.arm-none.win32_1.15.0.201708311556/tools/compiler/bin/../lib/gcc/arm-none-eabi/6.3.1/../../../../arm-none-eabi/lib/thumb/v7e-m/fpv4-sp/hard\libc_nano.a(lib_a-impure.o)
                0x200001c8                . = ALIGN (0x4)
                0x200001c8                _edata = .
                0x08004f7c                _siccmram = LOADADDR (.ccmram)

.jcr            0x200001c8        0x0 load address 0x08004f7c
 .jcr           0x200001c8        0x0 c:/users/ardelean calin/scoop/apps/eclipse-cpp/4.7.3/plugins/fr.ac6.mcu.externaltools.arm-none.win32_1.15.0.201708311556/tools/compiler/bin/../lib/gcc/arm-none-eabi/6.3.1/thumb/v7e-m/fpv4-sp/hard/crtbegin.o

.igot.plt       0x200001c8        0x0 load address 0x08004f7c
 .igot.plt      0x200001c8        0x0 c:/users/ardelean calin/scoop/apps/eclipse-cpp/4.7.3/plugins/fr.ac6.mcu.externaltools.arm-none.win32_1.15.0.201708311556/tools/compiler/bin/../lib/gcc/arm-none-eabi/6.3.1/thumb/v7e-m/fpv4-sp/hard/crtbegin.o

.ccmram         0x10000000        0x0 load address 0x08004f7c
                0x10000000                . = ALIGN (0x4)
                0x10000000                _sccmram = .
 *(.ccmram)
 *(.ccmram*)
                0x10000000                . = ALIGN (0x4)
                0x10000000                _eccmram = .
                0x10000000                . = ALIGN (0x4)

.bss            0x200001c8     0x1fb0
                0x200001c8                _sbss = .
                0x200001c8                __bss_start__ = _sbss
 *(.bss)
 .bss           0x200001c8       0x1c c:/users/ardelean calin/scoop/apps/eclipse-cpp/4.7.3/plugins/fr.ac6.mcu.externaltools.arm-none.win32_1.15.0.201708311556/tools/compiler/bin/../lib/gcc/arm-none-eabi/6.3.1/thumb/v7e-m/fpv4-sp/hard/crtbegin.o
 .bss           0x200001e4        0x1 Middlewares/ST/STM32_USB_Device_Library/Class/CDC/Src/usbd_cdc.o
 .bss           0x200001e5        0x1 Middlewares/ST/STM32_USB_Device_Library/Core/Src/usbd_ctlreq.o
 *fill*         0x200001e6        0x2 
 .bss           0x200001e8      0x114 Middlewares/Third_Party/FreeRTOS/Source/tasks.o
                0x200002d4                pxCurrentTCB
 .bss           0x200002fc        0x8 Middlewares/Third_Party/FreeRTOS/Source/portable/GCC/ARM_CM4F/port.o
 .bss           0x20000304      0xc18 Middlewares/Third_Party/FreeRTOS/Source/portable/MemMang/heap_4.o
 .bss           0x20000f1c      0x220 Src/usbd_conf.o
 *(.bss*)
 .bss.__malloc_free_list
                0x2000113c        0x4 c:/users/ardelean calin/scoop/apps/eclipse-cpp/4.7.3/plugins/fr.ac6.mcu.externaltools.arm-none.win32_1.15.0.201708311556/tools/compiler/bin/../lib/gcc/arm-none-eabi/6.3.1/../../../../arm-none-eabi/lib/thumb/v7e-m/fpv4-sp/hard\libc_nano.a(lib_a-nano-mallocr.o)
                0x2000113c                __malloc_free_list
 .bss.__malloc_sbrk_start
                0x20001140        0x4 c:/users/ardelean calin/scoop/apps/eclipse-cpp/4.7.3/plugins/fr.ac6.mcu.externaltools.arm-none.win32_1.15.0.201708311556/tools/compiler/bin/../lib/gcc/arm-none-eabi/6.3.1/../../../../arm-none-eabi/lib/thumb/v7e-m/fpv4-sp/hard\libc_nano.a(lib_a-nano-mallocr.o)
                0x20001140                __malloc_sbrk_start
 .bss.heap_end.5239
                0x20001144        0x4 c:/users/ardelean calin/scoop/apps/eclipse-cpp/4.7.3/plugins/fr.ac6.mcu.externaltools.arm-none.win32_1.15.0.201708311556/tools/compiler/bin/../lib/gcc/arm-none-eabi/6.3.1/../../../../arm-none-eabi/lib/thumb/v7e-m/fpv4-sp/hard\libnosys.a(sbrk.o)
 *(COMMON)
 COMMON         0x20001148        0x4 Drivers/STM32F3xx_HAL_Driver/Src/stm32f3xx_hal.o
                0x20001148                uwTick
 COMMON         0x2000114c       0x4c Src/main.o
                0x2000114c                defaultTaskHandle
                0x20001150                hcan
                0x20001194                xUSBReceiveQueue
 COMMON         0x20001198       0x40 Src/stm32f3xx_hal_timebase_TIM.o
                0x20001198                htim3
 COMMON         0x200011d8      0x224 Src/usb_device.o
                0x200011d8                hUsbDeviceFS
 COMMON         0x200013fc      0x7d0 Src/usbd_cdc_if.o
                0x200013fc                UserRxBufferFS
                0x200017e4                UserTxBufferFS
 COMMON         0x20001bcc      0x3a8 Src/usbd_conf.o
                0x20001bcc                hpcd_USB_FS
 COMMON         0x20001f74      0x200 Src/usbd_desc.o
                0x20001f74                USBD_StrDesc
 COMMON         0x20002174        0x4 c:/users/ardelean calin/scoop/apps/eclipse-cpp/4.7.3/plugins/fr.ac6.mcu.externaltools.arm-none.win32_1.15.0.201708311556/tools/compiler/bin/../lib/gcc/arm-none-eabi/6.3.1/../../../../arm-none-eabi/lib/thumb/v7e-m/fpv4-sp/hard\libc_nano.a(lib_a-reent.o)
                0x20002174                errno
                0x20002178                . = ALIGN (0x4)
                0x20002178                _ebss = .
                0x20002178                __bss_end__ = _ebss

._user_heap_stack
                0x20002178      0x600
                0x20002178                . = ALIGN (0x8)
                0x20002178                PROVIDE (end, .)
                [!provide]                PROVIDE (_end, .)
                0x20002378                . = (. + _Min_Heap_Size)
 *fill*         0x20002178      0x200 
                0x20002778                . = (. + _Min_Stack_Size)
 *fill*         0x20002378      0x400 
                0x20002778                . = ALIGN (0x8)

/DISCARD/
 libc.a(*)
 libm.a(*)
 libgcc.a(*)

.ARM.attributes
                0x00000000       0x30
 *(.ARM.attributes)
 .ARM.attributes
                0x00000000       0x22 c:/users/ardelean calin/scoop/apps/eclipse-cpp/4.7.3/plugins/fr.ac6.mcu.externaltools.arm-none.win32_1.15.0.201708311556/tools/compiler/bin/../lib/gcc/arm-none-eabi/6.3.1/thumb/v7e-m/fpv4-sp/hard/crti.o
 .ARM.attributes
                0x00000022       0x34 c:/users/ardelean calin/scoop/apps/eclipse-cpp/4.7.3/plugins/fr.ac6.mcu.externaltools.arm-none.win32_1.15.0.201708311556/tools/compiler/bin/../lib/gcc/arm-none-eabi/6.3.1/thumb/v7e-m/fpv4-sp/hard/crtbegin.o
 .ARM.attributes
                0x00000056       0x39 Drivers/STM32F3xx_HAL_Driver/Src/stm32f3xx_hal.o
 .ARM.attributes
                0x0000008f       0x39 Drivers/STM32F3xx_HAL_Driver/Src/stm32f3xx_hal_can.o
 .ARM.attributes
                0x000000c8       0x39 Drivers/STM32F3xx_HAL_Driver/Src/stm32f3xx_hal_cortex.o
 .ARM.attributes
                0x00000101       0x39 Drivers/STM32F3xx_HAL_Driver/Src/stm32f3xx_hal_gpio.o
 .ARM.attributes
                0x0000013a       0x39 Drivers/STM32F3xx_HAL_Driver/Src/stm32f3xx_hal_pcd.o
 .ARM.attributes
                0x00000173       0x39 Drivers/STM32F3xx_HAL_Driver/Src/stm32f3xx_hal_pcd_ex.o
 .ARM.attributes
                0x000001ac       0x39 Drivers/STM32F3xx_HAL_Driver/Src/stm32f3xx_hal_rcc.o
 .ARM.attributes
                0x000001e5       0x39 Drivers/STM32F3xx_HAL_Driver/Src/stm32f3xx_hal_rcc_ex.o
 .ARM.attributes
                0x0000021e       0x39 Drivers/STM32F3xx_HAL_Driver/Src/stm32f3xx_hal_tim.o
 .ARM.attributes
                0x00000257       0x39 Drivers/STM32F3xx_HAL_Driver/Src/stm32f3xx_hal_tim_ex.o
 .ARM.attributes
                0x00000290       0x39 Middlewares/ST/STM32_USB_Device_Library/Class/CDC/Src/usbd_cdc.o
 .ARM.attributes
                0x000002c9       0x39 Middlewares/ST/STM32_USB_Device_Library/Core/Src/usbd_core.o
 .ARM.attributes
                0x00000302       0x39 Middlewares/ST/STM32_USB_Device_Library/Core/Src/usbd_ctlreq.o
 .ARM.attributes
                0x0000033b       0x39 Middlewares/ST/STM32_USB_Device_Library/Core/Src/usbd_ioreq.o
 .ARM.attributes
                0x00000374       0x39 Middlewares/Third_Party/FreeRTOS/Source/CMSIS_RTOS/cmsis_os.o
 .ARM.attributes
                0x000003ad       0x39 Middlewares/Third_Party/FreeRTOS/Source/list.o
 .ARM.attributes
                0x000003e6       0x39 Middlewares/Third_Party/FreeRTOS/Source/queue.o
 .ARM.attributes
                0x0000041f       0x39 Middlewares/Third_Party/FreeRTOS/Source/tasks.o
 .ARM.attributes
                0x00000458       0x39 Middlewares/Third_Party/FreeRTOS/Source/portable/GCC/ARM_CM4F/port.o
 .ARM.attributes
                0x00000491       0x39 Middlewares/Third_Party/FreeRTOS/Source/portable/MemMang/heap_4.o
 .ARM.attributes
                0x000004ca       0x39 Src/main.o
 .ARM.attributes
                0x00000503       0x39 Src/stm32f3xx_hal_msp.o
 .ARM.attributes
                0x0000053c       0x39 Src/stm32f3xx_hal_timebase_TIM.o
 .ARM.attributes
                0x00000575       0x39 Src/stm32f3xx_it.o
 .ARM.attributes
                0x000005ae       0x39 Src/system_stm32f3xx.o
 .ARM.attributes
                0x000005e7       0x39 Src/usb_device.o
 .ARM.attributes
                0x00000620       0x39 Src/usbd_cdc_if.o
 .ARM.attributes
                0x00000659       0x39 Src/usbd_conf.o
 .ARM.attributes
                0x00000692       0x39 Src/usbd_desc.o
 .ARM.attributes
                0x000006cb       0x21 startup/startup_stm32f303xc.o
 .ARM.attributes
                0x000006ec       0x34 c:/users/ardelean calin/scoop/apps/eclipse-cpp/4.7.3/plugins/fr.ac6.mcu.externaltools.arm-none.win32_1.15.0.201708311556/tools/compiler/bin/../lib/gcc/arm-none-eabi/6.3.1/../../../../arm-none-eabi/lib/thumb/v7e-m/fpv4-sp/hard\libc_nano.a(lib_a-impure.o)
 .ARM.attributes
                0x00000720       0x34 c:/users/ardelean calin/scoop/apps/eclipse-cpp/4.7.3/plugins/fr.ac6.mcu.externaltools.arm-none.win32_1.15.0.201708311556/tools/compiler/bin/../lib/gcc/arm-none-eabi/6.3.1/../../../../arm-none-eabi/lib/thumb/v7e-m/fpv4-sp/hard\libc_nano.a(lib_a-init.o)
 .ARM.attributes
                0x00000754       0x34 c:/users/ardelean calin/scoop/apps/eclipse-cpp/4.7.3/plugins/fr.ac6.mcu.externaltools.arm-none.win32_1.15.0.201708311556/tools/compiler/bin/../lib/gcc/arm-none-eabi/6.3.1/../../../../arm-none-eabi/lib/thumb/v7e-m/fpv4-sp/hard\libc_nano.a(lib_a-malloc.o)
 .ARM.attributes
                0x00000788       0x34 c:/users/ardelean calin/scoop/apps/eclipse-cpp/4.7.3/plugins/fr.ac6.mcu.externaltools.arm-none.win32_1.15.0.201708311556/tools/compiler/bin/../lib/gcc/arm-none-eabi/6.3.1/../../../../arm-none-eabi/lib/thumb/v7e-m/fpv4-sp/hard\libc_nano.a(lib_a-memcpy-stub.o)
 .ARM.attributes
                0x000007bc       0x34 c:/users/ardelean calin/scoop/apps/eclipse-cpp/4.7.3/plugins/fr.ac6.mcu.externaltools.arm-none.win32_1.15.0.201708311556/tools/compiler/bin/../lib/gcc/arm-none-eabi/6.3.1/../../../../arm-none-eabi/lib/thumb/v7e-m/fpv4-sp/hard\libc_nano.a(lib_a-nano-freer.o)
 .ARM.attributes
                0x000007f0       0x34 c:/users/ardelean calin/scoop/apps/eclipse-cpp/4.7.3/plugins/fr.ac6.mcu.externaltools.arm-none.win32_1.15.0.201708311556/tools/compiler/bin/../lib/gcc/arm-none-eabi/6.3.1/../../../../arm-none-eabi/lib/thumb/v7e-m/fpv4-sp/hard\libc_nano.a(lib_a-nano-mallocr.o)
 .ARM.attributes
                0x00000824       0x34 c:/users/ardelean calin/scoop/apps/eclipse-cpp/4.7.3/plugins/fr.ac6.mcu.externaltools.arm-none.win32_1.15.0.201708311556/tools/compiler/bin/../lib/gcc/arm-none-eabi/6.3.1/../../../../arm-none-eabi/lib/thumb/v7e-m/fpv4-sp/hard\libc_nano.a(lib_a-sbrkr.o)
 .ARM.attributes
                0x00000858       0x34 c:/users/ardelean calin/scoop/apps/eclipse-cpp/4.7.3/plugins/fr.ac6.mcu.externaltools.arm-none.win32_1.15.0.201708311556/tools/compiler/bin/../lib/gcc/arm-none-eabi/6.3.1/../../../../arm-none-eabi/lib/thumb/v7e-m/fpv4-sp/hard\libc_nano.a(lib_a-mlock.o)
 .ARM.attributes
                0x0000088c       0x34 c:/users/ardelean calin/scoop/apps/eclipse-cpp/4.7.3/plugins/fr.ac6.mcu.externaltools.arm-none.win32_1.15.0.201708311556/tools/compiler/bin/../lib/gcc/arm-none-eabi/6.3.1/../../../../arm-none-eabi/lib/thumb/v7e-m/fpv4-sp/hard\libc_nano.a(lib_a-reent.o)
 .ARM.attributes
                0x000008c0       0x34 c:/users/ardelean calin/scoop/apps/eclipse-cpp/4.7.3/plugins/fr.ac6.mcu.externaltools.arm-none.win32_1.15.0.201708311556/tools/compiler/bin/../lib/gcc/arm-none-eabi/6.3.1/../../../../arm-none-eabi/lib/thumb/v7e-m/fpv4-sp/hard\libnosys.a(sbrk.o)
 .ARM.attributes
                0x000008f4       0x22 c:/users/ardelean calin/scoop/apps/eclipse-cpp/4.7.3/plugins/fr.ac6.mcu.externaltools.arm-none.win32_1.15.0.201708311556/tools/compiler/bin/../lib/gcc/arm-none-eabi/6.3.1/thumb/v7e-m/fpv4-sp/hard/crtn.o
OUTPUT(OpenCAN.elf elf32-littlearm)

.debug_info     0x00000000    0x28259
 .debug_info    0x00000000     0x108c Drivers/STM32F3xx_HAL_Driver/Src/stm32f3xx_hal.o
 .debug_info    0x0000108c     0x144f Drivers/STM32F3xx_HAL_Driver/Src/stm32f3xx_hal_can.o
 .debug_info    0x000024db     0x16c4 Drivers/STM32F3xx_HAL_Driver/Src/stm32f3xx_hal_cortex.o
 .debug_info    0x00003b9f      0xef1 Drivers/STM32F3xx_HAL_Driver/Src/stm32f3xx_hal_gpio.o
 .debug_info    0x00004a90     0x19e8 Drivers/STM32F3xx_HAL_Driver/Src/stm32f3xx_hal_pcd.o
 .debug_info    0x00006478      0xf12 Drivers/STM32F3xx_HAL_Driver/Src/stm32f3xx_hal_pcd_ex.o
 .debug_info    0x0000738a     0x1bb3 Drivers/STM32F3xx_HAL_Driver/Src/stm32f3xx_hal_rcc.o
 .debug_info    0x00008f3d      0xf84 Drivers/STM32F3xx_HAL_Driver/Src/stm32f3xx_hal_rcc_ex.o
 .debug_info    0x00009ec1     0x37c1 Drivers/STM32F3xx_HAL_Driver/Src/stm32f3xx_hal_tim.o
 .debug_info    0x0000d682     0x1eb9 Drivers/STM32F3xx_HAL_Driver/Src/stm32f3xx_hal_tim_ex.o
 .debug_info    0x0000f53b     0x158a Middlewares/ST/STM32_USB_Device_Library/Class/CDC/Src/usbd_cdc.o
 .debug_info    0x00010ac5     0x1490 Middlewares/ST/STM32_USB_Device_Library/Core/Src/usbd_core.o
 .debug_info    0x00011f55     0x1666 Middlewares/ST/STM32_USB_Device_Library/Core/Src/usbd_ctlreq.o
 .debug_info    0x000135bb      0xfd9 Middlewares/ST/STM32_USB_Device_Library/Core/Src/usbd_ioreq.o
 .debug_info    0x00014594     0x22f6 Middlewares/Third_Party/FreeRTOS/Source/CMSIS_RTOS/cmsis_os.o
 .debug_info    0x0001688a      0xad4 Middlewares/Third_Party/FreeRTOS/Source/list.o
 .debug_info    0x0001735e     0x1e86 Middlewares/Third_Party/FreeRTOS/Source/queue.o
 .debug_info    0x000191e4     0x26e7 Middlewares/Third_Party/FreeRTOS/Source/tasks.o
 .debug_info    0x0001b8cb      0x534 Middlewares/Third_Party/FreeRTOS/Source/portable/GCC/ARM_CM4F/port.o
 .debug_info    0x0001bdff      0xc78 Middlewares/Third_Party/FreeRTOS/Source/portable/MemMang/heap_4.o
 .debug_info    0x0001ca77     0x21f8 Src/main.o
 .debug_info    0x0001ec6f     0x13d4 Src/stm32f3xx_hal_msp.o
 .debug_info    0x00020043     0x1284 Src/stm32f3xx_hal_timebase_TIM.o
 .debug_info    0x000212c7     0x1290 Src/stm32f3xx_it.o
 .debug_info    0x00022557      0xc34 Src/system_stm32f3xx.o
 .debug_info    0x0002318b      0xe91 Src/usb_device.o
 .debug_info    0x0002401c     0x1193 Src/usbd_cdc_if.o
 .debug_info    0x000251af     0x22bf Src/usbd_conf.o
 .debug_info    0x0002746e      0xd62 Src/usbd_desc.o
 .debug_info    0x000281d0       0x89 startup/startup_stm32f303xc.o

.debug_abbrev   0x00000000     0x52ba
 .debug_abbrev  0x00000000      0x2e3 Drivers/STM32F3xx_HAL_Driver/Src/stm32f3xx_hal.o
 .debug_abbrev  0x000002e3      0x2dc Drivers/STM32F3xx_HAL_Driver/Src/stm32f3xx_hal_can.o
 .debug_abbrev  0x000005bf      0x3b8 Drivers/STM32F3xx_HAL_Driver/Src/stm32f3xx_hal_cortex.o
 .debug_abbrev  0x00000977      0x2a5 Drivers/STM32F3xx_HAL_Driver/Src/stm32f3xx_hal_gpio.o
 .debug_abbrev  0x00000c1c      0x36d Drivers/STM32F3xx_HAL_Driver/Src/stm32f3xx_hal_pcd.o
 .debug_abbrev  0x00000f89      0x277 Drivers/STM32F3xx_HAL_Driver/Src/stm32f3xx_hal_pcd_ex.o
 .debug_abbrev  0x00001200      0x343 Drivers/STM32F3xx_HAL_Driver/Src/stm32f3xx_hal_rcc.o
 .debug_abbrev  0x00001543      0x334 Drivers/STM32F3xx_HAL_Driver/Src/stm32f3xx_hal_rcc_ex.o
 .debug_abbrev  0x00001877      0x2dc Drivers/STM32F3xx_HAL_Driver/Src/stm32f3xx_hal_tim.o
 .debug_abbrev  0x00001b53      0x2dc Drivers/STM32F3xx_HAL_Driver/Src/stm32f3xx_hal_tim_ex.o
 .debug_abbrev  0x00001e2f      0x312 Middlewares/ST/STM32_USB_Device_Library/Class/CDC/Src/usbd_cdc.o
 .debug_abbrev  0x00002141      0x2c6 Middlewares/ST/STM32_USB_Device_Library/Core/Src/usbd_core.o
 .debug_abbrev  0x00002407      0x327 Middlewares/ST/STM32_USB_Device_Library/Core/Src/usbd_ctlreq.o
 .debug_abbrev  0x0000272e      0x213 Middlewares/ST/STM32_USB_Device_Library/Core/Src/usbd_ioreq.o
 .debug_abbrev  0x00002941      0x3d0 Middlewares/Third_Party/FreeRTOS/Source/CMSIS_RTOS/cmsis_os.o
 .debug_abbrev  0x00002d11      0x21c Middlewares/Third_Party/FreeRTOS/Source/list.o
 .debug_abbrev  0x00002f2d      0x37f Middlewares/Third_Party/FreeRTOS/Source/queue.o
 .debug_abbrev  0x000032ac      0x3da Middlewares/Third_Party/FreeRTOS/Source/tasks.o
 .debug_abbrev  0x00003686      0x205 Middlewares/Third_Party/FreeRTOS/Source/portable/GCC/ARM_CM4F/port.o
 .debug_abbrev  0x0000388b      0x318 Middlewares/Third_Party/FreeRTOS/Source/portable/MemMang/heap_4.o
 .debug_abbrev  0x00003ba3      0x352 Src/main.o
 .debug_abbrev  0x00003ef5      0x25d Src/stm32f3xx_hal_msp.o
 .debug_abbrev  0x00004152      0x295 Src/stm32f3xx_hal_timebase_TIM.o
 .debug_abbrev  0x000043e7      0x22a Src/stm32f3xx_it.o
 .debug_abbrev  0x00004611      0x205 Src/system_stm32f3xx.o
 .debug_abbrev  0x00004816      0x216 Src/usb_device.o
 .debug_abbrev  0x00004a2c      0x2ff Src/usbd_cdc_if.o
 .debug_abbrev  0x00004d2b      0x30b Src/usbd_conf.o
 .debug_abbrev  0x00005036      0x272 Src/usbd_desc.o
 .debug_abbrev  0x000052a8       0x12 startup/startup_stm32f303xc.o

.debug_loc      0x00000000     0xe29d
 .debug_loc     0x00000000      0x108 Drivers/STM32F3xx_HAL_Driver/Src/stm32f3xx_hal.o
 .debug_loc     0x00000108      0x7e4 Drivers/STM32F3xx_HAL_Driver/Src/stm32f3xx_hal_can.o
 .debug_loc     0x000008ec      0x5ce Drivers/STM32F3xx_HAL_Driver/Src/stm32f3xx_hal_cortex.o
 .debug_loc     0x00000eba      0x331 Drivers/STM32F3xx_HAL_Driver/Src/stm32f3xx_hal_gpio.o
 .debug_loc     0x000011eb      0xd4d Drivers/STM32F3xx_HAL_Driver/Src/stm32f3xx_hal_pcd.o
 .debug_loc     0x00001f38      0x327 Drivers/STM32F3xx_HAL_Driver/Src/stm32f3xx_hal_pcd_ex.o
 .debug_loc     0x0000225f      0x8e5 Drivers/STM32F3xx_HAL_Driver/Src/stm32f3xx_hal_rcc.o
 .debug_loc     0x00002b44      0x811 Drivers/STM32F3xx_HAL_Driver/Src/stm32f3xx_hal_rcc_ex.o
 .debug_loc     0x00003355     0x35de Drivers/STM32F3xx_HAL_Driver/Src/stm32f3xx_hal_tim.o
 .debug_loc     0x00006933     0x18d8 Drivers/STM32F3xx_HAL_Driver/Src/stm32f3xx_hal_tim_ex.o
 .debug_loc     0x0000820b      0x4b9 Middlewares/ST/STM32_USB_Device_Library/Class/CDC/Src/usbd_cdc.o
 .debug_loc     0x000086c4      0x71c Middlewares/ST/STM32_USB_Device_Library/Core/Src/usbd_core.o
 .debug_loc     0x00008de0      0xb78 Middlewares/ST/STM32_USB_Device_Library/Core/Src/usbd_ctlreq.o
 .debug_loc     0x00009958      0x23c Middlewares/ST/STM32_USB_Device_Library/Core/Src/usbd_ioreq.o
 .debug_loc     0x00009b94     0x1024 Middlewares/Third_Party/FreeRTOS/Source/CMSIS_RTOS/cmsis_os.o
 .debug_loc     0x0000abb8       0x70 Middlewares/Third_Party/FreeRTOS/Source/list.o
 .debug_loc     0x0000ac28      0xd5a Middlewares/Third_Party/FreeRTOS/Source/queue.o
 .debug_loc     0x0000b982     0x13ac Middlewares/Third_Party/FreeRTOS/Source/tasks.o
 .debug_loc     0x0000cd2e      0x104 Middlewares/Third_Party/FreeRTOS/Source/portable/GCC/ARM_CM4F/port.o
 .debug_loc     0x0000ce32      0x291 Middlewares/Third_Party/FreeRTOS/Source/portable/MemMang/heap_4.o
 .debug_loc     0x0000d0c3       0x7c Src/main.o
 .debug_loc     0x0000d13f       0x5b Src/stm32f3xx_hal_msp.o
 .debug_loc     0x0000d19a       0x79 Src/stm32f3xx_hal_timebase_TIM.o
 .debug_loc     0x0000d213       0xff Src/system_stm32f3xx.o
 .debug_loc     0x0000d312      0x129 Src/usbd_cdc_if.o
 .debug_loc     0x0000d43b      0xbab Src/usbd_conf.o
 .debug_loc     0x0000dfe6      0x2b7 Src/usbd_desc.o

.debug_aranges  0x00000000     0x1400
 .debug_aranges
                0x00000000       0xe0 Drivers/STM32F3xx_HAL_Driver/Src/stm32f3xx_hal.o
 .debug_aranges
                0x000000e0       0xb0 Drivers/STM32F3xx_HAL_Driver/Src/stm32f3xx_hal_can.o
 .debug_aranges
                0x00000190       0xa8 Drivers/STM32F3xx_HAL_Driver/Src/stm32f3xx_hal_cortex.o
 .debug_aranges
                0x00000238       0x58 Drivers/STM32F3xx_HAL_Driver/Src/stm32f3xx_hal_gpio.o
 .debug_aranges
                0x00000290      0x120 Drivers/STM32F3xx_HAL_Driver/Src/stm32f3xx_hal_pcd.o
 .debug_aranges
                0x000003b0       0x38 Drivers/STM32F3xx_HAL_Driver/Src/stm32f3xx_hal_pcd_ex.o
 .debug_aranges
                0x000003e8       0x88 Drivers/STM32F3xx_HAL_Driver/Src/stm32f3xx_hal_rcc.o
 .debug_aranges
                0x00000470       0x38 Drivers/STM32F3xx_HAL_Driver/Src/stm32f3xx_hal_rcc_ex.o
 .debug_aranges
                0x000004a8      0x378 Drivers/STM32F3xx_HAL_Driver/Src/stm32f3xx_hal_tim.o
 .debug_aranges
                0x00000820      0x178 Drivers/STM32F3xx_HAL_Driver/Src/stm32f3xx_hal_tim_ex.o
 .debug_aranges
                0x00000998       0x90 Middlewares/ST/STM32_USB_Device_Library/Class/CDC/Src/usbd_cdc.o
 .debug_aranges
                0x00000a28       0xb8 Middlewares/ST/STM32_USB_Device_Library/Core/Src/usbd_core.o
 .debug_aranges
                0x00000ae0       0x88 Middlewares/ST/STM32_USB_Device_Library/Core/Src/usbd_ctlreq.o
 .debug_aranges
                0x00000b68       0x50 Middlewares/ST/STM32_USB_Device_Library/Core/Src/usbd_ioreq.o
 .debug_aranges
                0x00000bb8      0x1d8 Middlewares/Third_Party/FreeRTOS/Source/CMSIS_RTOS/cmsis_os.o
 .debug_aranges
                0x00000d90       0x40 Middlewares/Third_Party/FreeRTOS/Source/list.o
 .debug_aranges
                0x00000dd0       0xd0 Middlewares/Third_Party/FreeRTOS/Source/queue.o
 .debug_aranges
                0x00000ea0      0x160 Middlewares/Third_Party/FreeRTOS/Source/tasks.o
 .debug_aranges
                0x00001000       0x80 Middlewares/Third_Party/FreeRTOS/Source/portable/GCC/ARM_CM4F/port.o
 .debug_aranges
                0x00001080       0x50 Middlewares/Third_Party/FreeRTOS/Source/portable/MemMang/heap_4.o
 .debug_aranges
                0x000010d0       0x60 Src/main.o
 .debug_aranges
                0x00001130       0x30 Src/stm32f3xx_hal_msp.o
 .debug_aranges
                0x00001160       0x30 Src/stm32f3xx_hal_timebase_TIM.o
 .debug_aranges
                0x00001190       0x60 Src/stm32f3xx_it.o
 .debug_aranges
                0x000011f0       0x28 Src/system_stm32f3xx.o
 .debug_aranges
                0x00001218       0x20 Src/usb_device.o
 .debug_aranges
                0x00001238       0x40 Src/usbd_cdc_if.o
 .debug_aranges
                0x00001278      0x110 Src/usbd_conf.o
 .debug_aranges
                0x00001388       0x50 Src/usbd_desc.o
 .debug_aranges
                0x000013d8       0x28 startup/startup_stm32f303xc.o

.debug_ranges   0x00000000     0x14c8
 .debug_ranges  0x00000000       0xd0 Drivers/STM32F3xx_HAL_Driver/Src/stm32f3xx_hal.o
 .debug_ranges  0x000000d0       0xa0 Drivers/STM32F3xx_HAL_Driver/Src/stm32f3xx_hal_can.o
 .debug_ranges  0x00000170       0xf8 Drivers/STM32F3xx_HAL_Driver/Src/stm32f3xx_hal_cortex.o
 .debug_ranges  0x00000268       0x48 Drivers/STM32F3xx_HAL_Driver/Src/stm32f3xx_hal_gpio.o
 .debug_ranges  0x000002b0      0x1a0 Drivers/STM32F3xx_HAL_Driver/Src/stm32f3xx_hal_pcd.o
 .debug_ranges  0x00000450       0x28 Drivers/STM32F3xx_HAL_Driver/Src/stm32f3xx_hal_pcd_ex.o
 .debug_ranges  0x00000478       0x98 Drivers/STM32F3xx_HAL_Driver/Src/stm32f3xx_hal_rcc.o
 .debug_ranges  0x00000510       0x40 Drivers/STM32F3xx_HAL_Driver/Src/stm32f3xx_hal_rcc_ex.o
 .debug_ranges  0x00000550      0x368 Drivers/STM32F3xx_HAL_Driver/Src/stm32f3xx_hal_tim.o
 .debug_ranges  0x000008b8      0x168 Drivers/STM32F3xx_HAL_Driver/Src/stm32f3xx_hal_tim_ex.o
 .debug_ranges  0x00000a20       0x80 Middlewares/ST/STM32_USB_Device_Library/Class/CDC/Src/usbd_cdc.o
 .debug_ranges  0x00000aa0       0xa8 Middlewares/ST/STM32_USB_Device_Library/Core/Src/usbd_core.o
 .debug_ranges  0x00000b48       0x78 Middlewares/ST/STM32_USB_Device_Library/Core/Src/usbd_ctlreq.o
 .debug_ranges  0x00000bc0       0x40 Middlewares/ST/STM32_USB_Device_Library/Core/Src/usbd_ioreq.o
 .debug_ranges  0x00000c00      0x1c8 Middlewares/Third_Party/FreeRTOS/Source/CMSIS_RTOS/cmsis_os.o
 .debug_ranges  0x00000dc8       0x30 Middlewares/Third_Party/FreeRTOS/Source/list.o
 .debug_ranges  0x00000df8      0x170 Middlewares/Third_Party/FreeRTOS/Source/queue.o
 .debug_ranges  0x00000f68      0x200 Middlewares/Third_Party/FreeRTOS/Source/tasks.o
 .debug_ranges  0x00001168       0x88 Middlewares/Third_Party/FreeRTOS/Source/portable/GCC/ARM_CM4F/port.o
 .debug_ranges  0x000011f0       0x40 Middlewares/Third_Party/FreeRTOS/Source/portable/MemMang/heap_4.o
 .debug_ranges  0x00001230       0x50 Src/main.o
 .debug_ranges  0x00001280       0x20 Src/stm32f3xx_hal_msp.o
 .debug_ranges  0x000012a0       0x20 Src/stm32f3xx_hal_timebase_TIM.o
 .debug_ranges  0x000012c0       0x50 Src/stm32f3xx_it.o
 .debug_ranges  0x00001310       0x18 Src/system_stm32f3xx.o
 .debug_ranges  0x00001328       0x10 Src/usb_device.o
 .debug_ranges  0x00001338       0x30 Src/usbd_cdc_if.o
 .debug_ranges  0x00001368      0x100 Src/usbd_conf.o
 .debug_ranges  0x00001468       0x40 Src/usbd_desc.o
 .debug_ranges  0x000014a8       0x20 startup/startup_stm32f303xc.o

.debug_macro    0x00000000    0x1f292
 .debug_macro   0x00000000      0x348 Drivers/STM32F3xx_HAL_Driver/Src/stm32f3xx_hal.o
 .debug_macro   0x00000348      0x8bc Drivers/STM32F3xx_HAL_Driver/Src/stm32f3xx_hal.o
 .debug_macro   0x00000c04       0x10 Drivers/STM32F3xx_HAL_Driver/Src/stm32f3xx_hal.o
 .debug_macro   0x00000c14       0xab Drivers/STM32F3xx_HAL_Driver/Src/stm32f3xx_hal.o
 .debug_macro   0x00000cbf       0x2f Drivers/STM32F3xx_HAL_Driver/Src/stm32f3xx_hal.o
 .debug_macro   0x00000cee       0x28 Drivers/STM32F3xx_HAL_Driver/Src/stm32f3xx_hal.o
 .debug_macro   0x00000d16       0x22 Drivers/STM32F3xx_HAL_Driver/Src/stm32f3xx_hal.o
 .debug_macro   0x00000d38       0x87 Drivers/STM32F3xx_HAL_Driver/Src/stm32f3xx_hal.o
 .debug_macro   0x00000dbf       0x51 Drivers/STM32F3xx_HAL_Driver/Src/stm32f3xx_hal.o
 .debug_macro   0x00000e10       0xef Drivers/STM32F3xx_HAL_Driver/Src/stm32f3xx_hal.o
 .debug_macro   0x00000eff       0x6a Drivers/STM32F3xx_HAL_Driver/Src/stm32f3xx_hal.o
 .debug_macro   0x00000f69      0x1df Drivers/STM32F3xx_HAL_Driver/Src/stm32f3xx_hal.o
 .debug_macro   0x00001148       0x35 Drivers/STM32F3xx_HAL_Driver/Src/stm32f3xx_hal.o
 .debug_macro   0x0000117d       0x50 Drivers/STM32F3xx_HAL_Driver/Src/stm32f3xx_hal.o
 .debug_macro   0x000011cd      0xe66 Drivers/STM32F3xx_HAL_Driver/Src/stm32f3xx_hal.o
 .debug_macro   0x00002033    0x12a56 Drivers/STM32F3xx_HAL_Driver/Src/stm32f3xx_hal.o
 .debug_macro   0x00014a89       0x43 Drivers/STM32F3xx_HAL_Driver/Src/stm32f3xx_hal.o
 .debug_macro   0x00014acc       0x58 Drivers/STM32F3xx_HAL_Driver/Src/stm32f3xx_hal.o
 .debug_macro   0x00014b24       0x35 Drivers/STM32F3xx_HAL_Driver/Src/stm32f3xx_hal.o
 .debug_macro   0x00014b59       0x9c Drivers/STM32F3xx_HAL_Driver/Src/stm32f3xx_hal.o
 .debug_macro   0x00014bf5       0x16 Drivers/STM32F3xx_HAL_Driver/Src/stm32f3xx_hal.o
 .debug_macro   0x00014c0b       0x97 Drivers/STM32F3xx_HAL_Driver/Src/stm32f3xx_hal.o
 .debug_macro   0x00014ca2      0x330 Drivers/STM32F3xx_HAL_Driver/Src/stm32f3xx_hal.o
 .debug_macro   0x00014fd2       0xfd Drivers/STM32F3xx_HAL_Driver/Src/stm32f3xx_hal.o
 .debug_macro   0x000150cf       0x10 Drivers/STM32F3xx_HAL_Driver/Src/stm32f3xx_hal.o
 .debug_macro   0x000150df       0x58 Drivers/STM32F3xx_HAL_Driver/Src/stm32f3xx_hal.o
 .debug_macro   0x00015137       0x1f Drivers/STM32F3xx_HAL_Driver/Src/stm32f3xx_hal.o
 .debug_macro   0x00015156       0x43 Drivers/STM32F3xx_HAL_Driver/Src/stm32f3xx_hal.o
 .debug_macro   0x00015199       0x20 Drivers/STM32F3xx_HAL_Driver/Src/stm32f3xx_hal.o
 .debug_macro   0x000151b9      0x187 Drivers/STM32F3xx_HAL_Driver/Src/stm32f3xx_hal.o
 .debug_macro   0x00015340       0x10 Drivers/STM32F3xx_HAL_Driver/Src/stm32f3xx_hal.o
 .debug_macro   0x00015350       0x1c Drivers/STM32F3xx_HAL_Driver/Src/stm32f3xx_hal.o
 .debug_macro   0x0001536c       0x52 Drivers/STM32F3xx_HAL_Driver/Src/stm32f3xx_hal.o
 .debug_macro   0x000153be       0x40 Drivers/STM32F3xx_HAL_Driver/Src/stm32f3xx_hal.o
 .debug_macro   0x000153fe       0x10 Drivers/STM32F3xx_HAL_Driver/Src/stm32f3xx_hal.o
 .debug_macro   0x0001540e       0x40 Drivers/STM32F3xx_HAL_Driver/Src/stm32f3xx_hal.o
 .debug_macro   0x0001544e       0xd7 Drivers/STM32F3xx_HAL_Driver/Src/stm32f3xx_hal.o
 .debug_macro   0x00015525       0x16 Drivers/STM32F3xx_HAL_Driver/Src/stm32f3xx_hal.o
 .debug_macro   0x0001553b      0x18b Drivers/STM32F3xx_HAL_Driver/Src/stm32f3xx_hal.o
 .debug_macro   0x000156c6       0x49 Drivers/STM32F3xx_HAL_Driver/Src/stm32f3xx_hal.o
 .debug_macro   0x0001570f      0x968 Drivers/STM32F3xx_HAL_Driver/Src/stm32f3xx_hal.o
 .debug_macro   0x00016077      0x5fe Drivers/STM32F3xx_HAL_Driver/Src/stm32f3xx_hal.o
 .debug_macro   0x00016675      0x13a Drivers/STM32F3xx_HAL_Driver/Src/stm32f3xx_hal.o
 .debug_macro   0x000167af      0x1fb Drivers/STM32F3xx_HAL_Driver/Src/stm32f3xx_hal.o
 .debug_macro   0x000169aa      0x1bc Drivers/STM32F3xx_HAL_Driver/Src/stm32f3xx_hal.o
 .debug_macro   0x00016b66       0x31 Drivers/STM32F3xx_HAL_Driver/Src/stm32f3xx_hal.o
 .debug_macro   0x00016b97       0x3c Drivers/STM32F3xx_HAL_Driver/Src/stm32f3xx_hal.o
 .debug_macro   0x00016bd3      0x23a Drivers/STM32F3xx_HAL_Driver/Src/stm32f3xx_hal.o
 .debug_macro   0x00016e0d      0x391 Drivers/STM32F3xx_HAL_Driver/Src/stm32f3xx_hal.o
 .debug_macro   0x0001719e       0xcb Drivers/STM32F3xx_HAL_Driver/Src/stm32f3xx_hal.o
 .debug_macro   0x00017269      0x22b Drivers/STM32F3xx_HAL_Driver/Src/stm32f3xx_hal.o
 .debug_macro   0x00017494      0x209 Drivers/STM32F3xx_HAL_Driver/Src/stm32f3xx_hal.o
 .debug_macro   0x0001769d       0x5b Drivers/STM32F3xx_HAL_Driver/Src/stm32f3xx_hal.o
 .debug_macro   0x000176f8       0x90 Drivers/STM32F3xx_HAL_Driver/Src/stm32f3xx_hal.o
 .debug_macro   0x00017788       0x28 Drivers/STM32F3xx_HAL_Driver/Src/stm32f3xx_hal.o
 .debug_macro   0x000177b0      0x265 Drivers/STM32F3xx_HAL_Driver/Src/stm32f3xx_hal.o
 .debug_macro   0x00017a15       0x82 Drivers/STM32F3xx_HAL_Driver/Src/stm32f3xx_hal.o
 .debug_macro   0x00017a97       0xd3 Drivers/STM32F3xx_HAL_Driver/Src/stm32f3xx_hal.o
 .debug_macro   0x00017b6a      0x6af Drivers/STM32F3xx_HAL_Driver/Src/stm32f3xx_hal.o
 .debug_macro   0x00018219      0x38a Drivers/STM32F3xx_HAL_Driver/Src/stm32f3xx_hal.o
 .debug_macro   0x000185a3      0x277 Drivers/STM32F3xx_HAL_Driver/Src/stm32f3xx_hal.o
 .debug_macro   0x0001881a      0x32b Drivers/STM32F3xx_HAL_Driver/Src/stm32f3xx_hal_can.o
 .debug_macro   0x00018b45      0x324 Drivers/STM32F3xx_HAL_Driver/Src/stm32f3xx_hal_cortex.o
 .debug_macro   0x00018e69      0x35c Drivers/STM32F3xx_HAL_Driver/Src/stm32f3xx_hal_gpio.o
 .debug_macro   0x000191c5      0x32a Drivers/STM32F3xx_HAL_Driver/Src/stm32f3xx_hal_pcd.o
 .debug_macro   0x000194ef      0x324 Drivers/STM32F3xx_HAL_Driver/Src/stm32f3xx_hal_pcd_ex.o
 .debug_macro   0x00019813      0x348 Drivers/STM32F3xx_HAL_Driver/Src/stm32f3xx_hal_rcc.o
 .debug_macro   0x00019b5b      0x324 Drivers/STM32F3xx_HAL_Driver/Src/stm32f3xx_hal_rcc_ex.o
 .debug_macro   0x00019e7f      0x324 Drivers/STM32F3xx_HAL_Driver/Src/stm32f3xx_hal_tim.o
 .debug_macro   0x0001a1a3      0x330 Drivers/STM32F3xx_HAL_Driver/Src/stm32f3xx_hal_tim_ex.o
 .debug_macro   0x0001a4d3      0x3da Middlewares/ST/STM32_USB_Device_Library/Class/CDC/Src/usbd_cdc.o
 .debug_macro   0x0001a8ad       0x52 Middlewares/ST/STM32_USB_Device_Library/Class/CDC/Src/usbd_cdc.o
 .debug_macro   0x0001a8ff       0x8d Middlewares/ST/STM32_USB_Device_Library/Class/CDC/Src/usbd_cdc.o
 .debug_macro   0x0001a98c       0x57 Middlewares/ST/STM32_USB_Device_Library/Class/CDC/Src/usbd_cdc.o
 .debug_macro   0x0001a9e3       0x16 Middlewares/ST/STM32_USB_Device_Library/Class/CDC/Src/usbd_cdc.o
 .debug_macro   0x0001a9f9       0x35 Middlewares/ST/STM32_USB_Device_Library/Class/CDC/Src/usbd_cdc.o
 .debug_macro   0x0001aa2e       0x16 Middlewares/ST/STM32_USB_Device_Library/Class/CDC/Src/usbd_cdc.o
 .debug_macro   0x0001aa44       0x29 Middlewares/ST/STM32_USB_Device_Library/Class/CDC/Src/usbd_cdc.o
 .debug_macro   0x0001aa6d       0x16 Middlewares/ST/STM32_USB_Device_Library/Class/CDC/Src/usbd_cdc.o
 .debug_macro   0x0001aa83       0x64 Middlewares/ST/STM32_USB_Device_Library/Class/CDC/Src/usbd_cdc.o
 .debug_macro   0x0001aae7      0x1c3 Middlewares/ST/STM32_USB_Device_Library/Class/CDC/Src/usbd_cdc.o
 .debug_macro   0x0001acaa       0x83 Middlewares/ST/STM32_USB_Device_Library/Class/CDC/Src/usbd_cdc.o
 .debug_macro   0x0001ad2d      0x3c1 Middlewares/ST/STM32_USB_Device_Library/Core/Src/usbd_core.o
 .debug_macro   0x0001b0ee      0x3c1 Middlewares/ST/STM32_USB_Device_Library/Core/Src/usbd_ctlreq.o
 .debug_macro   0x0001b4af      0x3bd Middlewares/ST/STM32_USB_Device_Library/Core/Src/usbd_ioreq.o
 .debug_macro   0x0001b86c      0x1f3 Middlewares/Third_Party/FreeRTOS/Source/CMSIS_RTOS/cmsis_os.o
 .debug_macro   0x0001ba5f      0x174 Middlewares/Third_Party/FreeRTOS/Source/CMSIS_RTOS/cmsis_os.o
 .debug_macro   0x0001bbd3       0x10 Middlewares/Third_Party/FreeRTOS/Source/CMSIS_RTOS/cmsis_os.o
 .debug_macro   0x0001bbe3       0xd2 Middlewares/Third_Party/FreeRTOS/Source/CMSIS_RTOS/cmsis_os.o
 .debug_macro   0x0001bcb5      0x168 Middlewares/Third_Party/FreeRTOS/Source/CMSIS_RTOS/cmsis_os.o
 .debug_macro   0x0001be1d       0xe4 Middlewares/Third_Party/FreeRTOS/Source/CMSIS_RTOS/cmsis_os.o
 .debug_macro   0x0001bf01       0x10 Middlewares/Third_Party/FreeRTOS/Source/CMSIS_RTOS/cmsis_os.o
 .debug_macro   0x0001bf11       0x1f Middlewares/Third_Party/FreeRTOS/Source/CMSIS_RTOS/cmsis_os.o
 .debug_macro   0x0001bf30      0x36e Middlewares/Third_Party/FreeRTOS/Source/CMSIS_RTOS/cmsis_os.o
 .debug_macro   0x0001c29e       0xc0 Middlewares/Third_Party/FreeRTOS/Source/CMSIS_RTOS/cmsis_os.o
 .debug_macro   0x0001c35e       0x8c Middlewares/Third_Party/FreeRTOS/Source/CMSIS_RTOS/cmsis_os.o
 .debug_macro   0x0001c3ea       0x91 Middlewares/Third_Party/FreeRTOS/Source/CMSIS_RTOS/cmsis_os.o
 .debug_macro   0x0001c47b       0x94 Middlewares/Third_Party/FreeRTOS/Source/CMSIS_RTOS/cmsis_os.o
 .debug_macro   0x0001c50f       0x63 Middlewares/Third_Party/FreeRTOS/Source/CMSIS_RTOS/cmsis_os.o
 .debug_macro   0x0001c572       0x19 Middlewares/Third_Party/FreeRTOS/Source/CMSIS_RTOS/cmsis_os.o
 .debug_macro   0x0001c58b       0xcf Middlewares/Third_Party/FreeRTOS/Source/CMSIS_RTOS/cmsis_os.o
 .debug_macro   0x0001c65a       0x26 Middlewares/Third_Party/FreeRTOS/Source/CMSIS_RTOS/cmsis_os.o
 .debug_macro   0x0001c680      0x18b Middlewares/Third_Party/FreeRTOS/Source/list.o
 .debug_macro   0x0001c80b      0x207 Middlewares/Third_Party/FreeRTOS/Source/queue.o
 .debug_macro   0x0001ca12      0x26a Middlewares/Third_Party/FreeRTOS/Source/tasks.o
 .debug_macro   0x0001cc7c       0x11 Middlewares/Third_Party/FreeRTOS/Source/tasks.o
 .debug_macro   0x0001cc8d      0x1ad Middlewares/Third_Party/FreeRTOS/Source/portable/GCC/ARM_CM4F/port.o
 .debug_macro   0x0001ce3a      0x1b2 Middlewares/Third_Party/FreeRTOS/Source/portable/MemMang/heap_4.o
 .debug_macro   0x0001cfec      0x467 Src/main.o
 .debug_macro   0x0001d453       0xd8 Src/main.o
 .debug_macro   0x0001d52b      0x324 Src/stm32f3xx_hal_msp.o
 .debug_macro   0x0001d84f      0x324 Src/stm32f3xx_hal_timebase_TIM.o
 .debug_macro   0x0001db73      0x3e2 Src/stm32f3xx_it.o
 .debug_macro   0x0001df55      0x32a Src/system_stm32f3xx.o
 .debug_macro   0x0001e27f      0x3f8 Src/usb_device.o
 .debug_macro   0x0001e677      0x446 Src/usbd_cdc_if.o
 .debug_macro   0x0001eabd      0x3da Src/usbd_conf.o
 .debug_macro   0x0001ee97      0x3fb Src/usbd_desc.o

.debug_line     0x00000000    0x14868
 .debug_line    0x00000000      0xa2a Drivers/STM32F3xx_HAL_Driver/Src/stm32f3xx_hal.o
 .debug_line    0x00000a2a      0xe02 Drivers/STM32F3xx_HAL_Driver/Src/stm32f3xx_hal_can.o
 .debug_line    0x0000182c      0xa5a Drivers/STM32F3xx_HAL_Driver/Src/stm32f3xx_hal_cortex.o
 .debug_line    0x00002286      0x9b9 Drivers/STM32F3xx_HAL_Driver/Src/stm32f3xx_hal_gpio.o
 .debug_line    0x00002c3f      0xe08 Drivers/STM32F3xx_HAL_Driver/Src/stm32f3xx_hal_pcd.o
 .debug_line    0x00003a47      0x8f9 Drivers/STM32F3xx_HAL_Driver/Src/stm32f3xx_hal_pcd_ex.o
 .debug_line    0x00004340      0xd13 Drivers/STM32F3xx_HAL_Driver/Src/stm32f3xx_hal_rcc.o
 .debug_line    0x00005053      0xaf0 Drivers/STM32F3xx_HAL_Driver/Src/stm32f3xx_hal_rcc_ex.o
 .debug_line    0x00005b43     0x1ab8 Drivers/STM32F3xx_HAL_Driver/Src/stm32f3xx_hal_tim.o
 .debug_line    0x000075fb      0xfc4 Drivers/STM32F3xx_HAL_Driver/Src/stm32f3xx_hal_tim_ex.o
 .debug_line    0x000085bf      0xb82 Middlewares/ST/STM32_USB_Device_Library/Class/CDC/Src/usbd_cdc.o
 .debug_line    0x00009141      0xb66 Middlewares/ST/STM32_USB_Device_Library/Core/Src/usbd_core.o
 .debug_line    0x00009ca7      0xb7b Middlewares/ST/STM32_USB_Device_Library/Core/Src/usbd_ctlreq.o
 .debug_line    0x0000a822      0x9f1 Middlewares/ST/STM32_USB_Device_Library/Core/Src/usbd_ioreq.o
 .debug_line    0x0000b213      0xc8b Middlewares/Third_Party/FreeRTOS/Source/CMSIS_RTOS/cmsis_os.o
 .debug_line    0x0000be9e      0x625 Middlewares/Third_Party/FreeRTOS/Source/list.o
 .debug_line    0x0000c4c3      0xb04 Middlewares/Third_Party/FreeRTOS/Source/queue.o
 .debug_line    0x0000cfc7      0xdc0 Middlewares/Third_Party/FreeRTOS/Source/tasks.o
 .debug_line    0x0000dd87      0x6a6 Middlewares/Third_Party/FreeRTOS/Source/portable/GCC/ARM_CM4F/port.o
 .debug_line    0x0000e42d      0x6d7 Middlewares/Third_Party/FreeRTOS/Source/portable/MemMang/heap_4.o
 .debug_line    0x0000eb04      0xc3f Src/main.o
 .debug_line    0x0000f743      0x88a Src/stm32f3xx_hal_msp.o
 .debug_line    0x0000ffcd      0x88a Src/stm32f3xx_hal_timebase_TIM.o
 .debug_line    0x00010857      0xb0d Src/stm32f3xx_it.o
 .debug_line    0x00011364      0x883 Src/system_stm32f3xx.o
 .debug_line    0x00011be7      0xa04 Src/usb_device.o
 .debug_line    0x000125eb      0xbba Src/usbd_cdc_if.o
 .debug_line    0x000131a5      0xc6a Src/usbd_conf.o
 .debug_line    0x00013e0f      0x9da Src/usbd_desc.o
 .debug_line    0x000147e9       0x7f startup/startup_stm32f303xc.o

.debug_str      0x00000000    0xa194a
 .debug_str     0x00000000    0x95256 Drivers/STM32F3xx_HAL_Driver/Src/stm32f3xx_hal.o
                              0x955dc (size before relaxing)
 .debug_str     0x00095256      0x554 Drivers/STM32F3xx_HAL_Driver/Src/stm32f3xx_hal_can.o
                              0x95276 (size before relaxing)
 .debug_str     0x000957aa      0x3ae Drivers/STM32F3xx_HAL_Driver/Src/stm32f3xx_hal_cortex.o
                              0x9561b (size before relaxing)
 .debug_str     0x00095b58      0x2a9 Drivers/STM32F3xx_HAL_Driver/Src/stm32f3xx_hal_gpio.o
                              0x94ff3 (size before relaxing)
 .debug_str     0x00095e01      0x606 Drivers/STM32F3xx_HAL_Driver/Src/stm32f3xx_hal_pcd.o
                              0x95365 (size before relaxing)
 .debug_str     0x00096407       0x8c Drivers/STM32F3xx_HAL_Driver/Src/stm32f3xx_hal_pcd_ex.o
                              0x9504d (size before relaxing)
 .debug_str     0x00096493      0x3fe Drivers/STM32F3xx_HAL_Driver/Src/stm32f3xx_hal_rcc.o
                              0x951fd (size before relaxing)
 .debug_str     0x00096891      0x22f Drivers/STM32F3xx_HAL_Driver/Src/stm32f3xx_hal_rcc_ex.o
                              0x95007 (size before relaxing)
 .debug_str     0x00096ac0     0x1104 Drivers/STM32F3xx_HAL_Driver/Src/stm32f3xx_hal_tim.o
                              0x95ea2 (size before relaxing)
 .debug_str     0x00097bc4      0x5ce Drivers/STM32F3xx_HAL_Driver/Src/stm32f3xx_hal_tim_ex.o
                              0x95908 (size before relaxing)
 .debug_str     0x00098192     0x12ca Middlewares/ST/STM32_USB_Device_Library/Class/CDC/Src/usbd_cdc.o
                              0x96052 (size before relaxing)
 .debug_str     0x0009945c      0x29b Middlewares/ST/STM32_USB_Device_Library/Core/Src/usbd_core.o
                              0x95d13 (size before relaxing)
 .debug_str     0x000996f7      0x12e Middlewares/ST/STM32_USB_Device_Library/Core/Src/usbd_ctlreq.o
                              0x95c2d (size before relaxing)
 .debug_str     0x00099825       0x51 Middlewares/ST/STM32_USB_Device_Library/Core/Src/usbd_ioreq.o
                              0x95b5a (size before relaxing)
 .debug_str     0x00099876     0x5a34 Middlewares/Third_Party/FreeRTOS/Source/CMSIS_RTOS/cmsis_os.o
                               0xc016 (size before relaxing)
 .debug_str     0x0009f2aa      0x14f Middlewares/Third_Party/FreeRTOS/Source/list.o
                               0x92db (size before relaxing)
 .debug_str     0x0009f3f9      0x683 Middlewares/Third_Party/FreeRTOS/Source/queue.o
                               0xa887 (size before relaxing)
 .debug_str     0x0009fa7c      0xed9 Middlewares/Third_Party/FreeRTOS/Source/tasks.o
                               0xb2a6 (size before relaxing)
 .debug_str     0x000a0955      0x77c Middlewares/Third_Party/FreeRTOS/Source/portable/GCC/ARM_CM4F/port.o
                               0x7353 (size before relaxing)
 .debug_str     0x000a10d1      0x243 Middlewares/Third_Party/FreeRTOS/Source/portable/MemMang/heap_4.o
                               0x9a1b (size before relaxing)
 .debug_str     0x000a1314      0x152 Src/main.o
                              0x9b9fb (size before relaxing)
 .debug_str     0x000a1466       0x1b Src/stm32f3xx_hal_msp.o
                              0x9552a (size before relaxing)
 .debug_str     0x000a1481       0x61 Src/stm32f3xx_hal_timebase_TIM.o
                              0x95673 (size before relaxing)