Archive member included to satisfy reference by file (symbol)

c:/users/ardelean calin/scoop/apps/gcc-arm-none-eabi/current/bin/../lib/gcc/arm-none-eabi/7.3.1/thumb/v7e-m/fpv4-sp/hard\libgcc.a(_arm_fixunsdfsi.o)
                              TracealyzerLib/trcSnapshotRecorder.o (__aeabi_d2uiz)
c:/users/ardelean calin/scoop/apps/gcc-arm-none-eabi/current/bin/../lib/gcc/arm-none-eabi/7.3.1/../../../../arm-none-eabi/lib/thumb/v7e-m/fpv4-sp/hard\libc_nano.a(lib_a-exit.o)
                              c:/users/ardelean calin/scoop/apps/gcc-arm-none-eabi/current/bin/../lib/gcc/arm-none-eabi/7.3.1/../../../../arm-none-eabi/lib/thumb/v7e-m/fpv4-sp/hard/crt0.o (exit)
c:/users/ardelean calin/scoop/apps/gcc-arm-none-eabi/current/bin/../lib/gcc/arm-none-eabi/7.3.1/../../../../arm-none-eabi/lib/thumb/v7e-m/fpv4-sp/hard\libc_nano.a(lib_a-impure.o)
                              c:/users/ardelean calin/scoop/apps/gcc-arm-none-eabi/current/bin/../lib/gcc/arm-none-eabi/7.3.1/../../../../arm-none-eabi/lib/thumb/v7e-m/fpv4-sp/hard\libc_nano.a(lib_a-exit.o) (_global_impure_ptr)
c:/users/ardelean calin/scoop/apps/gcc-arm-none-eabi/current/bin/../lib/gcc/arm-none-eabi/7.3.1/../../../../arm-none-eabi/lib/thumb/v7e-m/fpv4-sp/hard\libc_nano.a(lib_a-init.o)
                              c:/users/ardelean calin/scoop/apps/gcc-arm-none-eabi/current/bin/../lib/gcc/arm-none-eabi/7.3.1/../../../../arm-none-eabi/lib/thumb/v7e-m/fpv4-sp/hard/crt0.o (__libc_init_array)
c:/users/ardelean calin/scoop/apps/gcc-arm-none-eabi/current/bin/../lib/gcc/arm-none-eabi/7.3.1/../../../../arm-none-eabi/lib/thumb/v7e-m/fpv4-sp/hard\libc_nano.a(lib_a-memcpy-stub.o)
                              Middlewares/Third_Party/FreeRTOS/Source/queue.o (memcpy)
c:/users/ardelean calin/scoop/apps/gcc-arm-none-eabi/current/bin/../lib/gcc/arm-none-eabi/7.3.1/../../../../arm-none-eabi/lib/thumb/v7e-m/fpv4-sp/hard\libc_nano.a(lib_a-memset.o)
                              c:/users/ardelean calin/scoop/apps/gcc-arm-none-eabi/current/bin/../lib/gcc/arm-none-eabi/7.3.1/../../../../arm-none-eabi/lib/thumb/v7e-m/fpv4-sp/hard/crt0.o (memset)
c:/users/ardelean calin/scoop/apps/gcc-arm-none-eabi/current/bin/../lib/gcc/arm-none-eabi/7.3.1/../../../../arm-none-eabi/lib/thumb/v7e-m/fpv4-sp/hard\libc_nano.a(lib_a-strncmp.o)
                              TracealyzerLib/trcSnapshotRecorder.o (strncmp)
c:/users/ardelean calin/scoop/apps/gcc-arm-none-eabi/current/bin/../lib/gcc/arm-none-eabi/7.3.1/../../../../arm-none-eabi/lib/thumb/v7e-m/fpv4-sp/hard\libnosys.a(_exit.o)
                              c:/users/ardelean calin/scoop/apps/gcc-arm-none-eabi/current/bin/../lib/gcc/arm-none-eabi/7.3.1/../../../../arm-none-eabi/lib/thumb/v7e-m/fpv4-sp/hard\libc_nano.a(lib_a-exit.o) (_exit)

Allocating common symbols
Common symbol       size              file

hUsbDeviceFS        0x224             Src/usb_device.o
defaultTaskHandle   0x4               Src/main.o
cRingBufferIndex    0x1               Src/main.o
xCANReceiveBuffer   0x168             Src/main.o
hcan                0x44              Src/main.o
uwTick              0x4               Drivers/STM32F3xx_HAL_Driver/Src/stm32f3xx_hal.o
xQueueRegistry      0x40              Middlewares/Third_Party/FreeRTOS/Source/queue.o
RecorderData        0x17ec            TracealyzerLib/trcSnapshotRecorder.o
pFlash              0x20              Drivers/STM32F3xx_HAL_Driver/Src/stm32f3xx_hal_flash.o
UserRxBufferFS      0x3e8             Src/usbd_cdc_if.o
xUSBTransmitQueue   0x4               Src/main.o
htim3               0x40              Src/stm32f3xx_hal_timebase_TIM.o
xUSBReceiveQueue    0x4               Src/main.o
xRxRingBuffer       0x6e              Src/main.o
UserTxBufferFS      0x3e8             Src/usbd_cdc_if.o
xCANReceiveQueue    0x4               Src/main.o
hpcd_USB_FS         0x3a8             Src/usbd_conf.o
xCANTransmitBuffer  0x118             Src/main.o
init_hwtc_count     0x4               TracealyzerLib/trcSnapshotRecorder.o
xCANTransmitQueue   0x4               Src/main.o
USBD_StrDesc        0x200             Src/usbd_desc.o

Discarded input sections

 .text          0x00000000        0x0 c:/users/ardelean calin/scoop/apps/gcc-arm-none-eabi/current/bin/../lib/gcc/arm-none-eabi/7.3.1/thumb/v7e-m/fpv4-sp/hard/crti.o
 .data          0x00000000        0x0 c:/users/ardelean calin/scoop/apps/gcc-arm-none-eabi/current/bin/../lib/gcc/arm-none-eabi/7.3.1/thumb/v7e-m/fpv4-sp/hard/crti.o
 .bss           0x00000000        0x0 c:/users/ardelean calin/scoop/apps/gcc-arm-none-eabi/current/bin/../lib/gcc/arm-none-eabi/7.3.1/thumb/v7e-m/fpv4-sp/hard/crti.o
 .data          0x00000000        0x4 c:/users/ardelean calin/scoop/apps/gcc-arm-none-eabi/current/bin/../lib/gcc/arm-none-eabi/7.3.1/thumb/v7e-m/fpv4-sp/hard/crtbegin.o
 .text          0x00000000       0x74 c:/users/ardelean calin/scoop/apps/gcc-arm-none-eabi/current/bin/../lib/gcc/arm-none-eabi/7.3.1/../../../../arm-none-eabi/lib/thumb/v7e-m/fpv4-sp/hard/crt0.o
[...]
Memory Configuration

Name             Origin             Length             Attributes
RAM              0x20000000         0x00008000         xrw
CCMRAM           0x10000000         0x00002000         rw
FLASH            0x08000000         0x00020000         xr
*default*        0x00000000         0xffffffff

Linker script and memory map

LOAD c:/users/ardelean calin/scoop/apps/gcc-arm-none-eabi/current/bin/../lib/gcc/arm-none-eabi/7.3.1/thumb/v7e-m/fpv4-sp/hard/crti.o
LOAD c:/users/ardelean calin/scoop/apps/gcc-arm-none-eabi/current/bin/../lib/gcc/arm-none-eabi/7.3.1/thumb/v7e-m/fpv4-sp/hard/crtbegin.o
LOAD c:/users/ardelean calin/scoop/apps/gcc-arm-none-eabi/current/bin/../lib/gcc/arm-none-eabi/7.3.1/../../../../arm-none-eabi/lib/thumb/v7e-m/fpv4-sp/hard/crt0.o
LOAD Drivers/STM32F3xx_HAL_Driver/Src/stm32f3xx_hal_dma.o
LOAD Drivers/STM32F3xx_HAL_Driver/Src/stm32f3xx_hal_tim_ex.o
LOAD Drivers/STM32F3xx_HAL_Driver/Src/stm32f3xx_hal_cortex.o
LOAD Drivers/STM32F3xx_HAL_Driver/Src/stm32f3xx_hal_gpio.o
LOAD Drivers/STM32F3xx_HAL_Driver/Src/stm32f3xx_hal_pcd_ex.o
LOAD Drivers/STM32F3xx_HAL_Driver/Src/stm32f3xx_hal_tim.o
LOAD Drivers/STM32F3xx_HAL_Driver/Src/stm32f3xx_hal.o
LOAD Drivers/STM32F3xx_HAL_Driver/Src/stm32f3xx_hal_rcc_ex.o
LOAD Drivers/STM32F3xx_HAL_Driver/Src/stm32f3xx_hal_flash_ex.o
LOAD Drivers/STM32F3xx_HAL_Driver/Src/stm32f3xx_hal_pcd.o
LOAD Drivers/STM32F3xx_HAL_Driver/Src/stm32f3xx_hal_i2c_ex.o
LOAD Drivers/STM32F3xx_HAL_Driver/Src/stm32f3xx_hal_pwr_ex.o
LOAD Drivers/STM32F3xx_HAL_Driver/Src/stm32f3xx_hal_flash.o
LOAD Drivers/STM32F3xx_HAL_Driver/Src/stm32f3xx_hal_rcc.o
LOAD Drivers/STM32F3xx_HAL_Driver/Src/stm32f3xx_hal_i2c.o
LOAD Drivers/STM32F3xx_HAL_Driver/Src/stm32f3xx_hal_pwr.o
LOAD Drivers/STM32F3xx_HAL_Driver/Src/stm32f3xx_hal_can.o
LOAD Middlewares/ST/STM32_USB_Device_Library/Core/Src/usbd_ioreq.o
LOAD Middlewares/ST/STM32_USB_Device_Library/Core/Src/usbd_ctlreq.o
LOAD Middlewares/ST/STM32_USB_Device_Library/Core/Src/usbd_core.o
LOAD Middlewares/ST/STM32_USB_Device_Library/Class/CDC/Src/usbd_cdc.o
LOAD Middlewares/Third_Party/FreeRTOS/Source/tasks.o
LOAD Middlewares/Third_Party/FreeRTOS/Source/event_groups.o
LOAD Middlewares/Third_Party/FreeRTOS/Source/list.o
LOAD Middlewares/Third_Party/FreeRTOS/Source/croutine.o
LOAD Middlewares/Third_Party/FreeRTOS/Source/queue.o
LOAD Middlewares/Third_Party/FreeRTOS/Source/timers.o
LOAD Middlewares/Third_Party/FreeRTOS/Source/CMSIS_RTOS/cmsis_os.o
LOAD Middlewares/Third_Party/FreeRTOS/Source/portable/GCC/ARM_CM4F/port.o
LOAD Middlewares/Third_Party/FreeRTOS/Source/portable/MemMang/heap_4.o
LOAD Src/stm32f3xx_hal_msp.o
LOAD Src/usbd_desc.o
LOAD Src/stm32f3xx_hal_timebase_TIM.o
LOAD Src/usb_device.o
LOAD Src/main.o
LOAD Src/system_stm32f3xx.o
LOAD Src/stm32f3xx_it.o
LOAD Src/usbd_conf.o
LOAD Src/usbd_cdc_if.o
LOAD Src/freertos.o
LOAD TracealyzerLib/trcSnapshotRecorder.o
LOAD TracealyzerLib/trcKernelPort.o
LOAD TracealyzerLib/trcStreamingRecorder.o
LOAD startup/startup_stm32f303xc.o
LOAD c:/users/ardelean calin/scoop/apps/gcc-arm-none-eabi/current/bin/../lib/gcc/arm-none-eabi/7.3.1/../../../../arm-none-eabi/lib/thumb/v7e-m/fpv4-sp/hard\libm.a
START GROUP
LOAD c:/users/ardelean calin/scoop/apps/gcc-arm-none-eabi/current/bin/../lib/gcc/arm-none-eabi/7.3.1/thumb/v7e-m/fpv4-sp/hard\libgcc.a
LOAD c:/users/ardelean calin/scoop/apps/gcc-arm-none-eabi/current/bin/../lib/gcc/arm-none-eabi/7.3.1/../../../../arm-none-eabi/lib/thumb/v7e-m/fpv4-sp/hard\libc_nano.a
END GROUP
START GROUP
LOAD c:/users/ardelean calin/scoop/apps/gcc-arm-none-eabi/current/bin/../lib/gcc/arm-none-eabi/7.3.1/thumb/v7e-m/fpv4-sp/hard\libgcc.a
LOAD c:/users/ardelean calin/scoop/apps/gcc-arm-none-eabi/current/bin/../lib/gcc/arm-none-eabi/7.3.1/../../../../arm-none-eabi/lib/thumb/v7e-m/fpv4-sp/hard\libc_nano.a
LOAD c:/users/ardelean calin/scoop/apps/gcc-arm-none-eabi/current/bin/../lib/gcc/arm-none-eabi/7.3.1/../../../../arm-none-eabi/lib/thumb/v7e-m/fpv4-sp/hard\libnosys.a
END GROUP
START GROUP
LOAD c:/users/ardelean calin/scoop/apps/gcc-arm-none-eabi/current/bin/../lib/gcc/arm-none-eabi/7.3.1/thumb/v7e-m/fpv4-sp/hard\libgcc.a
LOAD c:/users/ardelean calin/scoop/apps/gcc-arm-none-eabi/current/bin/../lib/gcc/arm-none-eabi/7.3.1/../../../../arm-none-eabi/lib/thumb/v7e-m/fpv4-sp/hard\libc_nano.a
LOAD c:/users/ardelean calin/scoop/apps/gcc-arm-none-eabi/current/bin/../lib/gcc/arm-none-eabi/7.3.1/../../../../arm-none-eabi/lib/thumb/v7e-m/fpv4-sp/hard\libnosys.a
END GROUP
LOAD c:/users/ardelean calin/scoop/apps/gcc-arm-none-eabi/current/bin/../lib/gcc/arm-none-eabi/7.3.1/thumb/v7e-m/fpv4-sp/hard/crtend.o
LOAD c:/users/ardelean calin/scoop/apps/gcc-arm-none-eabi/current/bin/../lib/gcc/arm-none-eabi/7.3.1/thumb/v7e-m/fpv4-sp/hard/crtn.o
                0x20008000                _estack = 0x20008000
                0x00000200                _Min_Heap_Size = 0x200
                0x00000400                _Min_Stack_Size = 0x400

.isr_vector     0x08000000      0x188
                0x08000000                . = ALIGN (0x4)
 *(.isr_vector)
 .isr_vector    0x08000000      0x188 startup/startup_stm32f303xc.o
                0x08000000                g_pfnVectors
                0x08000188                . = ALIGN (0x4)

.text           0x08000190     0xde00
                0x08000190                . = ALIGN (0x4)
 *(.text)
 .text          0x08000190       0x40 c:/users/ardelean calin/scoop/apps/gcc-arm-none-eabi/current/bin/../lib/gcc/arm-none-eabi/7.3.1/thumb/v7e-m/fpv4-sp/hard/crtbegin.o
 .text          0x080001d0      0x478 Drivers/STM32F3xx_HAL_Driver/Src/stm32f3xx_hal_dma.o
                0x08000248                HAL_DMA_Init
                0x080002a0                HAL_DMA_DeInit
                0x080002e2                HAL_DMA_Start
                0x08000332                HAL_DMA_Start_IT
                0x080003a6                HAL_DMA_Abort
                0x080003d4                HAL_DMA_Abort_IT
                0x0800041e                HAL_DMA_PollForTransfer
                0x080004e0                HAL_DMA_IRQHandler
                0x08000594                HAL_DMA_RegisterCallback
                0x080005e2                HAL_DMA_UnRegisterCallback
                0x0800063e                HAL_DMA_GetState
                0x08000644                HAL_DMA_GetError
 .text          0x08000648     0x1000 Drivers/STM32F3xx_HAL_Driver/Src/stm32f3xx_hal_tim_ex.o
                0x0800073c                HAL_TIMEx_HallSensor_MspInit
                0x0800073e                HAL_TIMEx_HallSensor_Init
                0x08000800                HAL_TIMEx_HallSensor_MspDeInit
                0x08000802                HAL_TIMEx_HallSensor_DeInit
                0x0800083c                HAL_TIMEx_HallSensor_Start
                0x08000858                HAL_TIMEx_HallSensor_Stop
                0x08000888                HAL_TIMEx_HallSensor_Start_IT
                0x080008ae                HAL_TIMEx_HallSensor_Stop_IT
                0x080008e8                HAL_TIMEx_HallSensor_Start_DMA
                0x0800095c                HAL_TIMEx_HallSensor_Stop_DMA
                0x08000996                HAL_TIMEx_OCN_Start
                0x080009ba                HAL_TIMEx_OCN_Stop
                0x08000a06                HAL_TIMEx_OCN_Start_IT
                0x08000a78                HAL_TIMEx_OCN_Stop_IT
                0x08000b1c                HAL_TIMEx_OCN_Start_DMA
                0x08000c1c                HAL_TIMEx_OCN_Stop_DMA
                0x08000cb2                HAL_TIMEx_PWMN_Start
                0x08000cd6                HAL_TIMEx_PWMN_Stop
                0x08000d22                HAL_TIMEx_PWMN_Start_IT
                0x08000d94                HAL_TIMEx_PWMN_Stop_IT
                0x08000e38                HAL_TIMEx_PWMN_Start_DMA
                0x08000f38                HAL_TIMEx_PWMN_Stop_DMA
                0x08000fce                HAL_TIMEx_OnePulseN_Start
                0x08000fe8                HAL_TIMEx_OnePulseN_Stop
                0x08001034                HAL_TIMEx_OnePulseN_Start_IT
                0x08001062                HAL_TIMEx_OnePulseN_Stop_IT
                0x080010c2                HAL_TIMEx_ConfigCommutationEvent
                0x08001120                HAL_TIMEx_ConfigCommutationEvent_IT
                0x08001188                HAL_TIMEx_ConfigCommutationEvent_DMA
                0x08001204                HAL_TIM_OC_ConfigChannel
                0x0800127a                HAL_TIM_PWM_ConfigChannel
                0x080013ae                HAL_TIMEx_MasterConfigSynchronization
                0x08001404                HAL_TIMEx_ConfigBreakDeadTime
                0x08001498                HAL_TIMEx_RemapConfig
                0x080014ba                HAL_TIMEx_GroupChannel5
                0x080014f8                HAL_TIM_ConfigOCrefClear
                0x0800162c                HAL_TIMEx_CommutationCallback
                0x0800162e                TIMEx_DMACommutationCplt
                0x0800163e                HAL_TIMEx_BreakCallback
                0x08001640                HAL_TIMEx_Break2Callback
                0x08001642                HAL_TIMEx_HallSensor_GetState
 .text          0x08001648      0x29c Drivers/STM32F3xx_HAL_Driver/Src/stm32f3xx_hal_cortex.o
                0x08001648                HAL_NVIC_SetPriorityGrouping
                0x0800166c                HAL_NVIC_SetPriority
                0x080016d4                HAL_NVIC_EnableIRQ
                0x080016ec                HAL_NVIC_DisableIRQ
                0x08001704                HAL_NVIC_SystemReset
                0x08001728                HAL_SYSTICK_Config
                0x08001754                HAL_MPU_Disable
                0x08001770                HAL_MPU_Enable
                0x0800178c                HAL_MPU_ConfigRegion
                0x080017e0                HAL_NVIC_GetPriorityGrouping
                0x080017f0                HAL_NVIC_GetPriority
                0x08001850                HAL_NVIC_SetPendingIRQ
                0x08001868                HAL_NVIC_GetPendingIRQ
                0x08001884                HAL_NVIC_ClearPendingIRQ
                0x0800189c                HAL_NVIC_GetActive
                0x080018b8                HAL_SYSTICK_CLKSourceConfig
                0x080018d8                HAL_SYSTICK_Callback
                0x080018da                HAL_SYSTICK_IRQHandler
 .text          0x080018e4      0x308 Drivers/STM32F3xx_HAL_Driver/Src/stm32f3xx_hal_gpio.o
                0x080018e4                HAL_GPIO_Init
                0x08001a78                HAL_GPIO_DeInit
                0x08001b80                HAL_GPIO_ReadPin
                0x08001b8e                HAL_GPIO_WritePin
                0x08001b98                HAL_GPIO_TogglePin
                0x08001ba0                HAL_GPIO_LockPin
                0x08001bce                HAL_GPIO_EXTI_Callback
                0x08001bd0                HAL_GPIO_EXTI_IRQHandler
 .text          0x08001bec       0xa0 Drivers/STM32F3xx_HAL_Driver/Src/stm32f3xx_hal_pcd_ex.o
                0x08001bec                HAL_PCDEx_PMAConfig
                0x08001c2c                PCD_WritePMA
                0x08001c58                PCD_ReadPMA
 .text          0x08001c8c     0x24d8 Drivers/STM32F3xx_HAL_Driver/Src/stm32f3xx_hal_tim.o
                0x08001d84                HAL_TIM_Base_MspInit
                0x08001d86                HAL_TIM_Base_MspDeInit
                0x08001d88                HAL_TIM_Base_DeInit
                0x08001dc2                HAL_TIM_Base_Start
                0x08001ddc                HAL_TIM_Base_Stop
                0x08001e0a                HAL_TIM_Base_Start_IT
                0x08001e22                HAL_TIM_Base_Stop_IT
                0x08001e4e                HAL_TIM_Base_Start_DMA
                0x08001eb4                HAL_TIM_Base_Stop_DMA
                0x08001ee6                HAL_TIM_OC_MspInit
                0x08001ee8                HAL_TIM_OC_MspDeInit
                0x08001eea                HAL_TIM_OC_DeInit
                0x08001f24                HAL_TIM_PWM_MspInit
                0x08001f26                HAL_TIM_PWM_MspDeInit
                0x08001f28                HAL_TIM_PWM_DeInit
                0x08001f62                HAL_TIM_IC_MspInit
                0x08001f64                HAL_TIM_IC_MspDeInit
                0x08001f66                HAL_TIM_IC_DeInit
                0x08001fa0                HAL_TIM_OnePulse_MspInit
                0x08001fa2                HAL_TIM_OnePulse_MspDeInit
                0x08001fa4                HAL_TIM_OnePulse_DeInit
                0x08001fde                HAL_TIM_Encoder_MspInit
                0x08001fe0                HAL_TIM_Encoder_MspDeInit
                0x08001fe2                HAL_TIM_Encoder_DeInit
                0x0800201c                HAL_TIM_DMABurst_MultiWriteStart
                0x08002170                HAL_TIM_DMABurst_WriteStart
                0x08002186                HAL_TIM_DMABurst_WriteStop
                0x080021fc                HAL_TIM_DMABurst_MultiReadStart
                0x08002350                HAL_TIM_DMABurst_ReadStart
                0x08002366                HAL_TIM_DMABurst_ReadStop
                0x080023dc                HAL_TIM_GenerateEvent
                0x08002402                HAL_TIM_ConfigTI1Input
                0x08002412                HAL_TIM_ReadCapturedValue
                0x08002470                HAL_TIM_OC_DelayElapsedCallback
                0x08002472                HAL_TIM_IC_CaptureCallback
                0x08002474                TIM_DMACaptureCplt
                0x080024b8                HAL_TIM_PWM_PulseFinishedCallback
                0x080024ba                TIM_DMADelayPulseCplt
                0x080024fe                HAL_TIM_TriggerCallback
                0x08002500                HAL_TIM_IRQHandler
                0x080026aa                HAL_TIM_ErrorCallback
                0x080026ac                TIM_DMAError
                0x080026bc                HAL_TIM_Base_GetState
                0x080026c2                HAL_TIM_OC_GetState
                0x080026c8                HAL_TIM_PWM_GetState
                0x080026ce                HAL_TIM_IC_GetState
                0x080026d4                HAL_TIM_OnePulse_GetState
                0x080026da                HAL_TIM_Encoder_GetState
                0x080026e0                TIM_Base_SetConfig
                0x08002798                HAL_TIM_Base_Init
                0x080027ca                HAL_TIM_OC_Init
                0x080027fc                HAL_TIM_PWM_Init
                0x0800282e                HAL_TIM_IC_Init
                0x08002860                HAL_TIM_OnePulse_Init
                0x080028a6                HAL_TIM_Encoder_Init
                0x08002942                TIM_OC1_SetConfig
                0x080029dc                TIM_OC2_SetConfig
                0x08002a68                TIM_OC3_SetConfig
                0x08002af4                TIM_OC4_SetConfig
                0x08002c9a                TIM_TI1_SetConfig
                0x08002d00                HAL_TIM_IC_ConfigChannel
                0x08002dc0                HAL_TIM_OnePulse_ConfigChannel
                0x08002eba                TIM_ETR_SetConfig
                0x08002f98                HAL_TIM_ConfigClockSource
                0x08003128                HAL_TIM_SlaveConfigSynchronization
                0x08003168                HAL_TIM_SlaveConfigSynchronization_IT
                0x080031a8                TIM_CCxChannelCmd
                0x080031c6                HAL_TIM_OC_Start
                0x08003214                HAL_TIM_OC_Stop
                0x0800328c                HAL_TIM_OC_Start_IT
                0x08003320                HAL_TIM_OC_Stop_IT
                0x080033dc                HAL_TIM_OC_Start_DMA
                0x08003508                HAL_TIM_OC_Stop_DMA
                0x080035c8                HAL_TIM_PWM_Start
                0x08003618                HAL_TIM_PWM_Stop
                0x08003694                HAL_TIM_PWM_Start_IT
                0x08003728                HAL_TIM_PWM_Stop_IT
                0x080037e4                HAL_TIM_PWM_Start_DMA
                0x08003910                HAL_TIM_PWM_Stop_DMA
                0x080039d0                HAL_TIM_IC_Start
                0x080039ea                HAL_TIM_IC_Stop
                0x08003a18                HAL_TIM_IC_Start_IT
                0x08003a76                HAL_TIM_IC_Stop_IT
                0x08003ae8                HAL_TIM_IC_Start_DMA
                0x08003bd4                HAL_TIM_IC_Stop_DMA
                0x08003c4c                HAL_TIM_OnePulse_Start
                0x08003c9c                HAL_TIM_OnePulse_Stop
                0x08003d20                HAL_TIM_OnePulse_Start_IT
                0x08003d84                HAL_TIM_OnePulse_Stop_IT
                0x08003e1c                HAL_TIM_Encoder_Start
                0x08003e60                HAL_TIM_Encoder_Stop
                0x08003eb8                HAL_TIM_Encoder_Start_IT
                0x08003f24                HAL_TIM_Encoder_Stop_IT
                0x08003faa                HAL_TIM_Encoder_Start_DMA
                0x080040dc                HAL_TIM_Encoder_Stop_DMA
 .text          0x08004164      0x1e0 Drivers/STM32F3xx_HAL_Driver/Src/stm32f3xx_hal.o
                0x08004166                HAL_MspDeInit
                0x08004168                HAL_DeInit
                0x080041d4                HAL_Init
                0x080041f8                HAL_IncTick
                0x08004210                HAL_GetTick
                0x0800421c                HAL_GetTickPrio
                0x08004228                HAL_SetTickFreq
                0x08004248                HAL_GetTickFreq
                0x08004254                HAL_Delay
                0x0800429c                HAL_GetHalVersion
                0x080042a4                HAL_GetREVID
                0x080042b0                HAL_GetDEVID
                0x080042c0                HAL_GetUIDw0
                0x080042cc                HAL_GetUIDw1
                0x080042d8                HAL_GetUIDw2
                0x080042e4                HAL_DBGMCU_EnableDBGSleepMode
                0x080042f4                HAL_DBGMCU_DisableDBGSleepMode
                0x08004304                HAL_DBGMCU_EnableDBGStopMode
                0x08004314                HAL_DBGMCU_DisableDBGStopMode
                0x08004324                HAL_DBGMCU_EnableDBGStandbyMode
                0x08004334                HAL_DBGMCU_DisableDBGStandbyMode
 .text          0x08004344      0x75c Drivers/STM32F3xx_HAL_Driver/Src/stm32f3xx_hal_rcc_ex.o
                0x08004380                HAL_RCCEx_PeriphCLKConfig
                0x080045e8                HAL_RCCEx_GetPeriphCLKConfig
                0x080046a8                HAL_RCCEx_GetPeriphCLKFreq
 .text          0x08004aa0     0x116e Drivers/STM32F3xx_HAL_Driver/Src/stm32f3xx_hal_pcd.o
                0x08004aa2                HAL_PCD_Init
                0x08004b4c                HAL_PCD_Start
                0x08004b58                HAL_PCD_Stop
                0x08004b84                HAL_PCD_DeInit
                0x08004bbc                HAL_PCD_DevConnect
                0x08004bde                HAL_PCD_DevDisconnect
                0x08004c02                HAL_PCD_SetAddress
                0x08004c2e                HAL_PCD_EP_Open
                0x08004fd4                HAL_PCD_EP_Close
                0x080051fe                HAL_PCD_EP_Receive
                0x08005362                HAL_PCD_EP_GetRxCount
                0x08005374                HAL_PCD_EP_Transmit
                0x0800591a                HAL_PCD_IRQHandler
                0x08005a32                HAL_PCD_EP_SetStall
                0x08005af2                HAL_PCD_EP_ClrStall
                0x08005bdc                HAL_PCD_EP_Flush
                0x08005be0                HAL_PCD_ActivateRemoteWakeup
                0x08005bf2                HAL_PCD_DeActivateRemoteWakeup
                0x08005c08                HAL_PCD_GetState
 *fill*         0x08005c0e        0x2 
 .text          0x08005c10      0xab0 Drivers/STM32F3xx_HAL_Driver/Src/stm32f3xx_hal_rcc.o
                0x08005c10                HAL_RCC_DeInit
                0x08005c58                HAL_RCC_OscConfig
                0x08006268                HAL_RCC_MCOConfig
                0x080062b4                HAL_RCC_EnableCSS
                0x080062d0                HAL_RCC_DisableCSS
                0x080062ec                HAL_RCC_GetSysClockFreq
                0x08006368                HAL_RCC_ClockConfig
                0x0800653c                HAL_RCC_GetHCLKFreq
                0x08006548                HAL_RCC_GetPCLK1Freq
                0x08006574                HAL_RCC_GetPCLK2Freq
                0x080065a0                HAL_RCC_GetOscConfig
                0x08006660                HAL_RCC_GetClockConfig
                0x0800669c                HAL_RCC_CSSCallback
                0x0800669e                HAL_RCC_NMI_IRQHandler
 .text          0x080066c0      0xe6c Drivers/STM32F3xx_HAL_Driver/Src/stm32f3xx_hal_can.o
                0x080066c0                HAL_CAN_ConfigFilter
                0x080067c0                HAL_CAN_Init
                0x08006936                HAL_CAN_DeInit
                0x08006956                HAL_CAN_Transmit
                0x08006b6c                HAL_CAN_Transmit_IT
                0x08006cca                HAL_CAN_Receive
                0x08006f4a                HAL_CAN_Receive_IT
                0x08007064                HAL_CAN_Sleep
                0x080070ea                HAL_CAN_WakeUp
                0x08007158                HAL_CAN_TxCpltCallback
                0x080071b4                HAL_CAN_RxCpltCallback
                0x08007336                HAL_CAN_ErrorCallback
                0x08007338                HAL_CAN_IRQHandler
                0x08007520                HAL_CAN_GetState
                0x08007526                HAL_CAN_GetError
 .text          0x0800752c       0x8e Middlewares/ST/STM32_USB_Device_Library/Core/Src/usbd_ioreq.o
                0x0800752c                USBD_CtlSendData
                0x08007546                USBD_CtlContinueSendData
                0x08007556                USBD_CtlPrepareRx
                0x08007574                USBD_CtlContinueRx
                0x08007584                USBD_CtlSendStatus
                0x0800759a                USBD_CtlReceiveStatus
                0x080075b0                USBD_GetRxCount
 *fill*         0x080075ba        0x2 
 .text          0x080075bc      0x4f8 Middlewares/ST/STM32_USB_Device_Library/Core/Src/usbd_ctlreq.o
                0x080075f0                USBD_ParseSetupRequest
                0x08007618                USBD_CtlError
                0x080078e2                USBD_StdDevReq
                0x0800792a                USBD_StdItfReq
                0x08007962                USBD_StdEPReq
                0x08007a7a                USBD_GetString
 .text          0x08007ab4      0x2c2 Middlewares/ST/STM32_USB_Device_Library/Core/Src/usbd_core.o
                0x08007ab4                USBD_Init
                0x08007ae2                USBD_DeInit
                0x08007b06                USBD_RegisterClass
                0x08007b14                USBD_Start
                0x08007b1e                USBD_Stop
                0x08007b36                USBD_RunTestMode
                0x08007b3a                USBD_SetClassConfig
                0x08007b54                USBD_ClrClassConfig
                0x08007b62                USBD_LL_SetupStage
                0x08007bbc                USBD_LL_DataOutStage
                0x08007c26                USBD_LL_DataInStage
                0x08007cd6                USBD_LL_Reset
                0x08007d14                USBD_LL_SetSpeed
                0x08007d1a                USBD_LL_Suspend
                0x08007d2c                USBD_LL_Resume
                0x08007d38                USBD_LL_SOF
                0x08007d54                USBD_LL_IsoINIncomplete
                0x08007d58                USBD_LL_IsoOUTIncomplete
                0x08007d5c                USBD_LL_DevConnected
                0x08007d60                USBD_LL_DevDisconnected
 *fill*         0x08007d76        0x2 
 .text          0x08007d78      0x268 Middlewares/ST/STM32_USB_Device_Library/Class/CDC/Src/usbd_cdc.o
                0x08007dd8                USBD_CDC_GetDeviceQualifierDescriptor
                0x08007f54                USBD_CDC_RegisterInterface
                0x08007f62                USBD_CDC_SetTxBuffer
                0x08007f72                USBD_CDC_SetRxBuffer
                0x08007f7e                USBD_CDC_TransmitPacket
                0x08007fac                USBD_CDC_ReceivePacket
 .text          0x08007fe0     0x181c Middlewares/Third_Party/FreeRTOS/Source/tasks.o
                0x08008304                xTaskCreate
                0x08008366                eTaskGetState
                0x080083cc                uxTaskPriorityGet
                0x080083ec                uxTaskPriorityGetFromISR
                0x08008420                vTaskPrioritySet
                0x08008560                vTaskResume
                0x08008630                xTaskResumeFromISR
                0x0800871c                vTaskStartScheduler
                0x08008790                vTaskEndScheduler
                0x080087b4                vTaskSuspendAll
                0x080087c8                xTaskGetTickCount
                0x080087d4                xTaskGetTickCountFromISR
                0x080087e8                uxTaskGetNumberOfTasks
                0x080087f4                pcTaskGetName
                0x08008820                xTaskIncrementTick
                0x0800899c                xTaskResumeAll
                0x08008aac                vTaskDelayUntil
                0x08008b9c                vTaskDelay
                0x08008c38                vTaskSwitchContext
                0x08008ce8                vTaskSuspend
                0x08008dfc                vTaskPlaceOnEventList
                0x08008e30                vTaskPlaceOnUnorderedEventList
                0x08008e8c                xTaskRemoveFromEventList
                0x08008f30                xTaskRemoveFromUnorderedEventList
                0x08008fd4                vTaskSetTimeOutState
                0x08008ffc                xTaskCheckForTimeOut
                0x0800907c                vTaskMissedYield
                0x0800908c                uxTaskGetTaskNumber
                0x08009096                vTaskSetTaskNumber
                0x0800909c                vTaskGetInfo
                0x0800916e                uxTaskGetSystemState
                0x08009200                xTaskGetCurrentTaskHandle
                0x0800920c                xTaskGetSchedulerState
                0x0800922c                uxTaskResetEventItemValue
                0x0800924c                ulTaskNotifyTake
                0x08009348                xTaskNotifyWait
                0x08009468                xTaskGenericNotify
                0x08009588                xTaskGenericNotifyFromISR
                0x080096d0                vTaskNotifyGiveFromISR
                0x080097c8                xTaskNotifyStateClear
 .text          0x080097fc       0x8e Middlewares/Third_Party/FreeRTOS/Source/list.o
                0x080097fc                vListInitialise
                0x08009812                vListInitialiseItem
                0x08009818                vListInsertEnd
                0x08009830                vListInsert
                0x08009864                uxListRemove
 *fill*         0x0800988a        0x2 
 .text          0x0800988c     0x1108 Middlewares/Third_Party/FreeRTOS/Source/queue.o
                0x080099ae                xQueueGenericReset
                0x08009acc                xQueueGenericCreate
                0x08009b14                xQueueGenericSend
                0x08009e18                xQueueGenericSendFromISR
                0x08009fa8                xQueueGiveFromISR
                0x0800a12c                xQueueGenericReceive
                0x0800a5a8                xQueueReceiveFromISR
                0x0800a718                xQueuePeekFromISR
                0x0800a794                uxQueueMessagesWaiting
                0x0800a7ba                uxQueueSpacesAvailable
                0x0800a7e4                uxQueueMessagesWaitingFromISR
                0x0800a7fc                uxQueueGetQueueNumber
                0x0800a800                vQueueSetQueueNumber
                0x0800a804                ucQueueGetQueueType
                0x0800a80a                xQueueIsQueueEmptyFromISR
                0x0800a82a                xQueueIsQueueFullFromISR
                0x0800a84e                vQueueAddToRegistry
                0x0800a89c                pcQueueGetName
                0x0800a8c4                vQueueUnregisterQueue
                0x0800a8f0                vQueueDelete
 .text          0x0800a994      0x8ec Middlewares/Third_Party/FreeRTOS/Source/CMSIS_RTOS/cmsis_os.o
                0x0800a9ba                osKernelStart
                0x0800a9c4                osKernelRunning
                0x0800a9d6                osKernelSysTick
                0x0800a9ea                osThreadCreate
                0x0800aa1e                osThreadGetId
                0x0800aa26                osThreadTerminate
                0x0800aa2a                osThreadYield
                0x0800aa44                osThreadSetPriority
                0x0800aa5a                osThreadGetPriority
                0x0800aa7c                osDelay
                0x0800aa8e                osTimerCreate
                0x0800aa92                osTimerStart
                0x0800aa96                osTimerStop
                0x0800aa9a                osTimerDelete
                0x0800aa9e                osSignalSet
                0x0800ab04                osSignalWait
                0x0800ab6c                osMutexCreate
                0x0800ab70                osMutexWait
                0x0800abe4                osMutexRelease
                0x0800ac40                osMutexDelete
                0x0800ac58                osSemaphoreCreate
                0x0800ac7e                osSemaphoreWait
                0x0800acf4                osSemaphoreRelease
                0x0800ad50                osSemaphoreDelete
                0x0800ad68                osPoolCreate
                0x0800add0                osPoolAlloc
                0x0800ae3c                osPoolCAlloc
                0x0800ae4e                osPoolFree
                0x0800ae8e                osMessageCreate
                0x0800ae9c                osMessagePut
                0x0800af04                osMessageGet
                0x0800afa4                osMailCreate
                0x0800b00a                osMailAlloc
                0x0800b01a                osMailCAlloc
                0x0800b03c                osMailPut
                0x0800b0a4                osMailGet
                0x0800b140                osMailFree
                0x0800b150                osSystickHandler
                0x0800b160                osThreadSuspend
                0x0800b16a                osThreadResume
                0x0800b1a0                osThreadSuspendAll
                0x0800b1aa                osThreadResumeAll
                0x0800b1bc                osDelayUntil
                0x0800b1ce                osAbortDelay
                0x0800b1d2                osThreadList
                0x0800b1d6                osMessagePeek
                0x0800b230                osMessageWaiting
                0x0800b24a                osMessageAvailableSpace
                0x0800b252                osMessageDelete
                0x0800b26a                osRecursiveMutexCreate
                0x0800b26e                osRecursiveMutexRelease
                0x0800b272                osRecursiveMutexWait
                0x0800b276                osSemaphoreGetCount
 .text          0x0800b280      0x354 Middlewares/Third_Party/FreeRTOS/Source/portable/GCC/ARM_CM4F/port.o
                0x0800b2dc                pxPortInitialiseStack
                0x0800b308                SVC_Handler
                0x0800b334                vPortEndScheduler
                0x0800b358                vPortEnterCritical
                0x0800b39c                vPortExitCritical
                0x0800b3c8                PendSV_Handler
                0x0800b434                xPortSysTickHandler
                0x0800b460                vPortSetupTimerInterrupt
                0x0800b48c                xPortStartScheduler
                0x0800b574                vPortValidateInterruptPriority
 .text          0x0800b5d4      0x25c Middlewares/Third_Party/FreeRTOS/Source/portable/MemMang/heap_4.o
                0x0800b680                pvPortMalloc
                0x0800b798                vPortFree
                0x0800b814                xPortGetFreeHeapSize
                0x0800b820                xPortGetMinimumEverFreeHeapSize
                0x0800b82c                vPortInitialiseBlocks
 .text          0x0800b830      0x110 Src/stm32f3xx_hal_msp.o
                0x0800b830                HAL_MspInit
                0x0800b8c0                HAL_CAN_MspInit
                0x0800b910                HAL_CAN_MspDeInit
 .text          0x0800b940       0xc4 Src/usbd_desc.o
                0x0800b940                USBD_FS_DeviceDescriptor
                0x0800b94c                USBD_FS_LangIDStrDescriptor
                0x0800b958                USBD_FS_ProductStrDescriptor
                0x0800b97c                USBD_FS_ManufacturerStrDescriptor
                0x0800b998                USBD_FS_SerialStrDescriptor
                0x0800b9bc                USBD_FS_ConfigStrDescriptor
                0x0800b9e0                USBD_FS_InterfaceStrDescriptor
 .text          0x0800ba04       0xa4 Src/stm32f3xx_hal_timebase_TIM.o
                0x0800ba04                HAL_InitTick
                0x0800ba80                HAL_SuspendTick
                0x0800ba94                HAL_ResumeTick
 .text          0x0800baa8       0x38 Src/usb_device.o
                0x0800baa8                MX_USB_DEVICE_Init
 .text          0x0800bae0      0x400 Src/main.o
                0x0800bb24                vUSBRxDecoderTask
                0x0800bb84                vCANRxEncoderTask
                0x0800bbd8                vCANTransmitTask
                0x0800bc08                vCANReceiveTask
                0x0800bc58                USB_DEVICE_MasterHardReset
                0x0800bc90                HAL_TIM_PeriodElapsedCallback
                0x0800bca8                _Error_Handler
                0x0800bd20                SystemClock_Config
                0x0800bdc8                main
 .text          0x0800bee0       0xf8 Src/system_stm32f3xx.o
                0x0800bee0                SystemInit
                0x0800bf48                SystemCoreClockUpdate
 .text          0x0800bfd8       0x44 Src/stm32f3xx_it.o
                0x0800bfd8                NMI_Handler
                0x0800bfda                HardFault_Handler
                0x0800bfdc                MemManage_Handler
                0x0800bfde                BusFault_Handler
                0x0800bfe0                UsageFault_Handler
                0x0800bfe2                DebugMon_Handler
                0x0800bfe4                SysTick_Handler
                0x0800bfec                TIM3_IRQHandler
                0x0800bffc                USB_LP_IRQHandler
                0x0800c00c                CAN_RX1_IRQn_IRQHandler
 .text          0x0800c01c      0x378 Src/usbd_conf.o
                0x0800c01c                HAL_PCD_MspInit
                0x0800c088                HAL_PCD_MspDeInit
                0x0800c0bc                HAL_PCD_SetupStageCallback
                0x0800c0cc                HAL_PCD_DataOutStageCallback
                0x0800c0e4                HAL_PCD_DataInStageCallback
                0x0800c0fa                HAL_PCD_SOFCallback
                0x0800c106                HAL_PCD_ResetCallback
                0x0800c11e                HAL_PCD_SuspendCallback
                0x0800c140                HAL_PCD_ResumeCallback
                0x0800c14c                HAL_PCD_ISOOUTIncompleteCallback
                0x0800c158                HAL_PCD_ISOINIncompleteCallback
                0x0800c164                HAL_PCD_ConnectCallback
                0x0800c170                HAL_PCD_DisconnectCallback
                0x0800c17c                USBD_LL_Init
                0x0800c20c                USBD_LL_DeInit
                0x0800c228                USBD_LL_Start
                0x0800c244                USBD_LL_Stop
                0x0800c260                USBD_LL_OpenEP
                0x0800c282                USBD_LL_CloseEP
                0x0800c29e                USBD_LL_FlushEP
                0x0800c2ba                USBD_LL_StallEP
                0x0800c2d6                USBD_LL_ClearStallEP
                0x0800c2f2                USBD_LL_IsStallEP
                0x0800c320                USBD_LL_SetUSBAddress
                0x0800c33c                USBD_LL_Transmit
                0x0800c358                USBD_LL_PrepareReceive
                0x0800c374                USBD_LL_GetRxDataSize
                0x0800c380                USBD_LL_Delay
                0x0800c388                USBD_static_malloc
                0x0800c390                USBD_static_free
                0x0800c392                HAL_PCDEx_SetConnectionState
 .text          0x0800c394      0x118 Src/usbd_cdc_if.o
                0x0800c480                CDC_Transmit_FS
 .text          0x0800c4ac     0x1734 TracealyzerLib/trcSnapshotRecorder.o
                0x0800c4ca                vTraceSetStopHook
                0x0800c4d4                vTraceClear
                0x0800c51c                vTraceStop
                0x0800c538                xTraceIsRecordingEnabled
                0x0800c54c                xTraceGetLastError
                0x0800c558                vTraceClearError
                0x0800c56c                xTraceGetTraceBuffer
                0x0800c578                uiTraceGetTraceBufferSize
                0x0800c57e                prvTraceSetReadyEventsEnabled
                0x0800c588                vTraceSetFrequency
                0x0800c594                prvTraceError
                0x0800c990                xTraceRegisterString
                0x0800cbc0                uiIndexOfObject
                0x0800cc10                prvMarkObjectAsUsed
                0x0800cc84                prvTraceStoreObjectNameOnCloseEvent
                0x0800cce8                prvTraceStoreObjectPropertiesOnCloseEvent
                0x0800cd8c                prvTraceSetPriorityProperty
                0x0800cde0                prvTraceGetPriorityProperty
                0x0800ce34                prvTraceSetObjectState
                0x0800ce84                prvTraceSetTaskInstanceFinished
                0x0800cebc                prvTraceGetObjectHandle
                0x0800cf54                prvTraceFreeObjectHandle
                0x0800cfbc                prvTraceSetObjectName
                0x0800d034                xTraceSetISRProperties
                0x0800d090                vTraceSetFilterMask
                0x0800d09c                vTraceSetFilterGroup
                0x0800d0a8                prvTraceInitCortexM
                0x0800d264                prvTracePortGetTimeStamp
                0x0800d41c                vTraceInstanceFinishedNext
                0x0800d426                vTraceInstanceFinishedNow
                0x0800d430                vTraceStoreISRBegin
                0x0800d4d4                vTraceStoreISREnd
                0x0800d688                vTracePrintF
                0x0800d6a4                vTracePrint
                0x0800d70c                prvTraceStoreTaskReady
                0x0800d78c                prvTraceStoreLowPower
                0x0800d7fc                vTraceStoreMemMangEvent
                0x0800d8ac                prvTraceStoreKernelCall
                0x0800d950                prvTraceStoreKernelCallWithParam
                0x0800da08                prvTraceStoreKernelCallWithNumericParamOnly
                0x0800da88                prvTraceStoreTaskswitch
                0x0800db1c                uiTraceStart
                0x0800dba4                vTraceStart
                0x0800dbac                vTraceEnable
 .text          0x0800dbe0      0x270 TracealyzerLib/trcKernelPort.o
                0x0800dbe0                prvTraceGetQueueNumber
                0x0800dbe8                prvTraceGetObjectNumber
                0x0800dbf2                prvTraceGetObjectType
                0x0800dbfa                prvTraceGetTaskNumberLow16
                0x0800dc04                prvTraceGetTaskNumberHigh16
                0x0800dc0e                prvTraceSetTaskNumberLow16
                0x0800dc26                prvTraceSetTaskNumberHigh16
                0x0800dc3e                prvTraceGetObjectNumberLow16
                0x0800dc48                prvTraceGetObjectNumberHigh16
                0x0800dc52                prvTraceSetObjectNumberLow16
                0x0800dc6a                prvTraceSetObjectNumberHigh16
                0x0800dc82                vTraceSetQueueName
                0x0800dca8                vTraceSetSemaphoreName
                0x0800dccc                vTraceSetMutexName
                0x0800dcf0                prvTraceGetCurrentTaskHandle
                0x0800dcf8                vTraceInitObjectPropertyTable
                0x0800dda0                vTraceInitObjectHandleStack
                0x0800ddf0                pszTraceGetErrorNotEnoughHandles
                0x0800de40                prvTraceIsSchedulerSuspended
 .text          0x0800de50       0x40 c:/users/ardelean calin/scoop/apps/gcc-arm-none-eabi/current/bin/../lib/gcc/arm-none-eabi/7.3.1/thumb/v7e-m/fpv4-sp/hard\libgcc.a(_arm_fixunsdfsi.o)
                0x0800de50                __aeabi_d2uiz
                0x0800de50                __fixunsdfsi
 *(.text*)
 .text.Reset_Handler
                0x0800de90       0x50 startup/startup_stm32f303xc.o
                0x0800de90                Reset_Handler
 .text.Default_Handler
                0x0800dee0        0x2 startup/startup_stm32f303xc.o
                0x0800dee0                RTC_Alarm_IRQHandler
                0x0800dee0                TIM8_TRG_COM_IRQHandler
                0x0800dee0                TIM8_CC_IRQHandler
                0x0800dee0                TIM1_CC_IRQHandler
                0x0800dee0                USB_HP_IRQHandler
                0x0800dee0                PVD_IRQHandler
                0x0800dee0                TAMP_STAMP_IRQHandler
                0x0800dee0                EXTI3_IRQHandler
                0x0800dee0                USB_HP_CAN_TX_IRQHandler
                0x0800dee0                EXTI0_IRQHandler
                0x0800dee0                I2C2_EV_IRQHandler
                0x0800dee0                FPU_IRQHandler
                0x0800dee0                TIM1_UP_TIM16_IRQHandler
                0x0800dee0                ADC1_2_IRQHandler
                0x0800dee0                SPI1_IRQHandler
                0x0800dee0                CAN_SCE_IRQHandler
                0x0800dee0                TIM6_DAC_IRQHandler
                0x0800dee0                TIM8_UP_IRQHandler
                0x0800dee0                DMA2_Channel2_IRQHandler
                0x0800dee0                DMA1_Channel4_IRQHandler
                0x0800dee0                USART3_IRQHandler
                0x0800dee0                DMA1_Channel7_IRQHandler
                0x0800dee0                UART5_IRQHandler
                0x0800dee0                ADC3_IRQHandler
                0x0800dee0                TIM4_IRQHandler
                0x0800dee0                CAN_RX1_IRQHandler
                0x0800dee0                DMA2_Channel1_IRQHandler
                0x0800dee0                I2C1_EV_IRQHandler
                0x0800dee0                DMA1_Channel6_IRQHandler
                0x0800dee0                UART4_IRQHandler
                0x0800dee0                DMA2_Channel4_IRQHandler
                0x0800dee0                RCC_IRQHandler
                0x0800dee0                DMA1_Channel1_IRQHandler
                0x0800dee0                Default_Handler
                0x0800dee0                USBWakeUp_RMP_IRQHandler
                0x0800dee0                EXTI15_10_IRQHandler
                0x0800dee0                TIM7_IRQHandler
                0x0800dee0                EXTI9_5_IRQHandler
                0x0800dee0                RTC_WKUP_IRQHandler
                0x0800dee0                SPI2_IRQHandler
                0x0800dee0                USB_LP_CAN_RX0_IRQHandler
                0x0800dee0                DMA2_Channel5_IRQHandler
                0x0800dee0                DMA1_Channel5_IRQHandler
                0x0800dee0                EXTI4_IRQHandler
                0x0800dee0                TIM1_TRG_COM_TIM17_IRQHandler
                0x0800dee0                DMA1_Channel3_IRQHandler
                0x0800dee0                ADC4_IRQHandler
                0x0800dee0                WWDG_IRQHandler
                0x0800dee0                TIM2_IRQHandler
                0x0800dee0                COMP7_IRQHandler
                0x0800dee0                COMP1_2_3_IRQHandler
                0x0800dee0                EXTI1_IRQHandler
                0x0800dee0                USART2_IRQHandler
                0x0800dee0                COMP4_5_6_IRQHandler
                0x0800dee0                I2C2_ER_IRQHandler
                0x0800dee0                DMA1_Channel2_IRQHandler
                0x0800dee0                TIM8_BRK_IRQHandler
                0x0800dee0                FLASH_IRQHandler
                0x0800dee0                USART1_IRQHandler
                0x0800dee0                SPI3_IRQHandler
                0x0800dee0                I2C1_ER_IRQHandler
                0x0800dee0                USBWakeUp_IRQHandler
                0x0800dee0                DMA2_Channel3_IRQHandler
                0x0800dee0                EXTI2_TSC_IRQHandler
                0x0800dee0                TIM1_BRK_TIM15_IRQHandler
 *fill*         0x0800dee2        0x2 
 .text.__libc_init_array
                0x0800dee4       0x48 c:/users/ardelean calin/scoop/apps/gcc-arm-none-eabi/current/bin/../lib/gcc/arm-none-eabi/7.3.1/../../../../arm-none-eabi/lib/thumb/v7e-m/fpv4-sp/hard\libc_nano.a(lib_a-init.o)
                0x0800dee4                __libc_init_array
 .text.memcpy   0x0800df2c       0x16 c:/users/ardelean calin/scoop/apps/gcc-arm-none-eabi/current/bin/../lib/gcc/arm-none-eabi/7.3.1/../../../../arm-none-eabi/lib/thumb/v7e-m/fpv4-sp/hard\libc_nano.a(lib_a-memcpy-stub.o)
                0x0800df2c                memcpy
 .text.memset   0x0800df42       0x10 c:/users/ardelean calin/scoop/apps/gcc-arm-none-eabi/current/bin/../lib/gcc/arm-none-eabi/7.3.1/../../../../arm-none-eabi/lib/thumb/v7e-m/fpv4-sp/hard\libc_nano.a(lib_a-memset.o)
                0x0800df42                memset
 .text.strncmp  0x0800df52       0x24 c:/users/ardelean calin/scoop/apps/gcc-arm-none-eabi/current/bin/../lib/gcc/arm-none-eabi/7.3.1/../../../../arm-none-eabi/lib/thumb/v7e-m/fpv4-sp/hard\libc_nano.a(lib_a-strncmp.o)
                0x0800df52                strncmp
 *(.glue_7)
 .glue_7        0x0800df76        0x0 linker stubs
 *(.glue_7t)
 .glue_7t       0x0800df76        0x0 linker stubs
 *(.eh_frame)
 *fill*         0x0800df76        0x2 
 .eh_frame      0x0800df78        0x0 c:/users/ardelean calin/scoop/apps/gcc-arm-none-eabi/current/bin/../lib/gcc/arm-none-eabi/7.3.1/thumb/v7e-m/fpv4-sp/hard/crtbegin.o
 *(.init)
 .init          0x0800df78        0x4 c:/users/ardelean calin/scoop/apps/gcc-arm-none-eabi/current/bin/../lib/gcc/arm-none-eabi/7.3.1/thumb/v7e-m/fpv4-sp/hard/crti.o
                0x0800df78                _init
 .init          0x0800df7c        0x8 c:/users/ardelean calin/scoop/apps/gcc-arm-none-eabi/current/bin/../lib/gcc/arm-none-eabi/7.3.1/thumb/v7e-m/fpv4-sp/hard/crtn.o
 *(.fini)
 .fini          0x0800df84        0x4 c:/users/ardelean calin/scoop/apps/gcc-arm-none-eabi/current/bin/../lib/gcc/arm-none-eabi/7.3.1/thumb/v7e-m/fpv4-sp/hard/crti.o
                0x0800df84                _fini
 .fini          0x0800df88        0x8 c:/users/ardelean calin/scoop/apps/gcc-arm-none-eabi/current/bin/../lib/gcc/arm-none-eabi/7.3.1/thumb/v7e-m/fpv4-sp/hard/crtn.o
                0x0800df90                . = ALIGN (0x4)
                0x0800df90                _etext = .

.vfp11_veneer   0x0800df90        0x0
 .vfp11_veneer  0x0800df90        0x0 linker stubs

.v4_bx          0x0800df90        0x0
 .v4_bx         0x0800df90        0x0 linker stubs

.iplt           0x0800df90        0x0
 .iplt          0x0800df90        0x0 c:/users/ardelean calin/scoop/apps/gcc-arm-none-eabi/current/bin/../lib/gcc/arm-none-eabi/7.3.1/thumb/v7e-m/fpv4-sp/hard/crtbegin.o

.rodata         0x0800df90     0x142c
                0x0800df90                . = ALIGN (0x4)
 *(.rodata)
 .rodata        0x0800df90       0x20 Drivers/STM32F3xx_HAL_Driver/Src/stm32f3xx_hal_rcc_ex.o
 .rodata        0x0800dfb0       0x20 Drivers/STM32F3xx_HAL_Driver/Src/stm32f3xx_hal_rcc.o
                0x0800dfb0                aPLLMULFactorTable
                0x0800dfc0                aPredivFactorTable
 .rodata        0x0800dfd0       0x18 Src/system_stm32f3xx.o
                0x0800dfd0                AHBPrescTable
                0x0800dfe0                APBPrescTable
 *(.rodata*)
 .rodata.str1.4
                0x0800dfe8        0x5 Middlewares/Third_Party/FreeRTOS/Source/tasks.o
 *fill*         0x0800dfed        0x3 
 .rodata.str1.4
                0x0800dff0       0x46 Src/usbd_desc.o
 *fill*         0x0800e036        0x2 
 .rodata.str1.4
                0x0800e038       0x97 Src/main.o
 *fill*         0x0800e0cf        0x1 
 .rodata.str1.4
                0x0800e0d0       0x10 Src/usbd_conf.o
 .rodata.str1.4
                0x0800e0e0     0x1090 TracealyzerLib/trcSnapshotRecorder.o
 .rodata.str1.4
                0x0800f170      0x24c TracealyzerLib/trcKernelPort.o
                                0x24a (size before relaxing)
                0x0800f3bc                . = ALIGN (0x4)

.rel.dyn        0x0800f3bc        0x0
 .rel.iplt      0x0800f3bc        0x0 c:/users/ardelean calin/scoop/apps/gcc-arm-none-eabi/current/bin/../lib/gcc/arm-none-eabi/7.3.1/thumb/v7e-m/fpv4-sp/hard/crtbegin.o

.ARM.extab
 *(.ARM.extab* .gnu.linkonce.armextab.*)

.ARM            0x0800f3bc        0x0
                0x0800f3bc                __exidx_start = .
 *(.ARM.exidx*)
                0x0800f3bc                __exidx_end = .

.preinit_array  0x0800f3bc        0x0
                0x0800f3bc                PROVIDE (__preinit_array_start = .)
 *(.preinit_array*)
                0x0800f3bc                PROVIDE (__preinit_array_end = .)

.init_array     0x0800f3bc        0x4
                0x0800f3bc                PROVIDE (__init_array_start = .)
 *(SORT_BY_NAME(.init_array.*))
 *(.init_array*)
 .init_array    0x0800f3bc        0x4 c:/users/ardelean calin/scoop/apps/gcc-arm-none-eabi/current/bin/../lib/gcc/arm-none-eabi/7.3.1/thumb/v7e-m/fpv4-sp/hard/crtbegin.o
                0x0800f3c0                PROVIDE (__init_array_end = .)

.fini_array     0x0800f3c0        0x4
                [!provide]                PROVIDE (__fini_array_start = .)
 *(SORT_BY_NAME(.fini_array.*))
 *(.fini_array*)
 .fini_array    0x0800f3c0        0x4 c:/users/ardelean calin/scoop/apps/gcc-arm-none-eabi/current/bin/../lib/gcc/arm-none-eabi/7.3.1/thumb/v7e-m/fpv4-sp/hard/crtbegin.o
                [!provide]                PROVIDE (__fini_array_end = .)
                0x0800f3c4                _sidata = LOADADDR (.data)

.data           0x20000000      0x174 load address 0x0800f3c4
                0x20000000                . = ALIGN (0x4)
                0x20000000                _sdata = .
 *(.data)
 .data          0x20000000        0x8 Drivers/STM32F3xx_HAL_Driver/Src/stm32f3xx_hal.o
                0x20000000                uwTickFreq
                0x20000004                uwTickPrio
 .data          0x20000008      0x110 Middlewares/ST/STM32_USB_Device_Library/Class/CDC/Src/usbd_cdc.o
                0x20000008                USBD_CDC_CfgFSDesc
                0x2000004c                USBD_CDC_CfgHSDesc
                0x20000090                USBD_CDC_OtherSpeedCfgDesc
                0x200000e0                USBD_CDC
 .data          0x20000118        0x4 Middlewares/Third_Party/FreeRTOS/Source/portable/GCC/ARM_CM4F/port.o
 .data          0x2000011c       0x34 Src/usbd_desc.o
                0x2000011c                USBD_FS_DeviceDesc
                0x20000130                USBD_LangIDDesc
                0x20000134                FS_Desc
 .data          0x20000150        0x4 Src/system_stm32f3xx.o
                0x20000150                SystemCoreClock
 .data          0x20000154       0x10 Src/usbd_cdc_if.o
                0x20000154                USBD_Interface_fops_FS
 .data          0x20000164        0x8 TracealyzerLib/trcSnapshotRecorder.o
                0x20000168                CurrentFilterMask
                0x2000016a                CurrentFilterGroup
 .data          0x2000016c        0x5 TracealyzerLib/trcKernelPort.o
                0x2000016c                TraceObjectClassTable
 *(.data*)
                0x20000174                . = ALIGN (0x4)
 *fill*         0x20000171        0x3 
                0x20000174                _edata = .
                0x0800f538                _siccmram = LOADADDR (.ccmram)

.igot.plt       0x20000174        0x0 load address 0x0800f538
 .igot.plt      0x20000174        0x0 c:/users/ardelean calin/scoop/apps/gcc-arm-none-eabi/current/bin/../lib/gcc/arm-none-eabi/7.3.1/thumb/v7e-m/fpv4-sp/hard/crtbegin.o

.ccmram         0x10000000        0x0 load address 0x0800f538
                0x10000000                . = ALIGN (0x4)
                0x10000000                _sccmram = .
 *(.ccmram)
 *(.ccmram*)
                0x10000000                . = ALIGN (0x4)
                0x10000000                _eccmram = .
                0x10000000                . = ALIGN (0x4)

.bss            0x20000174     0x3b88
                0x20000174                _sbss = .
                0x20000174                __bss_start__ = _sbss
 *(.bss)
 .bss           0x20000174       0x1c c:/users/ardelean calin/scoop/apps/gcc-arm-none-eabi/current/bin/../lib/gcc/arm-none-eabi/7.3.1/thumb/v7e-m/fpv4-sp/hard/crtbegin.o
 .bss           0x20000190        0x1 Middlewares/ST/STM32_USB_Device_Library/Core/Src/usbd_ctlreq.o
 .bss           0x20000191        0x1 Middlewares/ST/STM32_USB_Device_Library/Class/CDC/Src/usbd_cdc.o
 *fill*         0x20000192        0x2 
 .bss           0x20000194      0x114 Middlewares/Third_Party/FreeRTOS/Source/tasks.o
                0x20000280                pxCurrentTCB
 .bss           0x200002a8        0x8 Middlewares/Third_Party/FreeRTOS/Source/portable/GCC/ARM_CM4F/port.o
 .bss           0x200002b0      0xc18 Middlewares/Third_Party/FreeRTOS/Source/portable/MemMang/heap_4.o
 .bss           0x20000ec8      0x220 Src/usbd_conf.o
 .bss           0x200010e8       0xb8 TracealyzerLib/trcSnapshotRecorder.o
                0x200010e8                vTraceStopHookPtr
                0x200010ec                recorder_busy
                0x200010f0                RecorderDataPtr
                0x200010f4                traceErrorMessage
                0x200010f8                handle_of_last_logged_task
                0x200010fc                timestampFrequency
                0x20001100                objectHandleStacks
                0x20001174                trace_disable_timestamp
                0x20001188                nISRactive
                0x20001194                isPendingContextSwitch
                0x2000119c                uiTraceTickCount
 *(.bss*)
 *(COMMON)
 COMMON         0x200011a0        0x4 Drivers/STM32F3xx_HAL_Driver/Src/stm32f3xx_hal.o
                0x200011a0                uwTick
 COMMON         0x200011a4       0x40 Middlewares/Third_Party/FreeRTOS/Source/queue.o
                0x200011a4                xQueueRegistry
 COMMON         0x200011e4      0x200 Src/usbd_desc.o
                0x200011e4                USBD_StrDesc
 COMMON         0x200013e4       0x40 Src/stm32f3xx_hal_timebase_TIM.o
                0x200013e4                htim3
 COMMON         0x20001424      0x224 Src/usb_device.o
                0x20001424                hUsbDeviceFS
 COMMON         0x20001648      0x34c Src/main.o
                0x20001648                defaultTaskHandle
                0x2000164c                cRingBufferIndex
                0x20001650                xCANReceiveBuffer
                0x200017b8                hcan
                0x200017fc                xUSBTransmitQueue
                0x20001800                xUSBReceiveQueue
                0x20001804                xRxRingBuffer
                0x20001874                xCANReceiveQueue
                0x20001878                xCANTransmitBuffer
                0x20001990                xCANTransmitQueue
 COMMON         0x20001994      0x3a8 Src/usbd_conf.o
                0x20001994                hpcd_USB_FS
 COMMON         0x20001d3c      0x7d0 Src/usbd_cdc_if.o
                0x20001d3c                UserRxBufferFS
                0x20002124                UserTxBufferFS
 COMMON         0x2000250c     0x17f0 TracealyzerLib/trcSnapshotRecorder.o
                0x2000250c                RecorderData
                0x20003cf8                init_hwtc_count
                0x20003cfc                . = ALIGN (0x4)
                0x20003cfc                _ebss = .
                0x20003cfc                __bss_end__ = _ebss

._user_heap_stack
                0x20003cfc      0x604
                0x20003d00                . = ALIGN (0x8)
 *fill*         0x20003cfc        0x4 
                [!provide]                PROVIDE (end = .)
                [!provide]                PROVIDE (_end = .)
                0x20003f00                . = (. + _Min_Heap_Size)
 *fill*         0x20003d00      0x200 
                0x20004300                . = (. + _Min_Stack_Size)
 *fill*         0x20003f00      0x400 
                0x20004300                . = ALIGN (0x8)

/DISCARD/
 libc.a(*)
 libm.a(*)
 libgcc.a(*)

.ARM.attributes
                0x00000000       0x30
 *(.ARM.attributes)
 .ARM.attributes
                0x00000000       0x22 c:/users/ardelean calin/scoop/apps/gcc-arm-none-eabi/current/bin/../lib/gcc/arm-none-eabi/7.3.1/thumb/v7e-m/fpv4-sp/hard/crti.o
 .ARM.attributes
                0x00000022       0x34 c:/users/ardelean calin/scoop/apps/gcc-arm-none-eabi/current/bin/../lib/gcc/arm-none-eabi/7.3.1/thumb/v7e-m/fpv4-sp/hard/crtbegin.o
 .ARM.attributes
                0x00000056       0x39 Drivers/STM32F3xx_HAL_Driver/Src/stm32f3xx_hal_dma.o
 .ARM.attributes
                0x0000008f       0x39 Drivers/STM32F3xx_HAL_Driver/Src/stm32f3xx_hal_tim_ex.o
 .ARM.attributes
                0x000000c8       0x39 Drivers/STM32F3xx_HAL_Driver/Src/stm32f3xx_hal_cortex.o
 .ARM.attributes
                0x00000101       0x39 Drivers/STM32F3xx_HAL_Driver/Src/stm32f3xx_hal_gpio.o
 .ARM.attributes
                0x0000013a       0x39 Drivers/STM32F3xx_HAL_Driver/Src/stm32f3xx_hal_pcd_ex.o
 .ARM.attributes
                0x00000173       0x39 Drivers/STM32F3xx_HAL_Driver/Src/stm32f3xx_hal_tim.o
 .ARM.attributes
                0x000001ac       0x39 Drivers/STM32F3xx_HAL_Driver/Src/stm32f3xx_hal.o
 .ARM.attributes
                0x000001e5       0x39 Drivers/STM32F3xx_HAL_Driver/Src/stm32f3xx_hal_rcc_ex.o
 .ARM.attributes
                0x0000021e       0x39 Drivers/STM32F3xx_HAL_Driver/Src/stm32f3xx_hal_pcd.o
 .ARM.attributes
                0x00000257       0x39 Drivers/STM32F3xx_HAL_Driver/Src/stm32f3xx_hal_rcc.o
 .ARM.attributes
                0x00000290       0x39 Drivers/STM32F3xx_HAL_Driver/Src/stm32f3xx_hal_can.o
 .ARM.attributes
                0x000002c9       0x39 Middlewares/ST/STM32_USB_Device_Library/Core/Src/usbd_ioreq.o
 .ARM.attributes
                0x00000302       0x39 Middlewares/ST/STM32_USB_Device_Library/Core/Src/usbd_ctlreq.o
 .ARM.attributes
                0x0000033b       0x39 Middlewares/ST/STM32_USB_Device_Library/Core/Src/usbd_core.o
 .ARM.attributes
                0x00000374       0x39 Middlewares/ST/STM32_USB_Device_Library/Class/CDC/Src/usbd_cdc.o
 .ARM.attributes
                0x000003ad       0x39 Middlewares/Third_Party/FreeRTOS/Source/tasks.o
 .ARM.attributes
                0x000003e6       0x39 Middlewares/Third_Party/FreeRTOS/Source/list.o
 .ARM.attributes
                0x0000041f       0x39 Middlewares/Third_Party/FreeRTOS/Source/queue.o
 .ARM.attributes
                0x00000458       0x39 Middlewares/Third_Party/FreeRTOS/Source/CMSIS_RTOS/cmsis_os.o
 .ARM.attributes
                0x00000491       0x39 Middlewares/Third_Party/FreeRTOS/Source/portable/GCC/ARM_CM4F/port.o
 .ARM.attributes
                0x000004ca       0x39 Middlewares/Third_Party/FreeRTOS/Source/portable/MemMang/heap_4.o
 .ARM.attributes
                0x00000503       0x39 Src/stm32f3xx_hal_msp.o
 .ARM.attributes
                0x0000053c       0x39 Src/usbd_desc.o
 .ARM.attributes
                0x00000575       0x39 Src/stm32f3xx_hal_timebase_TIM.o
 .ARM.attributes
                0x000005ae       0x39 Src/usb_device.o
 .ARM.attributes
                0x000005e7       0x39 Src/main.o
 .ARM.attributes
                0x00000620       0x39 Src/system_stm32f3xx.o
 .ARM.attributes
                0x00000659       0x39 Src/stm32f3xx_it.o
 .ARM.attributes
                0x00000692       0x39 Src/usbd_conf.o
 .ARM.attributes
                0x000006cb       0x39 Src/usbd_cdc_if.o
 .ARM.attributes
                0x00000704       0x39 TracealyzerLib/trcSnapshotRecorder.o
 .ARM.attributes
                0x0000073d       0x39 TracealyzerLib/trcKernelPort.o
 .ARM.attributes
                0x00000776       0x21 startup/startup_stm32f303xc.o
 .ARM.attributes
                0x00000797       0x22 c:/users/ardelean calin/scoop/apps/gcc-arm-none-eabi/current/bin/../lib/gcc/arm-none-eabi/7.3.1/thumb/v7e-m/fpv4-sp/hard\libgcc.a(_arm_fixunsdfsi.o)
 .ARM.attributes
                0x000007b9       0x34 c:/users/ardelean calin/scoop/apps/gcc-arm-none-eabi/current/bin/../lib/gcc/arm-none-eabi/7.3.1/../../../../arm-none-eabi/lib/thumb/v7e-m/fpv4-sp/hard\libc_nano.a(lib_a-init.o)
 .ARM.attributes
                0x000007ed       0x34 c:/users/ardelean calin/scoop/apps/gcc-arm-none-eabi/current/bin/../lib/gcc/arm-none-eabi/7.3.1/../../../../arm-none-eabi/lib/thumb/v7e-m/fpv4-sp/hard\libc_nano.a(lib_a-memcpy-stub.o)
 .ARM.attributes
                0x00000821       0x34 c:/users/ardelean calin/scoop/apps/gcc-arm-none-eabi/current/bin/../lib/gcc/arm-none-eabi/7.3.1/../../../../arm-none-eabi/lib/thumb/v7e-m/fpv4-sp/hard\libc_nano.a(lib_a-memset.o)
 .ARM.attributes
                0x00000855       0x34 c:/users/ardelean calin/scoop/apps/gcc-arm-none-eabi/current/bin/../lib/gcc/arm-none-eabi/7.3.1/../../../../arm-none-eabi/lib/thumb/v7e-m/fpv4-sp/hard\libc_nano.a(lib_a-strncmp.o)
 .ARM.attributes
                0x00000889       0x22 c:/users/ardelean calin/scoop/apps/gcc-arm-none-eabi/current/bin/../lib/gcc/arm-none-eabi/7.3.1/thumb/v7e-m/fpv4-sp/hard/crtn.o
OUTPUT(build/OpenCAN.elf elf32-littlearm)

.debug_info     0x00000000    0x334ee
 .debug_info    0x00000000     0x104c Drivers/STM32F3xx_HAL_Driver/Src/stm32f3xx_hal_dma.o
 .debug_info    0x0000104c     0x1eb8 Drivers/STM32F3xx_HAL_Driver/Src/stm32f3xx_hal_tim_ex.o
 .debug_info    0x00002f04     0x16bf Drivers/STM32F3xx_HAL_Driver/Src/stm32f3xx_hal_cortex.o
 .debug_info    0x000045c3      0xeed Drivers/STM32F3xx_HAL_Driver/Src/stm32f3xx_hal_gpio.o
 .debug_info    0x000054b0      0xf0e Drivers/STM32F3xx_HAL_Driver/Src/stm32f3xx_hal_pcd_ex.o
 .debug_info    0x000063be     0x37cc Drivers/STM32F3xx_HAL_Driver/Src/stm32f3xx_hal_tim.o
 .debug_info    0x00009b8a     0x1088 Drivers/STM32F3xx_HAL_Driver/Src/stm32f3xx_hal.o
 .debug_info    0x0000ac12      0xf80 Drivers/STM32F3xx_HAL_Driver/Src/stm32f3xx_hal_rcc_ex.o
 .debug_info    0x0000bb92     0x19e5 Drivers/STM32F3xx_HAL_Driver/Src/stm32f3xx_hal_pcd.o
 .debug_info    0x0000d577     0x1baf Drivers/STM32F3xx_HAL_Driver/Src/stm32f3xx_hal_rcc.o
 .debug_info    0x0000f126     0x144d Drivers/STM32F3xx_HAL_Driver/Src/stm32f3xx_hal_can.o
 .debug_info    0x00010573      0xfd4 Middlewares/ST/STM32_USB_Device_Library/Core/Src/usbd_ioreq.o
 .debug_info    0x00011547     0x166a Middlewares/ST/STM32_USB_Device_Library/Core/Src/usbd_ctlreq.o
 .debug_info    0x00012bb1     0x14ab Middlewares/ST/STM32_USB_Device_Library/Core/Src/usbd_core.o
 .debug_info    0x0001405c     0x1583 Middlewares/ST/STM32_USB_Device_Library/Class/CDC/Src/usbd_cdc.o
 .debug_info    0x000155df     0x39d7 Middlewares/Third_Party/FreeRTOS/Source/tasks.o
 .debug_info    0x00018fb6     0x107f Middlewares/Third_Party/FreeRTOS/Source/list.o
 .debug_info    0x0001a035     0x32bc Middlewares/Third_Party/FreeRTOS/Source/queue.o
 .debug_info    0x0001d2f1     0x2893 Middlewares/Third_Party/FreeRTOS/Source/CMSIS_RTOS/cmsis_os.o
 .debug_info    0x0001fb84      0xacb Middlewares/Third_Party/FreeRTOS/Source/portable/GCC/ARM_CM4F/port.o
 .debug_info    0x0002064f     0x1253 Middlewares/Third_Party/FreeRTOS/Source/portable/MemMang/heap_4.o
 .debug_info    0x000218a2     0x13d0 Src/stm32f3xx_hal_msp.o
 .debug_info    0x00022c72      0xd5f Src/usbd_desc.o
 .debug_info    0x000239d1     0x1283 Src/stm32f3xx_hal_timebase_TIM.o
 .debug_info    0x00024c54      0xe8b Src/usb_device.o
 .debug_info    0x00025adf     0x2ca3 Src/main.o
 .debug_info    0x00028782      0xc2d Src/system_stm32f3xx.o
 .debug_info    0x000293af     0x1d85 Src/stm32f3xx_it.o
 .debug_info    0x0002b134     0x22bf Src/usbd_conf.o
 .debug_info    0x0002d3f3     0x1bfe Src/usbd_cdc_if.o
 .debug_info    0x0002eff1     0x3903 TracealyzerLib/trcSnapshotRecorder.o
 .debug_info    0x000328f4      0xbd8 TracealyzerLib/trcKernelPort.o
 .debug_info    0x000334cc       0x22 startup/startup_stm32f303xc.o

.debug_abbrev   0x00000000     0x5d97
 .debug_abbrev  0x00000000      0x2d6 Drivers/STM32F3xx_HAL_Driver/Src/stm32f3xx_hal_dma.o
 .debug_abbrev  0x000002d6      0x2e0 Drivers/STM32F3xx_HAL_Driver/Src/stm32f3xx_hal_tim_ex.o
 .debug_abbrev  0x000005b6      0x3ba Drivers/STM32F3xx_HAL_Driver/Src/stm32f3xx_hal_cortex.o
 .debug_abbrev  0x00000970      0x2a7 Drivers/STM32F3xx_HAL_Driver/Src/stm32f3xx_hal_gpio.o
 .debug_abbrev  0x00000c17      0x279 Drivers/STM32F3xx_HAL_Driver/Src/stm32f3xx_hal_pcd_ex.o
 .debug_abbrev  0x00000e90      0x2e0 Drivers/STM32F3xx_HAL_Driver/Src/stm32f3xx_hal_tim.o
 .debug_abbrev  0x00001170      0x2e5 Drivers/STM32F3xx_HAL_Driver/Src/stm32f3xx_hal.o
 .debug_abbrev  0x00001455      0x336 Drivers/STM32F3xx_HAL_Driver/Src/stm32f3xx_hal_rcc_ex.o
 .debug_abbrev  0x0000178b      0x36f Drivers/STM32F3xx_HAL_Driver/Src/stm32f3xx_hal_pcd.o
 .debug_abbrev  0x00001afa      0x345 Drivers/STM32F3xx_HAL_Driver/Src/stm32f3xx_hal_rcc.o
 .debug_abbrev  0x00001e3f      0x2de Drivers/STM32F3xx_HAL_Driver/Src/stm32f3xx_hal_can.o
 .debug_abbrev  0x0000211d      0x215 Middlewares/ST/STM32_USB_Device_Library/Core/Src/usbd_ioreq.o
 .debug_abbrev  0x00002332      0x329 Middlewares/ST/STM32_USB_Device_Library/Core/Src/usbd_ctlreq.o
 .debug_abbrev  0x0000265b      0x2ac Middlewares/ST/STM32_USB_Device_Library/Core/Src/usbd_core.o
 .debug_abbrev  0x00002907      0x31d Middlewares/ST/STM32_USB_Device_Library/Class/CDC/Src/usbd_cdc.o
 .debug_abbrev  0x00002c24      0x3eb Middlewares/Third_Party/FreeRTOS/Source/tasks.o
 .debug_abbrev  0x0000300f      0x239 Middlewares/Third_Party/FreeRTOS/Source/list.o
 .debug_abbrev  0x00003248      0x3a8 Middlewares/Third_Party/FreeRTOS/Source/queue.o
 .debug_abbrev  0x000035f0      0x3f1 Middlewares/Third_Party/FreeRTOS/Source/CMSIS_RTOS/cmsis_os.o
 .debug_abbrev  0x000039e1      0x28e Middlewares/Third_Party/FreeRTOS/Source/portable/GCC/ARM_CM4F/port.o
 .debug_abbrev  0x00003c6f      0x32c Middlewares/Third_Party/FreeRTOS/Source/portable/MemMang/heap_4.o
 .debug_abbrev  0x00003f9b      0x25f Src/stm32f3xx_hal_msp.o
 .debug_abbrev  0x000041fa      0x277 Src/usbd_desc.o
 .debug_abbrev  0x00004471      0x299 Src/stm32f3xx_hal_timebase_TIM.o
 .debug_abbrev  0x0000470a      0x218 Src/usb_device.o
 .debug_abbrev  0x00004922      0x351 Src/main.o
 .debug_abbrev  0x00004c73      0x205 Src/system_stm32f3xx.o
 .debug_abbrev  0x00004e78      0x27b Src/stm32f3xx_it.o
 .debug_abbrev  0x000050f3      0x30d Src/usbd_conf.o
 .debug_abbrev  0x00005400      0x314 Src/usbd_cdc_if.o
 .debug_abbrev  0x00005714      0x4a1 TracealyzerLib/trcSnapshotRecorder.o
 .debug_abbrev  0x00005bb5      0x1d0 TracealyzerLib/trcKernelPort.o
 .debug_abbrev  0x00005d85       0x12 startup/startup_stm32f303xc.o

.debug_loc      0x00000000    0x11836
 .debug_loc     0x00000000      0x7aa Drivers/STM32F3xx_HAL_Driver/Src/stm32f3xx_hal_dma.o
 .debug_loc     0x000007aa     0x1961 Drivers/STM32F3xx_HAL_Driver/Src/stm32f3xx_hal_tim_ex.o
 .debug_loc     0x0000210b      0x5ce Drivers/STM32F3xx_HAL_Driver/Src/stm32f3xx_hal_cortex.o
 .debug_loc     0x000026d9      0x361 Drivers/STM32F3xx_HAL_Driver/Src/stm32f3xx_hal_gpio.o
 .debug_loc     0x00002a3a      0x327 Drivers/STM32F3xx_HAL_Driver/Src/stm32f3xx_hal_pcd_ex.o
 .debug_loc     0x00002d61     0x36ec Drivers/STM32F3xx_HAL_Driver/Src/stm32f3xx_hal_tim.o
 .debug_loc     0x0000644d       0xfd Drivers/STM32F3xx_HAL_Driver/Src/stm32f3xx_hal.o
 .debug_loc     0x0000654a      0x82d Drivers/STM32F3xx_HAL_Driver/Src/stm32f3xx_hal_rcc_ex.o
 .debug_loc     0x00006d77      0xd39 Drivers/STM32F3xx_HAL_Driver/Src/stm32f3xx_hal_pcd.o
 .debug_loc     0x00007ab0      0x8c9 Drivers/STM32F3xx_HAL_Driver/Src/stm32f3xx_hal_rcc.o
 .debug_loc     0x00008379      0x89b Drivers/STM32F3xx_HAL_Driver/Src/stm32f3xx_hal_can.o
 .debug_loc     0x00008c14      0x23c Middlewares/ST/STM32_USB_Device_Library/Core/Src/usbd_ioreq.o
 .debug_loc     0x00008e50      0xb38 Middlewares/ST/STM32_USB_Device_Library/Core/Src/usbd_ctlreq.o
 .debug_loc     0x00009988      0x6f8 Middlewares/ST/STM32_USB_Device_Library/Core/Src/usbd_core.o
 .debug_loc     0x0000a080      0x4a4 Middlewares/ST/STM32_USB_Device_Library/Class/CDC/Src/usbd_cdc.o
 .debug_loc     0x0000a524     0x1588 Middlewares/Third_Party/FreeRTOS/Source/tasks.o
 .debug_loc     0x0000baac       0x70 Middlewares/Third_Party/FreeRTOS/Source/list.o
 .debug_loc     0x0000bb1c      0xfda Middlewares/Third_Party/FreeRTOS/Source/queue.o
 .debug_loc     0x0000caf6      0xf23 Middlewares/Third_Party/FreeRTOS/Source/CMSIS_RTOS/cmsis_os.o
 .debug_loc     0x0000da19       0xdc Middlewares/Third_Party/FreeRTOS/Source/portable/GCC/ARM_CM4F/port.o
 .debug_loc     0x0000daf5      0x27b Middlewares/Third_Party/FreeRTOS/Source/portable/MemMang/heap_4.o
 .debug_loc     0x0000dd70       0x5b Src/stm32f3xx_hal_msp.o
 .debug_loc     0x0000ddcb      0x2b7 Src/usbd_desc.o
 .debug_loc     0x0000e082       0x79 Src/stm32f3xx_hal_timebase_TIM.o
 .debug_loc     0x0000e0fb      0x102 Src/main.o
 .debug_loc     0x0000e1fd       0xff Src/system_stm32f3xx.o
 .debug_loc     0x0000e2fc      0xbab Src/usbd_conf.o
 .debug_loc     0x0000eea7      0x167 Src/usbd_cdc_if.o
 .debug_loc     0x0000f00e     0x246d TracealyzerLib/trcSnapshotRecorder.o
 .debug_loc     0x0001147b      0x3bb TracealyzerLib/trcKernelPort.o

.debug_aranges  0x00000000      0x428
 .debug_aranges
                0x00000000       0x20 Drivers/STM32F3xx_HAL_Driver/Src/stm32f3xx_hal_dma.o
 .debug_aranges
                0x00000020       0x20 Drivers/STM32F3xx_HAL_Driver/Src/stm32f3xx_hal_tim_ex.o
 .debug_aranges
                0x00000040       0x20 Drivers/STM32F3xx_HAL_Driver/Src/stm32f3xx_hal_cortex.o
 .debug_aranges
                0x00000060       0x20 Drivers/STM32F3xx_HAL_Driver/Src/stm32f3xx_hal_gpio.o
 .debug_aranges
                0x00000080       0x20 Drivers/STM32F3xx_HAL_Driver/Src/stm32f3xx_hal_pcd_ex.o
 .debug_aranges
                0x000000a0       0x20 Drivers/STM32F3xx_HAL_Driver/Src/stm32f3xx_hal_tim.o
 .debug_aranges
                0x000000c0       0x20 Drivers/STM32F3xx_HAL_Driver/Src/stm32f3xx_hal.o
 .debug_aranges
                0x000000e0       0x20 Drivers/STM32F3xx_HAL_Driver/Src/stm32f3xx_hal_rcc_ex.o
 .debug_aranges
                0x00000100       0x20 Drivers/STM32F3xx_HAL_Driver/Src/stm32f3xx_hal_pcd.o
 .debug_aranges
                0x00000120       0x20 Drivers/STM32F3xx_HAL_Driver/Src/stm32f3xx_hal_rcc.o
 .debug_aranges
                0x00000140       0x20 Drivers/STM32F3xx_HAL_Driver/Src/stm32f3xx_hal_can.o
 .debug_aranges
                0x00000160       0x20 Middlewares/ST/STM32_USB_Device_Library/Core/Src/usbd_ioreq.o
 .debug_aranges
                0x00000180       0x20 Middlewares/ST/STM32_USB_Device_Library/Core/Src/usbd_ctlreq.o
 .debug_aranges
                0x000001a0       0x20 Middlewares/ST/STM32_USB_Device_Library/Core/Src/usbd_core.o
 .debug_aranges
                0x000001c0       0x20 Middlewares/ST/STM32_USB_Device_Library/Class/CDC/Src/usbd_cdc.o
 .debug_aranges
                0x000001e0       0x20 Middlewares/Third_Party/FreeRTOS/Source/tasks.o
 .debug_aranges
                0x00000200       0x20 Middlewares/Third_Party/FreeRTOS/Source/list.o
 .debug_aranges
                0x00000220       0x20 Middlewares/Third_Party/FreeRTOS/Source/queue.o
 .debug_aranges
                0x00000240       0x20 Middlewares/Third_Party/FreeRTOS/Source/CMSIS_RTOS/cmsis_os.o
 .debug_aranges
                0x00000260       0x20 Middlewares/Third_Party/FreeRTOS/Source/portable/GCC/ARM_CM4F/port.o
 .debug_aranges
                0x00000280       0x20 Middlewares/Third_Party/FreeRTOS/Source/portable/MemMang/heap_4.o
 .debug_aranges
                0x000002a0       0x20 Src/stm32f3xx_hal_msp.o
 .debug_aranges
                0x000002c0       0x20 Src/usbd_desc.o
 .debug_aranges
                0x000002e0       0x20 Src/stm32f3xx_hal_timebase_TIM.o
 .debug_aranges
                0x00000300       0x20 Src/usb_device.o
 .debug_aranges
                0x00000320       0x20 Src/main.o
 .debug_aranges
                0x00000340       0x20 Src/system_stm32f3xx.o
 .debug_aranges
                0x00000360       0x20 Src/stm32f3xx_it.o
 .debug_aranges
                0x00000380       0x20 Src/usbd_conf.o
 .debug_aranges
                0x000003a0       0x20 Src/usbd_cdc_if.o
 .debug_aranges
                0x000003c0       0x20 TracealyzerLib/trcSnapshotRecorder.o
 .debug_aranges
                0x000003e0       0x20 TracealyzerLib/trcKernelPort.o
 .debug_aranges
                0x00000400       0x28 startup/startup_stm32f303xc.o

.debug_macro    0x00000000    0x21279
 .debug_macro   0x00000000      0x331 Drivers/STM32F3xx_HAL_Driver/Src/stm32f3xx_hal_dma.o
 .debug_macro   0x00000331      0xa60 Drivers/STM32F3xx_HAL_Driver/Src/stm32f3xx_hal_dma.o
 .debug_macro   0x00000d91       0x1c Drivers/STM32F3xx_HAL_Driver/Src/stm32f3xx_hal_dma.o
 .debug_macro   0x00000dad       0xab Drivers/STM32F3xx_HAL_Driver/Src/stm32f3xx_hal_dma.o
 .debug_macro   0x00000e58       0x2f Drivers/STM32F3xx_HAL_Driver/Src/stm32f3xx_hal_dma.o
 .debug_macro   0x00000e87       0x28 Drivers/STM32F3xx_HAL_Driver/Src/stm32f3xx_hal_dma.o
 .debug_macro   0x00000eaf       0x22 Drivers/STM32F3xx_HAL_Driver/Src/stm32f3xx_hal_dma.o
 .debug_macro   0x00000ed1       0x8e Drivers/STM32F3xx_HAL_Driver/Src/stm32f3xx_hal_dma.o
 .debug_macro   0x00000f5f       0x51 Drivers/STM32F3xx_HAL_Driver/Src/stm32f3xx_hal_dma.o
 .debug_macro   0x00000fb0       0xef Drivers/STM32F3xx_HAL_Driver/Src/stm32f3xx_hal_dma.o
 .debug_macro   0x0000109f       0x6a Drivers/STM32F3xx_HAL_Driver/Src/stm32f3xx_hal_dma.o
 .debug_macro   0x00001109      0x1df Drivers/STM32F3xx_HAL_Driver/Src/stm32f3xx_hal_dma.o
 .debug_macro   0x000012e8       0x35 Drivers/STM32F3xx_HAL_Driver/Src/stm32f3xx_hal_dma.o
 .debug_macro   0x0000131d       0x50 Drivers/STM32F3xx_HAL_Driver/Src/stm32f3xx_hal_dma.o
 .debug_macro   0x0000136d      0xe66 Drivers/STM32F3xx_HAL_Driver/Src/stm32f3xx_hal_dma.o
 .debug_macro   0x000021d3    0x12a56 Drivers/STM32F3xx_HAL_Driver/Src/stm32f3xx_hal_dma.o
 .debug_macro   0x00014c29       0x43 Drivers/STM32F3xx_HAL_Driver/Src/stm32f3xx_hal_dma.o
 .debug_macro   0x00014c6c       0x5e Drivers/STM32F3xx_HAL_Driver/Src/stm32f3xx_hal_dma.o
 .debug_macro   0x00014cca       0x18 Drivers/STM32F3xx_HAL_Driver/Src/stm32f3xx_hal_dma.o
 .debug_macro   0x00014ce2       0x35 Drivers/STM32F3xx_HAL_Driver/Src/stm32f3xx_hal_dma.o
 .debug_macro   0x00014d17       0x34 Drivers/STM32F3xx_HAL_Driver/Src/stm32f3xx_hal_dma.o
 .debug_macro   0x00014d4b       0x16 Drivers/STM32F3xx_HAL_Driver/Src/stm32f3xx_hal_dma.o
 .debug_macro   0x00014d61       0x97 Drivers/STM32F3xx_HAL_Driver/Src/stm32f3xx_hal_dma.o
 .debug_macro   0x00014df8      0x330 Drivers/STM32F3xx_HAL_Driver/Src/stm32f3xx_hal_dma.o
 .debug_macro   0x00015128       0xfd Drivers/STM32F3xx_HAL_Driver/Src/stm32f3xx_hal_dma.o
 .debug_macro   0x00015225       0x10 Drivers/STM32F3xx_HAL_Driver/Src/stm32f3xx_hal_dma.o
 .debug_macro   0x00015235       0x58 Drivers/STM32F3xx_HAL_Driver/Src/stm32f3xx_hal_dma.o
 .debug_macro   0x0001528d       0x1f Drivers/STM32F3xx_HAL_Driver/Src/stm32f3xx_hal_dma.o
 .debug_macro   0x000152ac       0x43 Drivers/STM32F3xx_HAL_Driver/Src/stm32f3xx_hal_dma.o
 .debug_macro   0x000152ef       0x20 Drivers/STM32F3xx_HAL_Driver/Src/stm32f3xx_hal_dma.o
 .debug_macro   0x0001530f      0x18e Drivers/STM32F3xx_HAL_Driver/Src/stm32f3xx_hal_dma.o
 .debug_macro   0x0001549d       0x10 Drivers/STM32F3xx_HAL_Driver/Src/stm32f3xx_hal_dma.o
 .debug_macro   0x000154ad       0x1c Drivers/STM32F3xx_HAL_Driver/Src/stm32f3xx_hal_dma.o
 .debug_macro   0x000154c9       0x52 Drivers/STM32F3xx_HAL_Driver/Src/stm32f3xx_hal_dma.o
 .debug_macro   0x0001551b       0x40 Drivers/STM32F3xx_HAL_Driver/Src/stm32f3xx_hal_dma.o
 .debug_macro   0x0001555b       0x10 Drivers/STM32F3xx_HAL_Driver/Src/stm32f3xx_hal_dma.o
 .debug_macro   0x0001556b       0x40 Drivers/STM32F3xx_HAL_Driver/Src/stm32f3xx_hal_dma.o
 .debug_macro   0x000155ab       0xd7 Drivers/STM32F3xx_HAL_Driver/Src/stm32f3xx_hal_dma.o
 .debug_macro   0x00015682       0x1c Drivers/STM32F3xx_HAL_Driver/Src/stm32f3xx_hal_dma.o
 .debug_macro   0x0001569e       0x3d Drivers/STM32F3xx_HAL_Driver/Src/stm32f3xx_hal_dma.o
 .debug_macro   0x000156db       0x16 Drivers/STM32F3xx_HAL_Driver/Src/stm32f3xx_hal_dma.o
 .debug_macro   0x000156f1      0x16f Drivers/STM32F3xx_HAL_Driver/Src/stm32f3xx_hal_dma.o
 .debug_macro   0x00015860       0x49 Drivers/STM32F3xx_HAL_Driver/Src/stm32f3xx_hal_dma.o
 .debug_macro   0x000158a9      0x968 Drivers/STM32F3xx_HAL_Driver/Src/stm32f3xx_hal_dma.o
 .debug_macro   0x00016211      0x5fe Drivers/STM32F3xx_HAL_Driver/Src/stm32f3xx_hal_dma.o
 .debug_macro   0x0001680f      0x13a Drivers/STM32F3xx_HAL_Driver/Src/stm32f3xx_hal_dma.o
 .debug_macro   0x00016949      0x1fb Drivers/STM32F3xx_HAL_Driver/Src/stm32f3xx_hal_dma.o
 .debug_macro   0x00016b44      0x1bc Drivers/STM32F3xx_HAL_Driver/Src/stm32f3xx_hal_dma.o
 .debug_macro   0x00016d00       0x31 Drivers/STM32F3xx_HAL_Driver/Src/stm32f3xx_hal_dma.o
 .debug_macro   0x00016d31       0x3c Drivers/STM32F3xx_HAL_Driver/Src/stm32f3xx_hal_dma.o
 .debug_macro   0x00016d6d      0x23a Drivers/STM32F3xx_HAL_Driver/Src/stm32f3xx_hal_dma.o
 .debug_macro   0x00016fa7      0x391 Drivers/STM32F3xx_HAL_Driver/Src/stm32f3xx_hal_dma.o
 .debug_macro   0x00017338       0xcb Drivers/STM32F3xx_HAL_Driver/Src/stm32f3xx_hal_dma.o
 .debug_macro   0x00017403      0x22b Drivers/STM32F3xx_HAL_Driver/Src/stm32f3xx_hal_dma.o
 .debug_macro   0x0001762e      0x209 Drivers/STM32F3xx_HAL_Driver/Src/stm32f3xx_hal_dma.o
 .debug_macro   0x00017837       0x5b Drivers/STM32F3xx_HAL_Driver/Src/stm32f3xx_hal_dma.o
 .debug_macro   0x00017892       0x90 Drivers/STM32F3xx_HAL_Driver/Src/stm32f3xx_hal_dma.o
 .debug_macro   0x00017922       0x28 Drivers/STM32F3xx_HAL_Driver/Src/stm32f3xx_hal_dma.o
 .debug_macro   0x0001794a      0x265 Drivers/STM32F3xx_HAL_Driver/Src/stm32f3xx_hal_dma.o
 .debug_macro   0x00017baf       0x82 Drivers/STM32F3xx_HAL_Driver/Src/stm32f3xx_hal_dma.o
 .debug_macro   0x00017c31       0xd3 Drivers/STM32F3xx_HAL_Driver/Src/stm32f3xx_hal_dma.o
 .debug_macro   0x00017d04      0x6af Drivers/STM32F3xx_HAL_Driver/Src/stm32f3xx_hal_dma.o
 .debug_macro   0x000183b3      0x38a Drivers/STM32F3xx_HAL_Driver/Src/stm32f3xx_hal_dma.o
 .debug_macro   0x0001873d      0x277 Drivers/STM32F3xx_HAL_Driver/Src/stm32f3xx_hal_dma.o
 .debug_macro   0x000189b4      0x33d Drivers/STM32F3xx_HAL_Driver/Src/stm32f3xx_hal_tim_ex.o
 .debug_macro   0x00018cf1      0x331 Drivers/STM32F3xx_HAL_Driver/Src/stm32f3xx_hal_cortex.o
 .debug_macro   0x00019022      0x369 Drivers/STM32F3xx_HAL_Driver/Src/stm32f3xx_hal_gpio.o
 .debug_macro   0x0001938b      0x331 Drivers/STM32F3xx_HAL_Driver/Src/stm32f3xx_hal_pcd_ex.o
 .debug_macro   0x000196bc      0x331 Drivers/STM32F3xx_HAL_Driver/Src/stm32f3xx_hal_tim.o
 .debug_macro   0x000199ed      0x355 Drivers/STM32F3xx_HAL_Driver/Src/stm32f3xx_hal.o
 .debug_macro   0x00019d42      0x331 Drivers/STM32F3xx_HAL_Driver/Src/stm32f3xx_hal_rcc_ex.o
 .debug_macro   0x0001a073      0x337 Drivers/STM32F3xx_HAL_Driver/Src/stm32f3xx_hal_pcd.o
 .debug_macro   0x0001a3aa      0x355 Drivers/STM32F3xx_HAL_Driver/Src/stm32f3xx_hal_rcc.o
 .debug_macro   0x0001a6ff      0x338 Drivers/STM32F3xx_HAL_Driver/Src/stm32f3xx_hal_can.o
 .debug_macro   0x0001aa37      0x3d4 Middlewares/ST/STM32_USB_Device_Library/Core/Src/usbd_ioreq.o
 .debug_macro   0x0001ae0b       0x58 Middlewares/ST/STM32_USB_Device_Library/Core/Src/usbd_ioreq.o
 .debug_macro   0x0001ae63       0x94 Middlewares/ST/STM32_USB_Device_Library/Core/Src/usbd_ioreq.o
 .debug_macro   0x0001aef7       0x57 Middlewares/ST/STM32_USB_Device_Library/Core/Src/usbd_ioreq.o
 .debug_macro   0x0001af4e       0x16 Middlewares/ST/STM32_USB_Device_Library/Core/Src/usbd_ioreq.o
 .debug_macro   0x0001af64       0x35 Middlewares/ST/STM32_USB_Device_Library/Core/Src/usbd_ioreq.o
 .debug_macro   0x0001af99       0x16 Middlewares/ST/STM32_USB_Device_Library/Core/Src/usbd_ioreq.o
 .debug_macro   0x0001afaf       0x29 Middlewares/ST/STM32_USB_Device_Library/Core/Src/usbd_ioreq.o
 .debug_macro   0x0001afd8       0x16 Middlewares/ST/STM32_USB_Device_Library/Core/Src/usbd_ioreq.o
 .debug_macro   0x0001afee       0x64 Middlewares/ST/STM32_USB_Device_Library/Core/Src/usbd_ioreq.o
 .debug_macro   0x0001b052      0x1c3 Middlewares/ST/STM32_USB_Device_Library/Core/Src/usbd_ioreq.o
 .debug_macro   0x0001b215      0x3d8 Middlewares/ST/STM32_USB_Device_Library/Core/Src/usbd_ctlreq.o
 .debug_macro   0x0001b5ed      0x3d8 Middlewares/ST/STM32_USB_Device_Library/Core/Src/usbd_core.o
 .debug_macro   0x0001b9c5      0x3f1 Middlewares/ST/STM32_USB_Device_Library/Class/CDC/Src/usbd_cdc.o
 .debug_macro   0x0001bdb6       0x83 Middlewares/ST/STM32_USB_Device_Library/Class/CDC/Src/usbd_cdc.o
 .debug_macro   0x0001be39      0x320 Middlewares/Third_Party/FreeRTOS/Source/tasks.o
 .debug_macro   0x0001c159      0x10e Middlewares/Third_Party/FreeRTOS/Source/tasks.o
 .debug_macro   0x0001c267       0x8d Middlewares/Third_Party/FreeRTOS/Source/tasks.o
 .debug_macro   0x0001c2f4       0xd8 Middlewares/Third_Party/FreeRTOS/Source/tasks.o
 .debug_macro   0x0001c3cc       0x58 Middlewares/Third_Party/FreeRTOS/Source/tasks.o
 .debug_macro   0x0001c424      0x13f Middlewares/Third_Party/FreeRTOS/Source/tasks.o
 .debug_macro   0x0001c563       0x3b Middlewares/Third_Party/FreeRTOS/Source/tasks.o
 .debug_macro   0x0001c59e       0x6a Middlewares/Third_Party/FreeRTOS/Source/tasks.o
 .debug_macro   0x0001c608       0xca Middlewares/Third_Party/FreeRTOS/Source/tasks.o
 .debug_macro   0x0001c6d2       0x88 Middlewares/Third_Party/FreeRTOS/Source/tasks.o
 .debug_macro   0x0001c75a      0x71b Middlewares/Third_Party/FreeRTOS/Source/tasks.o
 .debug_macro   0x0001ce75      0x185 Middlewares/Third_Party/FreeRTOS/Source/tasks.o
 .debug_macro   0x0001cffa      0x168 Middlewares/Third_Party/FreeRTOS/Source/tasks.o
 .debug_macro   0x0001d162       0xe4 Middlewares/Third_Party/FreeRTOS/Source/tasks.o
 .debug_macro   0x0001d246       0x10 Middlewares/Third_Party/FreeRTOS/Source/tasks.o
 .debug_macro   0x0001d256       0x1f Middlewares/Third_Party/FreeRTOS/Source/tasks.o
 .debug_macro   0x0001d275      0x248 Middlewares/Third_Party/FreeRTOS/Source/tasks.o
 .debug_macro   0x0001d4bd       0xc0 Middlewares/Third_Party/FreeRTOS/Source/tasks.o
 .debug_macro   0x0001d57d       0x8c Middlewares/Third_Party/FreeRTOS/Source/tasks.o
 .debug_macro   0x0001d609       0x91 Middlewares/Third_Party/FreeRTOS/Source/tasks.o
 .debug_macro   0x0001d69a       0x11 Middlewares/Third_Party/FreeRTOS/Source/tasks.o
 .debug_macro   0x0001d6ab      0x237 Middlewares/Third_Party/FreeRTOS/Source/list.o
 .debug_macro   0x0001d8e2      0x2bd Middlewares/Third_Party/FreeRTOS/Source/queue.o
 .debug_macro   0x0001db9f       0x94 Middlewares/Third_Party/FreeRTOS/Source/queue.o
 .debug_macro   0x0001dc33      0x2a6 Middlewares/Third_Party/FreeRTOS/Source/CMSIS_RTOS/cmsis_os.o
 .debug_macro   0x0001ded9       0x10 Middlewares/Third_Party/FreeRTOS/Source/CMSIS_RTOS/cmsis_os.o
 .debug_macro   0x0001dee9       0x63 Middlewares/Third_Party/FreeRTOS/Source/CMSIS_RTOS/cmsis_os.o
 .debug_macro   0x0001df4c       0xcf Middlewares/Third_Party/FreeRTOS/Source/CMSIS_RTOS/cmsis_os.o
 .debug_macro   0x0001e01b      0x25a Middlewares/Third_Party/FreeRTOS/Source/portable/GCC/ARM_CM4F/port.o
 .debug_macro   0x0001e275      0x25e Middlewares/Third_Party/FreeRTOS/Source/portable/MemMang/heap_4.o
 .debug_macro   0x0001e4d3      0x331 Src/stm32f3xx_hal_msp.o
 .debug_macro   0x0001e804      0x412 Src/usbd_desc.o
 .debug_macro   0x0001ec16      0x331 Src/stm32f3xx_hal_timebase_TIM.o
 .debug_macro   0x0001ef47      0x40f Src/usb_device.o
 .debug_macro   0x0001f356      0x531 Src/main.o
 .debug_macro   0x0001f887       0xde Src/main.o
 .debug_macro   0x0001f965       0x4c Src/main.o
 .debug_macro   0x0001f9b1       0x5e Src/main.o
 .debug_macro   0x0001fa0f      0x337 Src/system_stm32f3xx.o
 .debug_macro   0x0001fd46      0x463 Src/stm32f3xx_it.o
 .debug_macro   0x000201a9      0x3f1 Src/usbd_conf.o
 .debug_macro   0x0002059a      0x4c5 Src/usbd_cdc_if.o
 .debug_macro   0x00020a5f      0x245 TracealyzerLib/trcSnapshotRecorder.o
 .debug_macro   0x00020ca4       0xd8 TracealyzerLib/trcSnapshotRecorder.o
 .debug_macro   0x00020d7c      0x367 TracealyzerLib/trcSnapshotRecorder.o
 .debug_macro   0x000210e3      0x196 TracealyzerLib/trcKernelPort.o

.debug_line     0x00000000    0x115af
 .debug_line    0x00000000      0x7f6 Drivers/STM32F3xx_HAL_Driver/Src/stm32f3xx_hal_dma.o
 .debug_line    0x000007f6      0xb89 Drivers/STM32F3xx_HAL_Driver/Src/stm32f3xx_hal_tim_ex.o
 .debug_line    0x0000137f      0x78d Drivers/STM32F3xx_HAL_Driver/Src/stm32f3xx_hal_cortex.o
 .debug_line    0x00001b0c      0x74a Drivers/STM32F3xx_HAL_Driver/Src/stm32f3xx_hal_gpio.o
 .debug_line    0x00002256      0x6b8 Drivers/STM32F3xx_HAL_Driver/Src/stm32f3xx_hal_pcd_ex.o
 .debug_line    0x0000290e     0x12be Drivers/STM32F3xx_HAL_Driver/Src/stm32f3xx_hal_tim.o
 .debug_line    0x00003bcc      0x6c2 Drivers/STM32F3xx_HAL_Driver/Src/stm32f3xx_hal.o
 .debug_line    0x0000428e      0x8c7 Drivers/STM32F3xx_HAL_Driver/Src/stm32f3xx_hal_rcc_ex.o
 .debug_line    0x00004b55      0xa55 Drivers/STM32F3xx_HAL_Driver/Src/stm32f3xx_hal_pcd.o
 .debug_line    0x000055aa      0xa5a Drivers/STM32F3xx_HAL_Driver/Src/stm32f3xx_hal_rcc.o
 .debug_line    0x00006004      0xb11 Drivers/STM32F3xx_HAL_Driver/Src/stm32f3xx_hal_can.o
 .debug_line    0x00006b15      0x754 Middlewares/ST/STM32_USB_Device_Library/Core/Src/usbd_ioreq.o
 .debug_line    0x00007269      0x89a Middlewares/ST/STM32_USB_Device_Library/Core/Src/usbd_ctlreq.o
 .debug_line    0x00007b03      0x82a Middlewares/ST/STM32_USB_Device_Library/Core/Src/usbd_core.o
 .debug_line    0x0000832d      0x848 Middlewares/ST/STM32_USB_Device_Library/Class/CDC/Src/usbd_cdc.o
 .debug_line    0x00008b75      0xdaa Middlewares/Third_Party/FreeRTOS/Source/tasks.o
 .debug_line    0x0000991f      0x551 Middlewares/Third_Party/FreeRTOS/Source/list.o
 .debug_line    0x00009e70      0xb29 Middlewares/Third_Party/FreeRTOS/Source/queue.o
 .debug_line    0x0000a999      0x8d0 Middlewares/Third_Party/FreeRTOS/Source/CMSIS_RTOS/cmsis_os.o
 .debug_line    0x0000b269      0x551 Middlewares/Third_Party/FreeRTOS/Source/portable/GCC/ARM_CM4F/port.o
 .debug_line    0x0000b7ba      0x5f5 Middlewares/Third_Party/FreeRTOS/Source/portable/MemMang/heap_4.o
 .debug_line    0x0000bdaf      0x655 Src/stm32f3xx_hal_msp.o
 .debug_line    0x0000c404      0x73f Src/usbd_desc.o
 .debug_line    0x0000cb43      0x656 Src/stm32f3xx_hal_timebase_TIM.o
 .debug_line    0x0000d199      0x77a Src/usb_device.o
 .debug_line    0x0000d913      0xa35 Src/main.o
 .debug_line    0x0000e348      0x65c Src/system_stm32f3xx.o
 .debug_line    0x0000e9a4      0x871 Src/stm32f3xx_it.o
 .debug_line    0x0000f215      0x85c Src/usbd_conf.o
 .debug_line    0x0000fa71      0x931 Src/usbd_cdc_if.o
 .debug_line    0x000103a2      0xc87 TracealyzerLib/trcSnapshotRecorder.o
 .debug_line    0x00011029      0x50a TracealyzerLib/trcKernelPort.o
 .debug_line    0x00011533       0x7c startup/startup_stm32f303xc.o

.debug_str      0x00000000    0xaa990
 .debug_str     0x00000000    0x95658 Drivers/STM32F3xx_HAL_Driver/Src/stm32f3xx_hal_dma.o
                              0x958e9 (size before relaxing)
 .debug_str     0x00095658      0xa30 Drivers/STM32F3xx_HAL_Driver/Src/stm32f3xx_hal_tim_ex.o
                              0x960e4 (size before relaxing)
 .debug_str     0x00096088      0x751 Drivers/STM32F3xx_HAL_Driver/Src/stm32f3xx_hal_cortex.o
                              0x95df7 (size before relaxing)
 .debug_str     0x000967d9      0x2f3 Drivers/STM32F3xx_HAL_Driver/Src/stm32f3xx_hal_gpio.o
                              0x957cf (size before relaxing)
 .debug_str     0x00096acc      0x2e8 Drivers/STM32F3xx_HAL_Driver/Src/stm32f3xx_hal_pcd_ex.o
                              0x95829 (size before relaxing)
 .debug_str     0x00096db4      0xb12 Drivers/STM32F3xx_HAL_Driver/Src/stm32f3xx_hal_tim.o
                              0x9667e (size before relaxing)
 .debug_str     0x000978c6      0x40c Drivers/STM32F3xx_HAL_Driver/Src/stm32f3xx_hal.o
                              0x95db8 (size before relaxing)
 .debug_str     0x00097cd2      0x2be Drivers/STM32F3xx_HAL_Driver/Src/stm32f3xx_hal_rcc_ex.o
                              0x957e3 (size before relaxing)
 .debug_str     0x00097f90      0x39e Drivers/STM32F3xx_HAL_Driver/Src/stm32f3xx_hal_pcd.o
                              0x95b41 (size before relaxing)
 .debug_str     0x0009832e      0x378 Drivers/STM32F3xx_HAL_Driver/Src/stm32f3xx_hal_rcc.o
                              0x959d9 (size before relaxing)
 .debug_str     0x000986a6      0x4cb Drivers/STM32F3xx_HAL_Driver/Src/stm32f3xx_hal_can.o
                              0x95a52 (size before relaxing)
 .debug_str     0x00098b71      0xe3c Middlewares/ST/STM32_USB_Device_Library/Core/Src/usbd_ioreq.o
                              0x96343 (size before relaxing)
 .debug_str     0x000999ad      0x1ae Middlewares/ST/STM32_USB_Device_Library/Core/Src/usbd_ctlreq.o
                              0x96416 (size before relaxing)
 .debug_str     0x00099b5b      0x1be Middlewares/ST/STM32_USB_Device_Library/Core/Src/usbd_core.o
                              0x964fc (size before relaxing)
 .debug_str     0x00099d19      0x53d Middlewares/ST/STM32_USB_Device_Library/Class/CDC/Src/usbd_cdc.o
                              0x9683b (size before relaxing)
 .debug_str     0x0009a256     0xc21a Middlewares/Third_Party/FreeRTOS/Source/tasks.o
                              0x7ec28 (size before relaxing)
 .debug_str     0x000a6470       0x70 Middlewares/Third_Party/FreeRTOS/Source/list.o
                              0x7c884 (size before relaxing)
 .debug_str     0x000a64e0      0xf7b Middlewares/Third_Party/FreeRTOS/Source/queue.o
                              0x7e07c (size before relaxing)
 .debug_str     0x000a745b     0x138e Middlewares/Third_Party/FreeRTOS/Source/CMSIS_RTOS/cmsis_os.o
                              0x7f374 (size before relaxing)
 .debug_str     0x000a87e9      0x779 Middlewares/Third_Party/FreeRTOS/Source/portable/GCC/ARM_CM4F/port.o
                              0x7a96f (size before relaxing)
 .debug_str     0x000a8f62      0x258 Middlewares/Third_Party/FreeRTOS/Source/portable/MemMang/heap_4.o
                              0x7cfca (size before relaxing)
 .debug_str     0x000a91ba       0x28 Src/stm32f3xx_hal_msp.o
                              0x95d06 (size before relaxing)
 .debug_str     0x000a91e2      0x210 Src/usbd_desc.o
                              0x961ce (size before relaxing)
 .debug_str     0x000a93f2       0x5e Src/stm32f3xx_hal_timebase_TIM.o
                              0x95e4f (size before relaxing)
 .debug_str     0x000a9450       0x6e Src/usb_device.o
                              0x965b3 (size before relaxing)
 .debug_str     0x000a94be      0x3a4 Src/main.o
                              0xa38fe (size before relaxing)
 .debug_str     0x000a9862       0x61 Src/system_stm32f3xx.o
                              0x95572 (size before relaxing)
 .debug_str     0x000a98c3       0xc8 Src/stm32f3xx_it.o
                              0xa1fff (size before relaxing)
 .debug_str     0x000a998b       0x4e Src/usbd_conf.o